Component: ARM Compiler 5.06 update 6 (build 750) Tool: armlink [4d35ed]

==============================================================================

Section Cross References

    startup_stm32f446xx.o(RESET) refers to startup_stm32f446xx.o(STACK) for __initial_sp
    startup_stm32f446xx.o(RESET) refers to startup_stm32f446xx.o(.text) for Reset_Handler
    startup_stm32f446xx.o(RESET) refers to stm32f4xx_it.o(i.NMI_Handler) for NMI_Handler
    startup_stm32f446xx.o(RESET) refers to stm32f4xx_it.o(i.HardFault_Handler) for HardFault_Handler
    startup_stm32f446xx.o(RESET) refers to stm32f4xx_it.o(i.MemManage_Handler) for MemManage_Handler
    startup_stm32f446xx.o(RESET) refers to stm32f4xx_it.o(i.BusFault_Handler) for BusFault_Handler
    startup_stm32f446xx.o(RESET) refers to stm32f4xx_it.o(i.UsageFault_Handler) for UsageFault_Handler
    startup_stm32f446xx.o(RESET) refers to stm32f4xx_it.o(i.SVC_Handler) for SVC_Handler
    startup_stm32f446xx.o(RESET) refers to stm32f4xx_it.o(i.DebugMon_Handler) for DebugMon_Handler
    startup_stm32f446xx.o(RESET) refers to stm32f4xx_it.o(i.PendSV_Handler) for PendSV_Handler
    startup_stm32f446xx.o(RESET) refers to stm32f4xx_it.o(i.SysTick_Handler) for SysTick_Handler
    startup_stm32f446xx.o(RESET) refers to stm32f4xx_it.o(i.EXTI0_IRQHandler) for EXTI0_IRQHandler
    startup_stm32f446xx.o(.text) refers to system_stm32f4xx.o(i.SystemInit) for SystemInit
    startup_stm32f446xx.o(.text) refers to entry.o(.ARM.Collect$$$$00000000) for __main
    main.o(i.SystemClock_Config) refers to memseta.o(.text) for __aeabi_memclr4
    main.o(i.SystemClock_Config) refers to stm32f4xx_hal_rcc_ex.o(i.HAL_RCC_OscConfig) for HAL_RCC_OscConfig
    main.o(i.SystemClock_Config) refers to stm32f4xx_hal_rcc.o(i.HAL_RCC_ClockConfig) for HAL_RCC_ClockConfig
    main.o(i.main) refers to stm32f4xx_hal.o(i.HAL_Init) for HAL_Init
    main.o(i.main) refers to main.o(i.SystemClock_Config) for SystemClock_Config
    main.o(i.main) refers to gpio.o(i.MX_GPIO_Init) for MX_GPIO_Init
    main.o(i.main) refers to app_bluenrg_ms.o(i.MX_BlueNRG_MS_Init) for MX_BlueNRG_MS_Init
    main.o(i.main) refers to app_bluenrg_ms.o(i.MX_BlueNRG_MS_Process) for MX_BlueNRG_MS_Process
    gpio.o(i.MX_GPIO_Init) refers to memseta.o(.text) for __aeabi_memclr4
    gpio.o(i.MX_GPIO_Init) refers to stm32f4xx_hal_gpio.o(i.HAL_GPIO_WritePin) for HAL_GPIO_WritePin
    gpio.o(i.MX_GPIO_Init) refers to stm32f4xx_hal_gpio.o(i.HAL_GPIO_Init) for HAL_GPIO_Init
    gpio.o(i.MX_GPIO_Init) refers to stm32f4xx_hal_cortex.o(i.HAL_NVIC_SetPriority) for HAL_NVIC_SetPriority
    gpio.o(i.MX_GPIO_Init) refers to stm32f4xx_hal_cortex.o(i.HAL_NVIC_EnableIRQ) for HAL_NVIC_EnableIRQ
    hci_tl_interface.o(i.HCI_TL_SPI_DeInit) refers to stm32f4xx_hal_gpio.o(i.HAL_GPIO_DeInit) for HAL_GPIO_DeInit
    hci_tl_interface.o(i.HCI_TL_SPI_Init) refers to stm32f4xx_hal_gpio.o(i.HAL_GPIO_Init) for HAL_GPIO_Init
    hci_tl_interface.o(i.HCI_TL_SPI_Init) refers to stm32f4xx_nucleo_bus.o(i.BSP_SPI1_Init) for BSP_SPI1_Init
    hci_tl_interface.o(i.HCI_TL_SPI_Receive) refers to stm32f4xx_hal_gpio.o(i.HAL_GPIO_WritePin) for HAL_GPIO_WritePin
    hci_tl_interface.o(i.HCI_TL_SPI_Receive) refers to stm32f4xx_nucleo_bus.o(i.BSP_SPI1_SendRecv) for BSP_SPI1_SendRecv
    hci_tl_interface.o(i.HCI_TL_SPI_Reset) refers to stm32f4xx_hal_gpio.o(i.HAL_GPIO_WritePin) for HAL_GPIO_WritePin
    hci_tl_interface.o(i.HCI_TL_SPI_Reset) refers to stm32f4xx_hal.o(i.HAL_Delay) for HAL_Delay
    hci_tl_interface.o(i.HCI_TL_SPI_Send) refers to stm32f4xx_hal.o(i.HAL_GetTick) for HAL_GetTick
    hci_tl_interface.o(i.HCI_TL_SPI_Send) refers to stm32f4xx_hal_gpio.o(i.HAL_GPIO_WritePin) for HAL_GPIO_WritePin
    hci_tl_interface.o(i.HCI_TL_SPI_Send) refers to stm32f4xx_nucleo_bus.o(i.BSP_SPI1_SendRecv) for BSP_SPI1_SendRecv
    hci_tl_interface.o(i.HCI_TL_SPI_Send) refers to hci_tl_interface.o(.bss) for .bss
    hci_tl_interface.o(i.hci_tl_lowlevel_init) refers to hci_tl.o(i.hci_register_io_bus) for hci_register_io_bus
    hci_tl_interface.o(i.hci_tl_lowlevel_init) refers to stm32f4xx_hal_exti.o(i.HAL_EXTI_GetHandle) for HAL_EXTI_GetHandle
    hci_tl_interface.o(i.hci_tl_lowlevel_init) refers to stm32f4xx_hal_exti.o(i.HAL_EXTI_RegisterCallback) for HAL_EXTI_RegisterCallback
    hci_tl_interface.o(i.hci_tl_lowlevel_init) refers to stm32f4xx_hal_cortex.o(i.HAL_NVIC_SetPriority) for HAL_NVIC_SetPriority
    hci_tl_interface.o(i.hci_tl_lowlevel_init) refers to stm32f4xx_hal_cortex.o(i.HAL_NVIC_EnableIRQ) for HAL_NVIC_EnableIRQ
    hci_tl_interface.o(i.hci_tl_lowlevel_init) refers to hci_tl_interface.o(i.HCI_TL_SPI_Init) for HCI_TL_SPI_Init
    hci_tl_interface.o(i.hci_tl_lowlevel_init) refers to hci_tl_interface.o(i.HCI_TL_SPI_DeInit) for HCI_TL_SPI_DeInit
    hci_tl_interface.o(i.hci_tl_lowlevel_init) refers to hci_tl_interface.o(i.HCI_TL_SPI_Send) for HCI_TL_SPI_Send
    hci_tl_interface.o(i.hci_tl_lowlevel_init) refers to hci_tl_interface.o(i.HCI_TL_SPI_Receive) for HCI_TL_SPI_Receive
[...]
    Removing stm32f4xx_hal_uart.o(i.UART_DMAAbortOnError), (16 bytes).
    Removing stm32f4xx_hal_uart.o(i.UART_DMAError), (74 bytes).
    Removing stm32f4xx_hal_uart.o(i.UART_DMAReceiveCplt), (60 bytes).
    Removing stm32f4xx_hal_uart.o(i.UART_DMARxAbortCallback), (42 bytes).
    Removing stm32f4xx_hal_uart.o(i.UART_DMARxHalfCplt), (10 bytes).
    Removing stm32f4xx_hal_uart.o(i.UART_DMARxOnlyAbortCallback), (20 bytes).
    Removing stm32f4xx_hal_uart.o(i.UART_DMATransmitCplt), (46 bytes).
    Removing stm32f4xx_hal_uart.o(i.UART_DMATxAbortCallback), (42 bytes).
    Removing stm32f4xx_hal_uart.o(i.UART_DMATxHalfCplt), (10 bytes).
    Removing stm32f4xx_hal_uart.o(i.UART_DMATxOnlyAbortCallback), (20 bytes).
    Removing stm32f4xx_hal_uart.o(i.UART_EndRxTransfer), (28 bytes).
    Removing stm32f4xx_hal_uart.o(i.UART_EndTxTransfer), (18 bytes).
    Removing stm32f4xx_hal_uart.o(i.UART_Receive_IT), (150 bytes).
    Removing stm32f4xx_hal_uart.o(i.UART_Transmit_IT), (98 bytes).
    Removing stm32f4xx_hal_uart.o(i.UART_WaitOnFlagUntilTimeout), (100 bytes).
    Removing stm32f4xx_hal_tim.o(.rev16_text), (4 bytes).
    Removing stm32f4xx_hal_tim.o(.revsh_text), (4 bytes).
    Removing stm32f4xx_hal_tim.o(.rrx_text), (6 bytes).
    Removing stm32f4xx_hal_tim_ex.o(.rev16_text), (4 bytes).
    Removing stm32f4xx_hal_tim_ex.o(.revsh_text), (4 bytes).
    Removing stm32f4xx_hal_tim_ex.o(.rrx_text), (6 bytes).
    Removing system_stm32f4xx.o(.rev16_text), (4 bytes).
    Removing system_stm32f4xx.o(.revsh_text), (4 bytes).
    Removing system_stm32f4xx.o(.rrx_text), (6 bytes).
    Removing system_stm32f4xx.o(i.SystemCoreClockUpdate), (120 bytes).
    Removing hci_tl.o(.rev16_text), (4 bytes).
    Removing hci_tl.o(.revsh_text), (4 bytes).
    Removing hci_tl.o(.rrx_text), (6 bytes).
    Removing hci_le.o(.rev16_text), (4 bytes).
    Removing hci_le.o(.revsh_text), (4 bytes).
    Removing hci_le.o(.rrx_text), (6 bytes).
    Removing hci_le.o(i.hci_disconnect), (74 bytes).
    Removing hci_le.o(i.hci_le_add_device_to_white_list), (80 bytes).
    Removing hci_le.o(i.hci_le_clear_white_list), (56 bytes).
    Removing hci_le.o(i.hci_le_create_connection), (168 bytes).
    Removing hci_le.o(i.hci_le_create_connection_cancel), (56 bytes).
    Removing hci_le.o(i.hci_le_encrypt), (114 bytes).
    Removing hci_le.o(i.hci_le_ltk_request_neg_reply), (74 bytes).
    Removing hci_le.o(i.hci_le_ltk_request_reply), (84 bytes).
    Removing hci_le.o(i.hci_le_rand), (88 bytes).
    Removing hci_le.o(i.hci_le_read_advertising_channel_tx_power), (78 bytes).
    Removing hci_le.o(i.hci_le_read_buffer_size), (86 bytes).
    Removing hci_le.o(i.hci_le_read_channel_map), (92 bytes).
    Removing hci_le.o(i.hci_le_read_local_supported_features), (84 bytes).
    Removing hci_le.o(i.hci_le_read_supported_states), (84 bytes).
    Removing hci_le.o(i.hci_le_read_white_list_size), (74 bytes).
    Removing hci_le.o(i.hci_le_receiver_test), (66 bytes).
    Removing hci_le.o(i.hci_le_remove_device_from_white_list), (80 bytes).
    Removing hci_le.o(i.hci_le_set_advertise_enable), (74 bytes).
    Removing hci_le.o(i.hci_le_set_advertising_data), (94 bytes).
    Removing hci_le.o(i.hci_le_set_advertising_parameters), (134 bytes).
    Removing hci_le.o(i.hci_le_set_random_address), (80 bytes).
    Removing hci_le.o(i.hci_le_set_scan_enable), (80 bytes).
    Removing hci_le.o(i.hci_le_set_scan_parameters), (92 bytes).
    Removing hci_le.o(i.hci_le_test_end), (74 bytes).
    Removing hci_le.o(i.hci_le_transmitter_test), (76 bytes).
    Removing hci_le.o(i.hci_read_bd_addr), (86 bytes).
    Removing hci_le.o(i.hci_read_rssi), (94 bytes).
    Removing hci_le.o(i.hci_read_transmit_power_level), (98 bytes).
    Removing bluenrg_gap_aci.o(.rev16_text), (4 bytes).
    Removing bluenrg_gap_aci.o(.revsh_text), (4 bytes).
    Removing bluenrg_gap_aci.o(.rrx_text), (6 bytes).
    Removing bluenrg_gap_aci.o(i.aci_gap_allow_rebond_IDB04A1), (56 bytes).
    Removing bluenrg_gap_aci.o(i.aci_gap_allow_rebond_IDB05A1), (68 bytes).
    Removing bluenrg_gap_aci.o(i.aci_gap_authorization_response), (72 bytes).
    Removing bluenrg_gap_aci.o(i.aci_gap_clear_security_database), (56 bytes).
    Removing bluenrg_gap_aci.o(i.aci_gap_configure_whitelist), (56 bytes).
    Removing bluenrg_gap_aci.o(i.aci_gap_create_connection), (132 bytes).
    Removing bluenrg_gap_aci.o(i.aci_gap_delete_ad_type), (66 bytes).
    Removing bluenrg_gap_aci.o(i.aci_gap_get_bonded_devices), (98 bytes).
    Removing bluenrg_gap_aci.o(i.aci_gap_get_security_level), (102 bytes).
    Removing bluenrg_gap_aci.o(i.aci_gap_is_device_bonded), (80 bytes).
    Removing bluenrg_gap_aci.o(i.aci_gap_pass_key_response), (76 bytes).
    Removing bluenrg_gap_aci.o(i.aci_gap_resolve_private_address_IDB04A1), (74 bytes).
    Removing bluenrg_gap_aci.o(i.aci_gap_resolve_private_address_IDB05A1), (94 bytes).
    Removing bluenrg_gap_aci.o(i.aci_gap_send_pairing_request), (76 bytes).
    Removing bluenrg_gap_aci.o(i.aci_gap_set_author_requirement), (72 bytes).
    Removing bluenrg_gap_aci.o(i.aci_gap_set_broadcast_mode), (154 bytes).
    Removing bluenrg_gap_aci.o(i.aci_gap_set_direct_connectable_IDB04A1), (84 bytes).
    Removing bluenrg_gap_aci.o(i.aci_gap_set_direct_connectable_IDB05A1), (100 bytes).
    Removing bluenrg_gap_aci.o(i.aci_gap_set_io_capability), (66 bytes).
    Removing bluenrg_gap_aci.o(i.aci_gap_set_limited_discoverable), (194 bytes).
    Removing bluenrg_gap_aci.o(i.aci_gap_set_non_connectable_IDB04A1), (66 bytes).
    Removing bluenrg_gap_aci.o(i.aci_gap_set_non_connectable_IDB05A1), (72 bytes).
    Removing bluenrg_gap_aci.o(i.aci_gap_set_non_discoverable), (56 bytes).
    Removing bluenrg_gap_aci.o(i.aci_gap_set_undirected_connectable), (72 bytes).
    Removing bluenrg_gap_aci.o(i.aci_gap_slave_security_request), (80 bytes).
    Removing bluenrg_gap_aci.o(i.aci_gap_start_auto_conn_establish_proc_IDB04A1), (240 bytes).
    Removing bluenrg_gap_aci.o(i.aci_gap_start_auto_conn_establish_proc_IDB05A1), (220 bytes).
    Removing bluenrg_gap_aci.o(i.aci_gap_start_connection_update), (104 bytes).
    Removing bluenrg_gap_aci.o(i.aci_gap_start_general_conn_establish_proc_IDB04A1), (110 bytes).
    Removing bluenrg_gap_aci.o(i.aci_gap_start_general_conn_establish_proc_IDB05A1), (90 bytes).
    Removing bluenrg_gap_aci.o(i.aci_gap_start_general_discovery_proc), (84 bytes).
    Removing bluenrg_gap_aci.o(i.aci_gap_start_limited_discovery_proc), (84 bytes).
    Removing bluenrg_gap_aci.o(i.aci_gap_start_name_discovery_proc), (132 bytes).
    Removing bluenrg_gap_aci.o(i.aci_gap_start_observation_procedure), (90 bytes).
    Removing bluenrg_gap_aci.o(i.aci_gap_start_selective_conn_establish_proc), (124 bytes).
    Removing bluenrg_gap_aci.o(i.aci_gap_terminate), (76 bytes).
    Removing bluenrg_gap_aci.o(i.aci_gap_terminate_gap_procedure), (62 bytes).
    Removing bluenrg_gap_aci.o(i.aci_gap_update_adv_data), (88 bytes).
    Removing bluenrg_gatt_aci.o(.rev16_text), (4 bytes).
    Removing bluenrg_gatt_aci.o(.revsh_text), (4 bytes).
    Removing bluenrg_gatt_aci.o(.rrx_text), (6 bytes).
    Removing bluenrg_gatt_aci.o(i.aci_att_execute_write_req), (74 bytes).
    Removing bluenrg_gatt_aci.o(i.aci_att_find_by_type_value_req), (112 bytes).
    Removing bluenrg_gatt_aci.o(i.aci_att_find_information_req), (78 bytes).
    Removing bluenrg_gatt_aci.o(i.aci_att_prepare_write_req), (104 bytes).
    Removing bluenrg_gatt_aci.o(i.aci_att_read_by_group_type_req), (104 bytes).
    Removing bluenrg_gatt_aci.o(i.aci_att_read_by_type_req), (104 bytes).
    Removing bluenrg_gatt_aci.o(i.aci_gatt_confirm_indication), (70 bytes).
    Removing bluenrg_gatt_aci.o(i.aci_gatt_del_char), (74 bytes).
    Removing bluenrg_gatt_aci.o(i.aci_gatt_del_include_service), (74 bytes).
    Removing bluenrg_gatt_aci.o(i.aci_gatt_del_service), (70 bytes).
    Removing bluenrg_gatt_aci.o(i.aci_gatt_disc_all_charac_descriptors), (82 bytes).
    Removing bluenrg_gatt_aci.o(i.aci_gatt_disc_all_charac_of_serv), (82 bytes).
    Removing bluenrg_gatt_aci.o(i.aci_gatt_disc_all_prim_services), (74 bytes).
    Removing bluenrg_gatt_aci.o(i.aci_gatt_disc_charac_by_uuid), (136 bytes).
    Removing bluenrg_gatt_aci.o(i.aci_gatt_disc_prim_service_by_uuid), (100 bytes).
    Removing bluenrg_gatt_aci.o(i.aci_gatt_exchange_configuration), (74 bytes).
    Removing bluenrg_gatt_aci.o(i.aci_gatt_find_included_services), (82 bytes).
    Removing bluenrg_gatt_aci.o(i.aci_gatt_include_service), (140 bytes).
    Removing bluenrg_gatt_aci.o(i.aci_gatt_read_charac_desc), (78 bytes).
    Removing bluenrg_gatt_aci.o(i.aci_gatt_read_charac_val), (78 bytes).
    Removing bluenrg_gatt_aci.o(i.aci_gatt_read_handle_value), (110 bytes).
    Removing bluenrg_gatt_aci.o(i.aci_gatt_read_handle_value_offset_IDB05A1), (114 bytes).
    Removing bluenrg_gatt_aci.o(i.aci_gatt_read_long_charac_desc), (82 bytes).
    Removing bluenrg_gatt_aci.o(i.aci_gatt_read_long_charac_val), (82 bytes).
    Removing bluenrg_gatt_aci.o(i.aci_gatt_read_multiple_charac_val), (108 bytes).
    Removing bluenrg_gatt_aci.o(i.aci_gatt_read_using_charac_uuid), (104 bytes).
    Removing bluenrg_gatt_aci.o(i.aci_gatt_set_desc_value), (144 bytes).
    Removing bluenrg_gatt_aci.o(i.aci_gatt_set_event_mask), (68 bytes).
    Removing bluenrg_gatt_aci.o(i.aci_gatt_set_security_permission), (78 bytes).
    Removing bluenrg_gatt_aci.o(i.aci_gatt_signed_write_without_resp), (98 bytes).
    Removing bluenrg_gatt_aci.o(i.aci_gatt_update_char_value_ext_IDB05A1), (116 bytes).
    Removing bluenrg_gatt_aci.o(i.aci_gatt_write_charac_descriptor), (120 bytes).
    Removing bluenrg_gatt_aci.o(i.aci_gatt_write_charac_reliable), (108 bytes).
    Removing bluenrg_gatt_aci.o(i.aci_gatt_write_charac_value), (120 bytes).
    Removing bluenrg_gatt_aci.o(i.aci_gatt_write_long_charac_desc), (108 bytes).
    Removing bluenrg_gatt_aci.o(i.aci_gatt_write_long_charac_val), (108 bytes).
    Removing bluenrg_gatt_aci.o(i.aci_gatt_write_response), (128 bytes).
    Removing bluenrg_gatt_aci.o(i.aci_gatt_write_without_response), (98 bytes).
    Removing bluenrg_hal_aci.o(.rev16_text), (4 bytes).
    Removing bluenrg_hal_aci.o(.revsh_text), (4 bytes).
    Removing bluenrg_hal_aci.o(.rrx_text), (6 bytes).
    Removing bluenrg_hal_aci.o(i.aci_hal_device_standby), (56 bytes).
    Removing bluenrg_hal_aci.o(i.aci_hal_get_anchor_period), (78 bytes).
    Removing bluenrg_hal_aci.o(i.aci_hal_get_fw_build_number), (70 bytes).
    Removing bluenrg_hal_aci.o(i.aci_hal_get_link_status), (98 bytes).
    Removing bluenrg_hal_aci.o(i.aci_hal_le_tx_test_packet_number), (70 bytes).
    Removing bluenrg_hal_aci.o(i.aci_hal_read_config_data), (102 bytes).
    Removing bluenrg_hal_aci.o(i.aci_hal_tone_start), (66 bytes).
    Removing bluenrg_hal_aci.o(i.aci_hal_tone_stop), (56 bytes).
    Removing bluenrg_l2cap_aci.o(.rev16_text), (4 bytes).
    Removing bluenrg_l2cap_aci.o(.revsh_text), (4 bytes).
    Removing bluenrg_l2cap_aci.o(.rrx_text), (6 bytes).
    Removing bluenrg_l2cap_aci.o(i.aci_l2cap_connection_parameter_update_request), (92 bytes).
    Removing bluenrg_l2cap_aci.o(i.aci_l2cap_connection_parameter_update_response_IDB04A1), (102 bytes).
    Removing bluenrg_l2cap_aci.o(i.aci_l2cap_connection_parameter_update_response_IDB05A1), (110 bytes).
    Removing bluenrg_updater_aci.o(.rev16_text), (4 bytes).
    Removing bluenrg_updater_aci.o(.revsh_text), (4 bytes).
    Removing bluenrg_updater_aci.o(.rrx_text), (6 bytes).
    Removing bluenrg_updater_aci.o(i.aci_erase_blue_flag), (56 bytes).
    Removing bluenrg_updater_aci.o(i.aci_get_updater_buffer_size), (68 bytes).
    Removing bluenrg_updater_aci.o(i.aci_get_updater_version), (68 bytes).
    Removing bluenrg_updater_aci.o(i.aci_reset_blue_flag), (56 bytes).
    Removing bluenrg_updater_aci.o(i.aci_updater_calc_crc), (82 bytes).
    Removing bluenrg_updater_aci.o(i.aci_updater_erase_sector), (66 bytes).
    Removing bluenrg_updater_aci.o(i.aci_updater_hw_version), (68 bytes).
    Removing bluenrg_updater_aci.o(i.aci_updater_program_data_block), (92 bytes).
    Removing bluenrg_updater_aci.o(i.aci_updater_read_data_block), (92 bytes).
    Removing bluenrg_updater_aci.o(i.aci_updater_reboot), (54 bytes).
    Removing bluenrg_updater_aci.o(i.aci_updater_start), (54 bytes).
    Removing bluenrg_utils_small.o(.rev16_text), (4 bytes).
    Removing bluenrg_utils_small.o(.revsh_text), (4 bytes).
    Removing bluenrg_utils_small.o(.rrx_text), (6 bytes).
    Removing ble_list.o(.rev16_text), (4 bytes).
    Removing ble_list.o(.revsh_text), (4 bytes).
    Removing ble_list.o(.rrx_text), (6 bytes).
    Removing ble_list.o(i.list_get_next_node), (16 bytes).
    Removing ble_list.o(i.list_get_prev_node), (16 bytes).
    Removing ble_list.o(i.list_insert_node_after), (24 bytes).
    Removing ble_list.o(i.list_insert_node_before), (24 bytes).

504 unused section(s) (total 33818 bytes) removed from the image.

==============================================================================

Image Symbol Table

    Local Symbols

    Symbol Name                              Value     Ov Type        Size  Object(Section)

    ../Drivers/BSP/STM32F4xx_Nucleo/stm32f4xx_nucleo.c 0x00000000   Number         0  stm32f4xx_nucleo.o ABSOLUTE
    ../Drivers/STM32F4xx_HAL_Driver/Src/stm32f4xx_hal.c 0x00000000   Number         0  stm32f4xx_hal.o ABSOLUTE
    ../Drivers/STM32F4xx_HAL_Driver/Src/stm32f4xx_hal_cortex.c 0x00000000   Number         0  stm32f4xx_hal_cortex.o ABSOLUTE
    ../Drivers/STM32F4xx_HAL_Driver/Src/stm32f4xx_hal_dma.c 0x00000000   Number         0  stm32f4xx_hal_dma.o ABSOLUTE
    ../Drivers/STM32F4xx_HAL_Driver/Src/stm32f4xx_hal_dma_ex.c 0x00000000   Number         0  stm32f4xx_hal_dma_ex.o ABSOLUTE
    ../Drivers/STM32F4xx_HAL_Driver/Src/stm32f4xx_hal_exti.c 0x00000000   Number         0  stm32f4xx_hal_exti.o ABSOLUTE
    ../Drivers/STM32F4xx_HAL_Driver/Src/stm32f4xx_hal_flash.c 0x00000000   Number         0  stm32f4xx_hal_flash.o ABSOLUTE
    ../Drivers/STM32F4xx_HAL_Driver/Src/stm32f4xx_hal_flash_ex.c 0x00000000   Number         0  stm32f4xx_hal_flash_ex.o ABSOLUTE
    ../Drivers/STM32F4xx_HAL_Driver/Src/stm32f4xx_hal_flash_ramfunc.c 0x00000000   Number         0  stm32f4xx_hal_flash_ramfunc.o ABSOLUTE
    ../Drivers/STM32F4xx_HAL_Driver/Src/stm32f4xx_hal_gpio.c 0x00000000   Number         0  stm32f4xx_hal_gpio.o ABSOLUTE
    ../Drivers/STM32F4xx_HAL_Driver/Src/stm32f4xx_hal_pwr.c 0x00000000   Number         0  stm32f4xx_hal_pwr.o ABSOLUTE
    ../Drivers/STM32F4xx_HAL_Driver/Src/stm32f4xx_hal_pwr_ex.c 0x00000000   Number         0  stm32f4xx_hal_pwr_ex.o ABSOLUTE
    ../Drivers/STM32F4xx_HAL_Driver/Src/stm32f4xx_hal_rcc.c 0x00000000   Number         0  stm32f4xx_hal_rcc.o ABSOLUTE
    ../Drivers/STM32F4xx_HAL_Driver/Src/stm32f4xx_hal_rcc_ex.c 0x00000000   Number         0  stm32f4xx_hal_rcc_ex.o ABSOLUTE
    ../Drivers/STM32F4xx_HAL_Driver/Src/stm32f4xx_hal_spi.c 0x00000000   Number         0  stm32f4xx_hal_spi.o ABSOLUTE
    ../Drivers/STM32F4xx_HAL_Driver/Src/stm32f4xx_hal_tim.c 0x00000000   Number         0  stm32f4xx_hal_tim.o ABSOLUTE
    ../Drivers/STM32F4xx_HAL_Driver/Src/stm32f4xx_hal_tim_ex.c 0x00000000   Number         0  stm32f4xx_hal_tim_ex.o ABSOLUTE
    ../Drivers/STM32F4xx_HAL_Driver/Src/stm32f4xx_hal_uart.c 0x00000000   Number         0  stm32f4xx_hal_uart.o ABSOLUTE
    ../Middlewares/ST/BlueNRG-MS/hci/controller/bluenrg_gap_aci.c 0x00000000   Number         0  bluenrg_gap_aci.o ABSOLUTE
    ../Middlewares/ST/BlueNRG-MS/hci/controller/bluenrg_gatt_aci.c 0x00000000   Number         0  bluenrg_gatt_aci.o ABSOLUTE
    ../Middlewares/ST/BlueNRG-MS/hci/controller/bluenrg_hal_aci.c 0x00000000   Number         0  bluenrg_hal_aci.o ABSOLUTE
    ../Middlewares/ST/BlueNRG-MS/hci/controller/bluenrg_l2cap_aci.c 0x00000000   Number         0  bluenrg_l2cap_aci.o ABSOLUTE
    ../Middlewares/ST/BlueNRG-MS/hci/controller/bluenrg_updater_aci.c 0x00000000   Number         0  bluenrg_updater_aci.o ABSOLUTE
    ../Middlewares/ST/BlueNRG-MS/hci/controller/bluenrg_utils_small.c 0x00000000   Number         0  bluenrg_utils_small.o ABSOLUTE
    ../Middlewares/ST/BlueNRG-MS/hci/hci_le.c 0x00000000   Number         0  hci_le.o ABSOLUTE
    ../Middlewares/ST/BlueNRG-MS/hci/hci_tl_patterns/Basic/hci_tl.c 0x00000000   Number         0  hci_tl.o ABSOLUTE
    ../Middlewares/ST/BlueNRG-MS/utils/ble_list.c 0x00000000   Number         0  ble_list.o ABSOLUTE
    ../Src/app_bluenrg_ms.c                  0x00000000   Number         0  app_bluenrg_ms.o ABSOLUTE
    ../Src/gpio.c                            0x00000000   Number         0  gpio.o ABSOLUTE
    ../Src/hci_tl_interface.c                0x00000000   Number         0  hci_tl_interface.o ABSOLUTE
    ../Src/main.c                            0x00000000   Number         0  main.o ABSOLUTE
    ../Src/sensor_service.c                  0x00000000   Number         0  sensor_service.o ABSOLUTE
    ../Src/stm32f4xx_hal_msp.c               0x00000000   Number         0  stm32f4xx_hal_msp.o ABSOLUTE
    ../Src/stm32f4xx_it.c                    0x00000000   Number         0  stm32f4xx_it.o ABSOLUTE
    ../Src/stm32f4xx_nucleo_bus.c            0x00000000   Number         0  stm32f4xx_nucleo_bus.o ABSOLUTE
    ../Src/system_stm32f4xx.c                0x00000000   Number         0  system_stm32f4xx.o ABSOLUTE
    ../clib/microlib/division.c              0x00000000   Number         0  uldiv.o ABSOLUTE
    ../clib/microlib/init/entry.s            0x00000000   Number         0  entry7b.o ABSOLUTE
    ../clib/microlib/init/entry.s            0x00000000   Number         0  entry7a.o ABSOLUTE
    ../clib/microlib/init/entry.s            0x00000000   Number         0  entry10a.o ABSOLUTE
    ../clib/microlib/init/entry.s            0x00000000   Number         0  entry2.o ABSOLUTE
    ../clib/microlib/init/entry.s            0x00000000   Number         0  entry.o ABSOLUTE
    ../clib/microlib/init/entry.s            0x00000000   Number         0  entry5.o ABSOLUTE
    ../clib/microlib/init/entry.s            0x00000000   Number         0  entry11b.o ABSOLUTE
    ../clib/microlib/init/entry.s            0x00000000   Number         0  entry11a.o ABSOLUTE
    ../clib/microlib/init/entry.s            0x00000000   Number         0  entry10b.o ABSOLUTE
    ../clib/microlib/init/entry.s            0x00000000   Number         0  entry9b.o ABSOLUTE
    ../clib/microlib/init/entry.s            0x00000000   Number         0  entry9a.o ABSOLUTE
    ../clib/microlib/init/entry.s            0x00000000   Number         0  entry8b.o ABSOLUTE
    ../clib/microlib/init/entry.s            0x00000000   Number         0  entry8a.o ABSOLUTE
    ../clib/microlib/longlong.c              0x00000000   Number         0  llushr.o ABSOLUTE
    ../clib/microlib/longlong.c              0x00000000   Number         0  llshl.o ABSOLUTE
    ../clib/microlib/stdlib/rand.c           0x00000000   Number         0  rand.o ABSOLUTE
    ../clib/microlib/string/memcpy.c         0x00000000   Number         0  memcpyb.o ABSOLUTE
    ../clib/microlib/string/memcpy.c         0x00000000   Number         0  memcpya.o ABSOLUTE
    ../clib/microlib/string/memset.c         0x00000000   Number         0  memseta.o ABSOLUTE
    ../clib/microlib/string/strlen.c         0x00000000   Number         0  strlen.o ABSOLUTE
    ..\Drivers\BSP\STM32F4xx_Nucleo\stm32f4xx_nucleo.c 0x00000000   Number         0  stm32f4xx_nucleo.o ABSOLUTE
    ..\Drivers\STM32F4xx_HAL_Driver\Src\stm32f4xx_hal.c 0x00000000   Number         0  stm32f4xx_hal.o ABSOLUTE
    ..\Drivers\STM32F4xx_HAL_Driver\Src\stm32f4xx_hal_cortex.c 0x00000000   Number         0  stm32f4xx_hal_cortex.o ABSOLUTE
    ..\Drivers\STM32F4xx_HAL_Driver\Src\stm32f4xx_hal_dma.c 0x00000000   Number         0  stm32f4xx_hal_dma.o ABSOLUTE
    ..\Drivers\STM32F4xx_HAL_Driver\Src\stm32f4xx_hal_dma_ex.c 0x00000000   Number         0  stm32f4xx_hal_dma_ex.o ABSOLUTE
    ..\Drivers\STM32F4xx_HAL_Driver\Src\stm32f4xx_hal_exti.c 0x00000000   Number         0  stm32f4xx_hal_exti.o ABSOLUTE
    ..\Drivers\STM32F4xx_HAL_Driver\Src\stm32f4xx_hal_flash.c 0x00000000   Number         0  stm32f4xx_hal_flash.o ABSOLUTE
    ..\Drivers\STM32F4xx_HAL_Driver\Src\stm32f4xx_hal_flash_ex.c 0x00000000   Number         0  stm32f4xx_hal_flash_ex.o ABSOLUTE
    ..\Drivers\STM32F4xx_HAL_Driver\Src\stm32f4xx_hal_flash_ramfunc.c 0x00000000   Number         0  stm32f4xx_hal_flash_ramfunc.o ABSOLUTE
    ..\Drivers\STM32F4xx_HAL_Driver\Src\stm32f4xx_hal_gpio.c 0x00000000   Number         0  stm32f4xx_hal_gpio.o ABSOLUTE
    ..\Drivers\STM32F4xx_HAL_Driver\Src\stm32f4xx_hal_pwr.c 0x00000000   Number         0  stm32f4xx_hal_pwr.o ABSOLUTE
    ..\Drivers\STM32F4xx_HAL_Driver\Src\stm32f4xx_hal_pwr_ex.c 0x00000000   Number         0  stm32f4xx_hal_pwr_ex.o ABSOLUTE
    ..\Drivers\STM32F4xx_HAL_Driver\Src\stm32f4xx_hal_rcc.c 0x00000000   Number         0  stm32f4xx_hal_rcc.o ABSOLUTE
    ..\Drivers\STM32F4xx_HAL_Driver\Src\stm32f4xx_hal_rcc_ex.c 0x00000000   Number         0  stm32f4xx_hal_rcc_ex.o ABSOLUTE
    ..\Drivers\STM32F4xx_HAL_Driver\Src\stm32f4xx_hal_spi.c 0x00000000   Number         0  stm32f4xx_hal_spi.o ABSOLUTE
    ..\Drivers\STM32F4xx_HAL_Driver\Src\stm32f4xx_hal_tim.c 0x00000000   Number         0  stm32f4xx_hal_tim.o ABSOLUTE
    ..\Drivers\STM32F4xx_HAL_Driver\Src\stm32f4xx_hal_tim_ex.c 0x00000000   Number         0  stm32f4xx_hal_tim_ex.o ABSOLUTE
    ..\Drivers\STM32F4xx_HAL_Driver\Src\stm32f4xx_hal_uart.c 0x00000000   Number         0  stm32f4xx_hal_uart.o ABSOLUTE
    ..\Middlewares\ST\BlueNRG-MS\hci\controller\bluenrg_gap_aci.c 0x00000000   Number         0  bluenrg_gap_aci.o ABSOLUTE
    ..\Middlewares\ST\BlueNRG-MS\hci\controller\bluenrg_gatt_aci.c 0x00000000   Number         0  bluenrg_gatt_aci.o ABSOLUTE
    ..\Middlewares\ST\BlueNRG-MS\hci\controller\bluenrg_hal_aci.c 0x00000000   Number         0  bluenrg_hal_aci.o ABSOLUTE
    ..\Middlewares\ST\BlueNRG-MS\hci\controller\bluenrg_l2cap_aci.c 0x00000000   Number         0  bluenrg_l2cap_aci.o ABSOLUTE
    ..\Middlewares\ST\BlueNRG-MS\hci\controller\bluenrg_updater_aci.c 0x00000000   Number         0  bluenrg_updater_aci.o ABSOLUTE
    ..\Middlewares\ST\BlueNRG-MS\hci\controller\bluenrg_utils_small.c 0x00000000   Number         0  bluenrg_utils_small.o ABSOLUTE
    ..\Middlewares\ST\BlueNRG-MS\hci\hci_le.c 0x00000000   Number         0  hci_le.o ABSOLUTE
    ..\Middlewares\ST\BlueNRG-MS\hci\hci_tl_patterns\Basic\hci_tl.c 0x00000000   Number         0  hci_tl.o ABSOLUTE
    ..\Middlewares\ST\BlueNRG-MS\utils\ble_list.c 0x00000000   Number         0  ble_list.o ABSOLUTE
    ..\Src\app_bluenrg_ms.c                  0x00000000   Number         0  app_bluenrg_ms.o ABSOLUTE
    ..\Src\gpio.c                            0x00000000   Number         0  gpio.o ABSOLUTE
    ..\Src\hci_tl_interface.c                0x00000000   Number         0  hci_tl_interface.o ABSOLUTE
    ..\Src\main.c                            0x00000000   Number         0  main.o ABSOLUTE
    ..\Src\sensor_service.c                  0x00000000   Number         0  sensor_service.o ABSOLUTE
    ..\Src\stm32f4xx_hal_msp.c               0x00000000   Number         0  stm32f4xx_hal_msp.o ABSOLUTE
    ..\Src\stm32f4xx_it.c                    0x00000000   Number         0  stm32f4xx_it.o ABSOLUTE
    ..\Src\stm32f4xx_nucleo_bus.c            0x00000000   Number         0  stm32f4xx_nucleo_bus.o ABSOLUTE
    ..\Src\system_stm32f4xx.c                0x00000000   Number         0  system_stm32f4xx.o ABSOLUTE
    dc.s                                     0x00000000   Number         0  dc.o ABSOLUTE
    handlers.s                               0x00000000   Number         0  handlers.o ABSOLUTE
    init.s                                   0x00000000   Number         0  init.o ABSOLUTE
    startup_stm32f446xx.s                    0x00000000   Number         0  startup_stm32f446xx.o ABSOLUTE
    RESET                                    0x08000000   Section      452  startup_stm32f446xx.o(RESET)
    .ARM.Collect$$$$00000000                 0x080001c4   Section        0  entry.o(.ARM.Collect$$$$00000000)
    .ARM.Collect$$$$00000001                 0x080001c4   Section        4  entry2.o(.ARM.Collect$$$$00000001)
    .ARM.Collect$$$$00000004                 0x080001c8   Section        4  entry5.o(.ARM.Collect$$$$00000004)
    .ARM.Collect$$$$00000008                 0x080001cc   Section        0  entry7b.o(.ARM.Collect$$$$00000008)
    .ARM.Collect$$$$0000000A                 0x080001cc   Section        0  entry8b.o(.ARM.Collect$$$$0000000A)
    .ARM.Collect$$$$0000000B                 0x080001cc   Section        8  entry9a.o(.ARM.Collect$$$$0000000B)
    .ARM.Collect$$$$0000000D                 0x080001d4   Section        0  entry10a.o(.ARM.Collect$$$$0000000D)
    .ARM.Collect$$$$0000000F                 0x080001d4   Section        0  entry11a.o(.ARM.Collect$$$$0000000F)
    .ARM.Collect$$$$00002712                 0x080001d4   Section        4  entry2.o(.ARM.Collect$$$$00002712)
    __lit__00000000                          0x080001d4   Data           4  entry2.o(.ARM.Collect$$$$00002712)
    .text                                    0x080001d8   Section       36  startup_stm32f446xx.o(.text)
    $v0                                      0x080001d8   Number         0  startup_stm32f446xx.o(.text)
    .text                                    0x080001fc   Section        0  uldiv.o(.text)
    .text                                    0x08000260   Section        0  rand.o(.text)
    .text                                    0x08000284   Section        0  memcpya.o(.text)
    .text                                    0x080002a8   Section        0  memseta.o(.text)
    .text                                    0x080002cc   Section        0  strlen.o(.text)
    .text                                    0x080002da   Section        0  llshl.o(.text)
    .text                                    0x080002f8   Section        0  llushr.o(.text)
    .text                                    0x08000318   Section       36  init.o(.text)
    i.Acc_Update                             0x0800033c   Section        0  sensor_service.o(i.Acc_Update)
    i.Add_Acc_Service                        0x08000388   Section        0  sensor_service.o(i.Add_Acc_Service)
    i.Add_Environmental_Sensor_Service       0x0800050c   Section        0  sensor_service.o(i.Add_Environmental_Sensor_Service)
    i.BSP_COM_Init                           0x08000800   Section        0  stm32f4xx_nucleo.o(i.BSP_COM_Init)
    i.BSP_GetTick                            0x08000880   Section        0  stm32f4xx_nucleo_bus.o(i.BSP_GetTick)
    i.BSP_LED_Init                           0x08000884   Section        0  stm32f4xx_nucleo.o(i.BSP_LED_Init)
    i.BSP_LED_Toggle                         0x080008dc   Section        0  stm32f4xx_nucleo.o(i.BSP_LED_Toggle)
    i.BSP_PB_Callback                        0x080008fc   Section        0  app_bluenrg_ms.o(i.BSP_PB_Callback)
    i.BSP_PB_GetState                        0x08000908   Section        0  stm32f4xx_nucleo.o(i.BSP_PB_GetState)
    i.BSP_PB_Init                            0x0800092c   Section        0  stm32f4xx_nucleo.o(i.BSP_PB_Init)
    i.BSP_SPI1_Init                          0x080009d4   Section        0  stm32f4xx_nucleo_bus.o(i.BSP_SPI1_Init)
    i.BSP_SPI1_SendRecv                      0x08000a14   Section        0  stm32f4xx_nucleo_bus.o(i.BSP_SPI1_SendRecv)
    i.BUTTON_USER_EXTI_Callback              0x08000a38   Section        0  stm32f4xx_nucleo.o(i.BUTTON_USER_EXTI_Callback)
    BUTTON_USER_EXTI_Callback                0x08000a39   Thumb Code    10  stm32f4xx_nucleo.o(i.BUTTON_USER_EXTI_Callback)
    i.BusFault_Handler                       0x08000a42   Section        0  stm32f4xx_it.o(i.BusFault_Handler)
    i.DebugMon_Handler                       0x08000a44   Section        0  stm32f4xx_it.o(i.DebugMon_Handler)
    i.EXTI0_IRQHandler                       0x08000a48   Section        0  stm32f4xx_it.o(i.EXTI0_IRQHandler)
    i.GAP_ConnectionComplete_CB              0x08000a54   Section        0  sensor_service.o(i.GAP_ConnectionComplete_CB)
    i.GAP_DisconnectionComplete_CB           0x08000a68   Section        0  sensor_service.o(i.GAP_DisconnectionComplete_CB)
    i.HAL_Delay                              0x08000a7c   Section        0  stm32f4xx_hal.o(i.HAL_Delay)
    i.HAL_EXTI_GetHandle                     0x08000aa0   Section        0  stm32f4xx_hal_exti.o(i.HAL_EXTI_GetHandle)
    i.HAL_EXTI_IRQHandler                    0x08000aac   Section        0  stm32f4xx_hal_exti.o(i.HAL_EXTI_IRQHandler)
    i.HAL_EXTI_RegisterCallback              0x08000ad0   Section        0  stm32f4xx_hal_exti.o(i.HAL_EXTI_RegisterCallback)
    i.HAL_GPIO_DeInit                        0x08000ae0   Section        0  stm32f4xx_hal_gpio.o(i.HAL_GPIO_DeInit)
    i.HAL_GPIO_Init                          0x08000c34   Section        0  stm32f4xx_hal_gpio.o(i.HAL_GPIO_Init)
    i.HAL_GPIO_ReadPin                       0x08000ddc   Section        0  stm32f4xx_hal_gpio.o(i.HAL_GPIO_ReadPin)
    i.HAL_GPIO_TogglePin                     0x08000de6   Section        0  stm32f4xx_hal_gpio.o(i.HAL_GPIO_TogglePin)
    i.HAL_GPIO_WritePin                      0x08000df4   Section        0  stm32f4xx_hal_gpio.o(i.HAL_GPIO_WritePin)
    i.HAL_GetTick                            0x08000e00   Section        0  stm32f4xx_hal.o(i.HAL_GetTick)
    i.HAL_IncTick                            0x08000e0c   Section        0  stm32f4xx_hal.o(i.HAL_IncTick)
    i.HAL_Init                               0x08000e1c   Section        0  stm32f4xx_hal.o(i.HAL_Init)
    i.HAL_InitTick                           0x08000e50   Section        0  stm32f4xx_hal.o(i.HAL_InitTick)
    i.HAL_MspInit                            0x08000e90   Section        0  stm32f4xx_hal_msp.o(i.HAL_MspInit)
    i.HAL_NVIC_EnableIRQ                     0x08000ec4   Section        0  stm32f4xx_hal_cortex.o(i.HAL_NVIC_EnableIRQ)
    i.HAL_NVIC_SetPriority                   0x08000ee0   Section        0  stm32f4xx_hal_cortex.o(i.HAL_NVIC_SetPriority)
    i.HAL_NVIC_SetPriorityGrouping           0x08000f20   Section        0  stm32f4xx_hal_cortex.o(i.HAL_NVIC_SetPriorityGrouping)
    i.HAL_RCC_ClockConfig                    0x08000f44   Section        0  stm32f4xx_hal_rcc.o(i.HAL_RCC_ClockConfig)
    i.HAL_RCC_GetPCLK1Freq                   0x08001078   Section        0  stm32f4xx_hal_rcc.o(i.HAL_RCC_GetPCLK1Freq)
    i.HAL_RCC_GetPCLK2Freq                   0x08001098   Section        0  stm32f4xx_hal_rcc.o(i.HAL_RCC_GetPCLK2Freq)
    i.HAL_RCC_GetSysClockFreq                0x080010b8   Section        0  stm32f4xx_hal_rcc_ex.o(i.HAL_RCC_GetSysClockFreq)
    i.HAL_RCC_OscConfig                      0x0800114c   Section        0  stm32f4xx_hal_rcc_ex.o(i.HAL_RCC_OscConfig)
    i.HAL_SPI_GetState                       0x08001490   Section        0  stm32f4xx_hal_spi.o(i.HAL_SPI_GetState)
    i.HAL_SPI_Init                           0x08001496   Section        0  stm32f4xx_hal_spi.o(i.HAL_SPI_Init)
    i.HAL_SPI_MspInit                        0x08001516   Section        0  stm32f4xx_hal_spi.o(i.HAL_SPI_MspInit)
    i.HAL_SPI_TransmitReceive                0x08001518   Section        0  stm32f4xx_hal_spi.o(i.HAL_SPI_TransmitReceive)
    i.HAL_SYSTICK_Config                     0x080016fa   Section        0  stm32f4xx_hal_cortex.o(i.HAL_SYSTICK_Config)
    i.HAL_UART_Init                          0x08001722   Section        0  stm32f4xx_hal_uart.o(i.HAL_UART_Init)
    i.HAL_UART_MspInit                       0x08001784   Section        0  stm32f4xx_hal_uart.o(i.HAL_UART_MspInit)
    i.HCI_TL_SPI_DeInit                      0x08001788   Section        0  hci_tl_interface.o(i.HCI_TL_SPI_DeInit)
    i.HCI_TL_SPI_Init                        0x080017ac   Section        0  hci_tl_interface.o(i.HCI_TL_SPI_Init)
    i.HCI_TL_SPI_Receive                     0x08001810   Section        0  hci_tl_interface.o(i.HCI_TL_SPI_Receive)
    i.HCI_TL_SPI_Reset                       0x08001890   Section        0  hci_tl_interface.o(i.HCI_TL_SPI_Reset)
    i.HCI_TL_SPI_Send                        0x080018c0   Section        0  hci_tl_interface.o(i.HCI_TL_SPI_Send)
    i.HardFault_Handler                      0x08001954   Section        0  stm32f4xx_it.o(i.HardFault_Handler)
    i.Humidity_Update                        0x08001958   Section        0  sensor_service.o(i.Humidity_Update)
    i.MX_BlueNRG_MS_Init                     0x0800197c   Section        0  app_bluenrg_ms.o(i.MX_BlueNRG_MS_Init)
    i.MX_BlueNRG_MS_Process                  0x08001a78   Section        0  app_bluenrg_ms.o(i.MX_BlueNRG_MS_Process)
    i.MX_GPIO_Init                           0x08001a8c   Section        0  gpio.o(i.MX_GPIO_Init)
    i.MX_SPI1_Init                           0x08001b4c   Section        0  stm32f4xx_nucleo_bus.o(i.MX_SPI1_Init)
    i.MX_USART2_UART_Init                    0x08001b88   Section        0  stm32f4xx_nucleo.o(i.MX_USART2_UART_Init)
    i.MemManage_Handler                      0x08001bb4   Section        0  stm32f4xx_it.o(i.MemManage_Handler)
    i.NMI_Handler                            0x08001bb6   Section        0  stm32f4xx_it.o(i.NMI_Handler)
    i.PendSV_Handler                         0x08001bb8   Section        0  stm32f4xx_it.o(i.PendSV_Handler)
    i.Press_Update                           0x08001bbc   Section        0  sensor_service.o(i.Press_Update)
    i.Read_Request_CB                        0x08001be0   Section        0  sensor_service.o(i.Read_Request_CB)
    i.SPI1_MspInit                           0x08001c98   Section        0  stm32f4xx_nucleo_bus.o(i.SPI1_MspInit)
    SPI1_MspInit                             0x08001c99   Thumb Code   110  stm32f4xx_nucleo_bus.o(i.SPI1_MspInit)
    i.SPI_EndRxTxTransaction                 0x08001d14   Section        0  stm32f4xx_hal_spi.o(i.SPI_EndRxTxTransaction)
    SPI_EndRxTxTransaction                   0x08001d15   Thumb Code    80  stm32f4xx_hal_spi.o(i.SPI_EndRxTxTransaction)
    i.SPI_WaitFlagStateUntilTimeout          0x08001d6c   Section        0  stm32f4xx_hal_spi.o(i.SPI_WaitFlagStateUntilTimeout)
    SPI_WaitFlagStateUntilTimeout            0x08001d6d   Thumb Code   148  stm32f4xx_hal_spi.o(i.SPI_WaitFlagStateUntilTimeout)
    i.SVC_Handler                            0x08001e00   Section        0  stm32f4xx_it.o(i.SVC_Handler)
    i.SysTick_Handler                        0x08001e02   Section        0  stm32f4xx_it.o(i.SysTick_Handler)
    i.SystemClock_Config                     0x08001e08   Section        0  main.o(i.SystemClock_Config)
    i.SystemInit                             0x08001e90   Section        0  system_stm32f4xx.o(i.SystemInit)
    i.Temp_Update                            0x08001eac   Section        0  sensor_service.o(i.Temp_Update)
    i.UART_SetConfig                         0x08001ed0   Section        0  stm32f4xx_hal_uart.o(i.UART_SetConfig)
    UART_SetConfig                           0x08001ed1   Thumb Code   286  stm32f4xx_hal_uart.o(i.UART_SetConfig)
    i.UsageFault_Handler                     0x08001ff8   Section        0  stm32f4xx_it.o(i.UsageFault_Handler)
    i.User_Process                           0x08001ffc   Section        0  app_bluenrg_ms.o(i.User_Process)
    User_Process                             0x08001ffd   Thumb Code    98  app_bluenrg_ms.o(i.User_Process)
    i.__NVIC_SetPriority                     0x0800206c   Section        0  stm32f4xx_hal_cortex.o(i.__NVIC_SetPriority)
    __NVIC_SetPriority                       0x0800206d   Thumb Code    32  stm32f4xx_hal_cortex.o(i.__NVIC_SetPriority)
    i.__scatterload_copy                     0x0800208c   Section       14  handlers.o(i.__scatterload_copy)
    i.__scatterload_null                     0x0800209a   Section        2  handlers.o(i.__scatterload_null)
    i.__scatterload_zeroinit                 0x0800209c   Section       14  handlers.o(i.__scatterload_zeroinit)
    i.aci_gap_init_IDB04A1                   0x080020aa   Section        0  bluenrg_gap_aci.o(i.aci_gap_init_IDB04A1)
    i.aci_gap_init_IDB05A1                   0x08002112   Section        0  bluenrg_gap_aci.o(i.aci_gap_init_IDB05A1)
    i.aci_gap_set_auth_requirement           0x08002182   Section        0  bluenrg_gap_aci.o(i.aci_gap_set_auth_requirement)
    i.aci_gap_set_discoverable               0x080021f6   Section        0  bluenrg_gap_aci.o(i.aci_gap_set_discoverable)
    i.aci_gatt_add_char                      0x080022c2   Section        0  bluenrg_gatt_aci.o(i.aci_gatt_add_char)
    i.aci_gatt_add_char_desc                 0x08002378   Section        0  bluenrg_gatt_aci.o(i.aci_gatt_add_char_desc)
    i.aci_gatt_add_serv                      0x0800245c   Section        0  bluenrg_gatt_aci.o(i.aci_gatt_add_serv)
    i.aci_gatt_allow_read                    0x080024d8   Section        0  bluenrg_gatt_aci.o(i.aci_gatt_allow_read)
    i.aci_gatt_init                          0x0800251e   Section        0  bluenrg_gatt_aci.o(i.aci_gatt_init)
    i.aci_gatt_update_char_value             0x08002558   Section        0  bluenrg_gatt_aci.o(i.aci_gatt_update_char_value)
    i.aci_hal_set_tx_power_level             0x080025d2   Section        0  bluenrg_hal_aci.o(i.aci_hal_set_tx_power_level)
    i.aci_hal_write_config_data              0x0800261a   Section        0  bluenrg_hal_aci.o(i.aci_hal_write_config_data)
    i.getBlueNRGVersion                      0x08002678   Section        0  bluenrg_utils_small.o(i.getBlueNRGVersion)
    i.hci_init                               0x080026c4   Section        0  hci_tl.o(i.hci_init)
    i.hci_le_read_local_version              0x08002720   Section        0  hci_le.o(i.hci_le_read_local_version)
    i.hci_le_set_scan_resp_data              0x0800279c   Section        0  hci_le.o(i.hci_le_set_scan_resp_data)
    i.hci_notify_asynch_evt                  0x080027fc   Section        0  hci_tl.o(i.hci_notify_asynch_evt)
    i.hci_register_io_bus                    0x08002864   Section        0  hci_tl.o(i.hci_register_io_bus)
    i.hci_reset                              0x08002880   Section        0  hci_le.o(i.hci_reset)
    i.hci_send_req                           0x080028b8   Section        0  hci_tl.o(i.hci_send_req)
    i.hci_tl_lowlevel_init                   0x08002a40   Section        0  hci_tl_interface.o(i.hci_tl_lowlevel_init)
    i.hci_tl_lowlevel_isr                    0x08002aac   Section        0  hci_tl_interface.o(i.hci_tl_lowlevel_isr)
    i.hci_user_evt_proc                      0x08002acc   Section        0  hci_tl.o(i.hci_user_evt_proc)
    i.list_get_size                          0x08002b08   Section        0  ble_list.o(i.list_get_size)
    i.list_init_head                         0x08002b24   Section        0  ble_list.o(i.list_init_head)
    i.list_insert_head                       0x08002b2a   Section        0  ble_list.o(i.list_insert_head)
    i.list_insert_tail                       0x08002b42   Section        0  ble_list.o(i.list_insert_tail)
    i.list_is_empty                          0x08002b5a   Section        0  ble_list.o(i.list_is_empty)
    i.list_remove_head                       0x08002b72   Section        0  ble_list.o(i.list_remove_head)
    i.list_remove_node                       0x08002b96   Section        0  ble_list.o(i.list_remove_node)
    i.list_remove_tail                       0x08002bac   Section        0  ble_list.o(i.list_remove_tail)
    i.main                                   0x08002bd0   Section        0  main.o(i.main)
    i.move_list                              0x08002be6   Section        0  hci_tl.o(i.move_list)
    move_list                                0x08002be7   Thumb Code    36  hci_tl.o(i.move_list)
    i.setConnectable                         0x08002c0c   Section        0  sensor_service.o(i.setConnectable)
    i.user_notify                            0x08002c4c   Section        0  sensor_service.o(i.user_notify)
    .constdata                               0x08002c8c   Section       20  stm32f4xx_nucleo.o(.constdata)
    BUTTON_IRQn                              0x08002c8c   Data           1  stm32f4xx_nucleo.o(.constdata)
    LED_PIN                                  0x08002c8e   Data           2  stm32f4xx_nucleo.o(.constdata)
    BUTTON_PIN                               0x08002c90   Data           2  stm32f4xx_nucleo.o(.constdata)
    ButtonCallback                           0x08002c94   Data           4  stm32f4xx_nucleo.o(.constdata)
    BSP_BUTTON_PRIO                          0x08002c98   Data           4  stm32f4xx_nucleo.o(.constdata)
    BUTTON_EXTI_LINE                         0x08002c9c   Data           4  stm32f4xx_nucleo.o(.constdata)
    .constdata                               0x08002ca0   Section       16  system_stm32f4xx.o(.constdata)
    .constdata                               0x08002cb0   Section        8  system_stm32f4xx.o(.constdata)
    .data                                    0x20000000   Section        8  hci_tl_interface.o(.data)
    .data                                    0x20000008   Section       24  sensor_service.o(.data)
    .data                                    0x20000020   Section        3  app_bluenrg_ms.o(.data)
    user_button_init_state                   0x20000021   Data           1  app_bluenrg_ms.o(.data)
    user_button_pressed                      0x20000022   Data           1  app_bluenrg_ms.o(.data)
    .data                                    0x20000024   Section        4  stm32f4xx_nucleo_bus.o(.data)
    SPI1InitCounter                          0x20000024   Data           4  stm32f4xx_nucleo_bus.o(.data)
    .data                                    0x20000028   Section       24  stm32f4xx_nucleo.o(.data)
    COM_ActiveLogPort                        0x20000028   Data           1  stm32f4xx_nucleo.o(.data)
    LED_PORT                                 0x2000002c   Data           4  stm32f4xx_nucleo.o(.data)
    BUTTON_PORT                              0x20000030   Data           4  stm32f4xx_nucleo.o(.data)
    .data                                    0x20000040   Section       12  stm32f4xx_hal.o(.data)
    .data                                    0x2000004c   Section        4  system_stm32f4xx.o(.data)
    .data                                    0x20000050   Section       16  hci_tl.o(.data)
    .data                                    0x20000060   Section        4  rand.o(.data)
    _rand_state                              0x20000060   Data           4  rand.o(.data)
    .bss                                     0x20000064   Section      255  hci_tl_interface.o(.bss)
    read_char_buf                            0x20000064   Data         255  hci_tl_interface.o(.bss)
    .bss                                     0x20000164   Section       12  sensor_service.o(.bss)
    .bss                                     0x20000170   Section       88  stm32f4xx_nucleo_bus.o(.bss)
    .bss                                     0x200001c8   Section       64  stm32f4xx_nucleo.o(.bss)
    .bss                                     0x20000208   Section      732  hci_tl.o(.bss)
    hciReadPacketBuffer                      0x20000208   Data         700  hci_tl.o(.bss)
    hciContext                               0x200004c4   Data          32  hci_tl.o(.bss)
    STACK                                    0x200004e8   Section     1024  startup_stm32f446xx.o(STACK)

    Global Symbols

    Symbol Name                              Value     Ov Type        Size  Object(Section)

    BuildAttributes$$THM_ISAv4$E$P$D$K$B$S$7EM$VFPi3$EXTD16$VFPS$VFMA$PE$A:L22UL41UL21$X:L11$S22US41US21$IEEE1$IW$USESV6$~STKCKD$USESV7$~SHL$OSPACE$EBA8$MICROLIB$REQ8$PRES8$EABIv2 0x00000000   Number         0  anon$$obj.o ABSOLUTE
    __ARM_use_no_argv                        0x00000000   Number         0  main.o ABSOLUTE
    __cpp_initialize__aeabi_                  - Undefined Weak Reference
    __cxa_finalize                            - Undefined Weak Reference
    __decompress                              - Undefined Weak Reference
    _clock_init                               - Undefined Weak Reference
    _microlib_exit                            - Undefined Weak Reference
    __Vectors_Size                           0x000001c4   Number         0  startup_stm32f446xx.o ABSOLUTE
    __Vectors                                0x08000000   Data           4  startup_stm32f446xx.o(RESET)
    __Vectors_End                            0x080001c4   Data           0  startup_stm32f446xx.o(RESET)
    __main                                   0x080001c5   Thumb Code     0  entry.o(.ARM.Collect$$$$00000000)
    _main_stk                                0x080001c5   Thumb Code     0  entry2.o(.ARM.Collect$$$$00000001)
    _main_scatterload                        0x080001c9   Thumb Code     0  entry5.o(.ARM.Collect$$$$00000004)
    __main_after_scatterload                 0x080001cd   Thumb Code     0  entry5.o(.ARM.Collect$$$$00000004)
    _main_clock                              0x080001cd   Thumb Code     0  entry7b.o(.ARM.Collect$$$$00000008)
    _main_cpp_init                           0x080001cd   Thumb Code     0  entry8b.o(.ARM.Collect$$$$0000000A)
    _main_init                               0x080001cd   Thumb Code     0  entry9a.o(.ARM.Collect$$$$0000000B)
    __rt_final_cpp                           0x080001d5   Thumb Code     0  entry10a.o(.ARM.Collect$$$$0000000D)
    __rt_final_exit                          0x080001d5   Thumb Code     0  entry11a.o(.ARM.Collect$$$$0000000F)
    Reset_Handler                            0x080001d9   Thumb Code     8  startup_stm32f446xx.o(.text)
    ADC_IRQHandler                           0x080001f3   Thumb Code     0  startup_stm32f446xx.o(.text)
    CAN1_RX0_IRQHandler                      0x080001f3   Thumb Code     0  startup_stm32f446xx.o(.text)
    CAN1_RX1_IRQHandler                      0x080001f3   Thumb Code     0  startup_stm32f446xx.o(.text)
    CAN1_SCE_IRQHandler                      0x080001f3   Thumb Code     0  startup_stm32f446xx.o(.text)
    CAN1_TX_IRQHandler                       0x080001f3   Thumb Code     0  startup_stm32f446xx.o(.text)
    CAN2_RX0_IRQHandler                      0x080001f3   Thumb Code     0  startup_stm32f446xx.o(.text)
    CAN2_RX1_IRQHandler                      0x080001f3   Thumb Code     0  startup_stm32f446xx.o(.text)
    CAN2_SCE_IRQHandler                      0x080001f3   Thumb Code     0  startup_stm32f446xx.o(.text)
    CAN2_TX_IRQHandler                       0x080001f3   Thumb Code     0  startup_stm32f446xx.o(.text)
    CEC_IRQHandler                           0x080001f3   Thumb Code     0  startup_stm32f446xx.o(.text)
    DCMI_IRQHandler                          0x080001f3   Thumb Code     0  startup_stm32f446xx.o(.text)
    DMA1_Stream0_IRQHandler                  0x080001f3   Thumb Code     0  startup_stm32f446xx.o(.text)
    DMA1_Stream1_IRQHandler                  0x080001f3   Thumb Code     0  startup_stm32f446xx.o(.text)
    DMA1_Stream2_IRQHandler                  0x080001f3   Thumb Code     0  startup_stm32f446xx.o(.text)
    DMA1_Stream3_IRQHandler                  0x080001f3   Thumb Code     0  startup_stm32f446xx.o(.text)
    DMA1_Stream4_IRQHandler                  0x080001f3   Thumb Code     0  startup_stm32f446xx.o(.text)
    DMA1_Stream5_IRQHandler                  0x080001f3   Thumb Code     0  startup_stm32f446xx.o(.text)
    DMA1_Stream6_IRQHandler                  0x080001f3   Thumb Code     0  startup_stm32f446xx.o(.text)
    DMA1_Stream7_IRQHandler                  0x080001f3   Thumb Code     0  startup_stm32f446xx.o(.text)
    DMA2_Stream0_IRQHandler                  0x080001f3   Thumb Code     0  startup_stm32f446xx.o(.text)
    DMA2_Stream1_IRQHandler                  0x080001f3   Thumb Code     0  startup_stm32f446xx.o(.text)
    DMA2_Stream2_IRQHandler                  0x080001f3   Thumb Code     0  startup_stm32f446xx.o(.text)
    DMA2_Stream3_IRQHandler                  0x080001f3   Thumb Code     0  startup_stm32f446xx.o(.text)
    DMA2_Stream4_IRQHandler                  0x080001f3   Thumb Code     0  startup_stm32f446xx.o(.text)
    DMA2_Stream5_IRQHandler                  0x080001f3   Thumb Code     0  startup_stm32f446xx.o(.text)
    DMA2_Stream6_IRQHandler                  0x080001f3   Thumb Code     0  startup_stm32f446xx.o(.text)
    DMA2_Stream7_IRQHandler                  0x080001f3   Thumb Code     0  startup_stm32f446xx.o(.text)
    EXTI15_10_IRQHandler                     0x080001f3   Thumb Code     0  startup_stm32f446xx.o(.text)
    EXTI1_IRQHandler                         0x080001f3   Thumb Code     0  startup_stm32f446xx.o(.text)
    EXTI2_IRQHandler                         0x080001f3   Thumb Code     0  startup_stm32f446xx.o(.text)
    EXTI3_IRQHandler                         0x080001f3   Thumb Code     0  startup_stm32f446xx.o(.text)
    EXTI4_IRQHandler                         0x080001f3   Thumb Code     0  startup_stm32f446xx.o(.text)
    EXTI9_5_IRQHandler                       0x080001f3   Thumb Code     0  startup_stm32f446xx.o(.text)
    FLASH_IRQHandler                         0x080001f3   Thumb Code     0  startup_stm32f446xx.o(.text)
    FMC_IRQHandler                           0x080001f3   Thumb Code     0  startup_stm32f446xx.o(.text)
    FMPI2C1_ER_IRQHandler                    0x080001f3   Thumb Code     0  startup_stm32f446xx.o(.text)
    FMPI2C1_EV_IRQHandler                    0x080001f3   Thumb Code     0  startup_stm32f446xx.o(.text)
    FPU_IRQHandler                           0x080001f3   Thumb Code     0  startup_stm32f446xx.o(.text)
    I2C1_ER_IRQHandler                       0x080001f3   Thumb Code     0  startup_stm32f446xx.o(.text)
    I2C1_EV_IRQHandler                       0x080001f3   Thumb Code     0  startup_stm32f446xx.o(.text)
    I2C2_ER_IRQHandler                       0x080001f3   Thumb Code     0  startup_stm32f446xx.o(.text)
    I2C2_EV_IRQHandler                       0x080001f3   Thumb Code     0  startup_stm32f446xx.o(.text)
    I2C3_ER_IRQHandler                       0x080001f3   Thumb Code     0  startup_stm32f446xx.o(.text)
    I2C3_EV_IRQHandler                       0x080001f3   Thumb Code     0  startup_stm32f446xx.o(.text)
    OTG_FS_IRQHandler                        0x080001f3   Thumb Code     0  startup_stm32f446xx.o(.text)
    OTG_FS_WKUP_IRQHandler                   0x080001f3   Thumb Code     0  startup_stm32f446xx.o(.text)
    OTG_HS_EP1_IN_IRQHandler                 0x080001f3   Thumb Code     0  startup_stm32f446xx.o(.text)
    OTG_HS_EP1_OUT_IRQHandler                0x080001f3   Thumb Code     0  startup_stm32f446xx.o(.text)
    OTG_HS_IRQHandler                        0x080001f3   Thumb Code     0  startup_stm32f446xx.o(.text)
    OTG_HS_WKUP_IRQHandler                   0x080001f3   Thumb Code     0  startup_stm32f446xx.o(.text)
    PVD_IRQHandler                           0x080001f3   Thumb Code     0  startup_stm32f446xx.o(.text)
    QUADSPI_IRQHandler                       0x080001f3   Thumb Code     0  startup_stm32f446xx.o(.text)
    RCC_IRQHandler                           0x080001f3   Thumb Code     0  startup_stm32f446xx.o(.text)
    RTC_Alarm_IRQHandler                     0x080001f3   Thumb Code     0  startup_stm32f446xx.o(.text)
    RTC_WKUP_IRQHandler                      0x080001f3   Thumb Code     0  startup_stm32f446xx.o(.text)
    SAI1_IRQHandler                          0x080001f3   Thumb Code     0  startup_stm32f446xx.o(.text)
    SAI2_IRQHandler                          0x080001f3   Thumb Code     0  startup_stm32f446xx.o(.text)
    SDIO_IRQHandler                          0x080001f3   Thumb Code     0  startup_stm32f446xx.o(.text)
    SPDIF_RX_IRQHandler                      0x080001f3   Thumb Code     0  startup_stm32f446xx.o(.text)
    SPI1_IRQHandler                          0x080001f3   Thumb Code     0  startup_stm32f446xx.o(.text)
    SPI2_IRQHandler                          0x080001f3   Thumb Code     0  startup_stm32f446xx.o(.text)
    SPI3_IRQHandler                          0x080001f3   Thumb Code     0  startup_stm32f446xx.o(.text)
    SPI4_IRQHandler                          0x080001f3   Thumb Code     0  startup_stm32f446xx.o(.text)
    TAMP_STAMP_IRQHandler                    0x080001f3   Thumb Code     0  startup_stm32f446xx.o(.text)
    TIM1_BRK_TIM9_IRQHandler                 0x080001f3   Thumb Code     0  startup_stm32f446xx.o(.text)
    TIM1_CC_IRQHandler                       0x080001f3   Thumb Code     0  startup_stm32f446xx.o(.text)
    TIM1_TRG_COM_TIM11_IRQHandler            0x080001f3   Thumb Code     0  startup_stm32f446xx.o(.text)
    TIM1_UP_TIM10_IRQHandler                 0x080001f3   Thumb Code     0  startup_stm32f446xx.o(.text)
    TIM2_IRQHandler                          0x080001f3   Thumb Code     0  startup_stm32f446xx.o(.text)
    TIM3_IRQHandler                          0x080001f3   Thumb Code     0  startup_stm32f446xx.o(.text)
    TIM4_IRQHandler                          0x080001f3   Thumb Code     0  startup_stm32f446xx.o(.text)
    TIM5_IRQHandler                          0x080001f3   Thumb Code     0  startup_stm32f446xx.o(.text)
    TIM6_DAC_IRQHandler                      0x080001f3   Thumb Code     0  startup_stm32f446xx.o(.text)
    TIM7_IRQHandler                          0x080001f3   Thumb Code     0  startup_stm32f446xx.o(.text)
    TIM8_BRK_TIM12_IRQHandler                0x080001f3   Thumb Code     0  startup_stm32f446xx.o(.text)
    TIM8_CC_IRQHandler                       0x080001f3   Thumb Code     0  startup_stm32f446xx.o(.text)
    TIM8_TRG_COM_TIM14_IRQHandler            0x080001f3   Thumb Code     0  startup_stm32f446xx.o(.text)
    TIM8_UP_TIM13_IRQHandler                 0x080001f3   Thumb Code     0  startup_stm32f446xx.o(.text)
    UART4_IRQHandler                         0x080001f3   Thumb Code     0  startup_stm32f446xx.o(.text)
    UART5_IRQHandler                         0x080001f3   Thumb Code     0  startup_stm32f446xx.o(.text)
    USART1_IRQHandler                        0x080001f3   Thumb Code     0  startup_stm32f446xx.o(.text)
    USART2_IRQHandler                        0x080001f3   Thumb Code     0  startup_stm32f446xx.o(.text)
    USART3_IRQHandler                        0x080001f3   Thumb Code     0  startup_stm32f446xx.o(.text)
    USART6_IRQHandler                        0x080001f3   Thumb Code     0  startup_stm32f446xx.o(.text)
    WWDG_IRQHandler                          0x080001f3   Thumb Code     0  startup_stm32f446xx.o(.text)
    __aeabi_uldivmod                         0x080001fd   Thumb Code    98  uldiv.o(.text)
    rand                                     0x08000261   Thumb Code    20  rand.o(.text)
    srand                                    0x08000275   Thumb Code     6  rand.o(.text)
    __aeabi_memcpy                           0x08000285   Thumb Code    36  memcpya.o(.text)
    __aeabi_memcpy4                          0x08000285   Thumb Code     0  memcpya.o(.text)
    __aeabi_memcpy8                          0x08000285   Thumb Code     0  memcpya.o(.text)
    __aeabi_memset                           0x080002a9   Thumb Code    14  memseta.o(.text)
    __aeabi_memset4                          0x080002a9   Thumb Code     0  memseta.o(.text)
    __aeabi_memset8                          0x080002a9   Thumb Code     0  memseta.o(.text)
    __aeabi_memclr                           0x080002b7   Thumb Code     4  memseta.o(.text)
    __aeabi_memclr4                          0x080002b7   Thumb Code     0  memseta.o(.text)
    __aeabi_memclr8                          0x080002b7   Thumb Code     0  memseta.o(.text)
    _memset$wrapper                          0x080002bb   Thumb Code    18  memseta.o(.text)
    strlen                                   0x080002cd   Thumb Code    14  strlen.o(.text)
    __aeabi_llsl                             0x080002db   Thumb Code    30  llshl.o(.text)
    _ll_shift_l                              0x080002db   Thumb Code     0  llshl.o(.text)
    __aeabi_llsr                             0x080002f9   Thumb Code    32  llushr.o(.text)
    _ll_ushift_r                             0x080002f9   Thumb Code     0  llushr.o(.text)
    __scatterload                            0x08000319   Thumb Code    28  init.o(.text)
    __scatterload_rt2                        0x08000319   Thumb Code     0  init.o(.text)
    Acc_Update                               0x0800033d   Thumb Code    70  sensor_service.o(i.Acc_Update)
    Add_Acc_Service                          0x08000389   Thumb Code   384  sensor_service.o(i.Add_Acc_Service)
    Add_Environmental_Sensor_Service         0x0800050d   Thumb Code   752  sensor_service.o(i.Add_Environmental_Sensor_Service)
    BSP_COM_Init                             0x08000801   Thumb Code   112  stm32f4xx_nucleo.o(i.BSP_COM_Init)
    BSP_GetTick                              0x08000881   Thumb Code     4  stm32f4xx_nucleo_bus.o(i.BSP_GetTick)
    BSP_LED_Init                             0x08000885   Thumb Code    74  stm32f4xx_nucleo.o(i.BSP_LED_Init)
    BSP_LED_Toggle                           0x080008dd   Thumb Code    22  stm32f4xx_nucleo.o(i.BSP_LED_Toggle)
    BSP_PB_Callback                          0x080008fd   Thumb Code     8  app_bluenrg_ms.o(i.BSP_PB_Callback)
    BSP_PB_GetState                          0x08000909   Thumb Code    28  stm32f4xx_nucleo.o(i.BSP_PB_GetState)
    BSP_PB_Init                              0x0800092d   Thumb Code   152  stm32f4xx_nucleo.o(i.BSP_PB_Init)
    BSP_SPI1_Init                            0x080009d5   Thumb Code    52  stm32f4xx_nucleo_bus.o(i.BSP_SPI1_Init)
    BSP_SPI1_SendRecv                        0x08000a15   Thumb Code    30  stm32f4xx_nucleo_bus.o(i.BSP_SPI1_SendRecv)
    BusFault_Handler                         0x08000a43   Thumb Code     2  stm32f4xx_it.o(i.BusFault_Handler)
    DebugMon_Handler                         0x08000a45   Thumb Code     2  stm32f4xx_it.o(i.DebugMon_Handler)
    EXTI0_IRQHandler                         0x08000a49   Thumb Code     6  stm32f4xx_it.o(i.EXTI0_IRQHandler)
    GAP_ConnectionComplete_CB                0x08000a55   Thumb Code    16  sensor_service.o(i.GAP_ConnectionComplete_CB)
    GAP_DisconnectionComplete_CB             0x08000a69   Thumb Code    14  sensor_service.o(i.GAP_DisconnectionComplete_CB)
    HAL_Delay                                0x08000a7d   Thumb Code    32  stm32f4xx_hal.o(i.HAL_Delay)
    HAL_EXTI_GetHandle                       0x08000aa1   Thumb Code    12  stm32f4xx_hal_exti.o(i.HAL_EXTI_GetHandle)
    HAL_EXTI_IRQHandler                      0x08000aad   Thumb Code    30  stm32f4xx_hal_exti.o(i.HAL_EXTI_IRQHandler)
    HAL_EXTI_RegisterCallback                0x08000ad1   Thumb Code    14  stm32f4xx_hal_exti.o(i.HAL_EXTI_RegisterCallback)
    HAL_GPIO_DeInit                          0x08000ae1   Thumb Code   304  stm32f4xx_hal_gpio.o(i.HAL_GPIO_DeInit)
    HAL_GPIO_Init                            0x08000c35   Thumb Code   384  stm32f4xx_hal_gpio.o(i.HAL_GPIO_Init)
    HAL_GPIO_ReadPin                         0x08000ddd   Thumb Code    10  stm32f4xx_hal_gpio.o(i.HAL_GPIO_ReadPin)
    HAL_GPIO_TogglePin                       0x08000de7   Thumb Code    14  stm32f4xx_hal_gpio.o(i.HAL_GPIO_TogglePin)
    HAL_GPIO_WritePin                        0x08000df5   Thumb Code    10  stm32f4xx_hal_gpio.o(i.HAL_GPIO_WritePin)
    HAL_GetTick                              0x08000e01   Thumb Code     6  stm32f4xx_hal.o(i.HAL_GetTick)
    HAL_IncTick                              0x08000e0d   Thumb Code    12  stm32f4xx_hal.o(i.HAL_IncTick)
    HAL_Init                                 0x08000e1d   Thumb Code    48  stm32f4xx_hal.o(i.HAL_Init)
    HAL_InitTick                             0x08000e51   Thumb Code    54  stm32f4xx_hal.o(i.HAL_InitTick)
    HAL_MspInit                              0x08000e91   Thumb Code    48  stm32f4xx_hal_msp.o(i.HAL_MspInit)
    HAL_NVIC_EnableIRQ                       0x08000ec5   Thumb Code    26  stm32f4xx_hal_cortex.o(i.HAL_NVIC_EnableIRQ)
    HAL_NVIC_SetPriority                     0x08000ee1   Thumb Code    60  stm32f4xx_hal_cortex.o(i.HAL_NVIC_SetPriority)
    HAL_NVIC_SetPriorityGrouping             0x08000f21   Thumb Code    26  stm32f4xx_hal_cortex.o(i.HAL_NVIC_SetPriorityGrouping)
    HAL_RCC_ClockConfig                      0x08000f45   Thumb Code   288  stm32f4xx_hal_rcc.o(i.HAL_RCC_ClockConfig)
    HAL_RCC_GetPCLK1Freq                     0x08001079   Thumb Code    20  stm32f4xx_hal_rcc.o(i.HAL_RCC_GetPCLK1Freq)
    HAL_RCC_GetPCLK2Freq                     0x08001099   Thumb Code    20  stm32f4xx_hal_rcc.o(i.HAL_RCC_GetPCLK2Freq)
    HAL_RCC_GetSysClockFreq                  0x080010b9   Thumb Code   140  stm32f4xx_hal_rcc_ex.o(i.HAL_RCC_GetSysClockFreq)
    HAL_RCC_OscConfig                        0x0800114d   Thumb Code   814  stm32f4xx_hal_rcc_ex.o(i.HAL_RCC_OscConfig)
    HAL_SPI_GetState                         0x08001491   Thumb Code     6  stm32f4xx_hal_spi.o(i.HAL_SPI_GetState)
    HAL_SPI_Init                             0x08001497   Thumb Code   128  stm32f4xx_hal_spi.o(i.HAL_SPI_Init)
    HAL_SPI_MspInit                          0x08001517   Thumb Code     2  stm32f4xx_hal_spi.o(i.HAL_SPI_MspInit)
    HAL_SPI_TransmitReceive                  0x08001519   Thumb Code   482  stm32f4xx_hal_spi.o(i.HAL_SPI_TransmitReceive)
    HAL_SYSTICK_Config                       0x080016fb   Thumb Code    40  stm32f4xx_hal_cortex.o(i.HAL_SYSTICK_Config)
    HAL_UART_Init                            0x08001723   Thumb Code    98  stm32f4xx_hal_uart.o(i.HAL_UART_Init)
    HAL_UART_MspInit                         0x08001785   Thumb Code     2  stm32f4xx_hal_uart.o(i.HAL_UART_MspInit)
    HCI_TL_SPI_DeInit                        0x08001789   Thumb Code    32  hci_tl_interface.o(i.HCI_TL_SPI_DeInit)
    HCI_TL_SPI_Init                          0x080017ad   Thumb Code    88  hci_tl_interface.o(i.HCI_TL_SPI_Init)
    HCI_TL_SPI_Receive                       0x08001811   Thumb Code   116  hci_tl_interface.o(i.HCI_TL_SPI_Receive)
    HCI_TL_SPI_Reset                         0x08001891   Thumb Code    44  hci_tl_interface.o(i.HCI_TL_SPI_Reset)
    HCI_TL_SPI_Send                          0x080018c1   Thumb Code   130  hci_tl_interface.o(i.HCI_TL_SPI_Send)
    HardFault_Handler                        0x08001955   Thumb Code     2  stm32f4xx_it.o(i.HardFault_Handler)
    Humidity_Update                          0x08001959   Thumb Code    30  sensor_service.o(i.Humidity_Update)
    MX_BlueNRG_MS_Init                       0x0800197d   Thumb Code   224  app_bluenrg_ms.o(i.MX_BlueNRG_MS_Init)
    MX_BlueNRG_MS_Process                    0x08001a79   Thumb Code    16  app_bluenrg_ms.o(i.MX_BlueNRG_MS_Process)
    MX_GPIO_Init                             0x08001a8d   Thumb Code   174  gpio.o(i.MX_GPIO_Init)
    MX_SPI1_Init                             0x08001b4d   Thumb Code    54  stm32f4xx_nucleo_bus.o(i.MX_SPI1_Init)
    MX_USART2_UART_Init                      0x08001b89   Thumb Code    40  stm32f4xx_nucleo.o(i.MX_USART2_UART_Init)
    MemManage_Handler                        0x08001bb5   Thumb Code     2  stm32f4xx_it.o(i.MemManage_Handler)
    NMI_Handler                              0x08001bb7   Thumb Code     2  stm32f4xx_it.o(i.NMI_Handler)
    PendSV_Handler                           0x08001bb9   Thumb Code     2  stm32f4xx_it.o(i.PendSV_Handler)
    Press_Update                             0x08001bbd   Thumb Code    30  sensor_service.o(i.Press_Update)
    Read_Request_CB                          0x08001be1   Thumb Code   172  sensor_service.o(i.Read_Request_CB)
    SVC_Handler                              0x08001e01   Thumb Code     2  stm32f4xx_it.o(i.SVC_Handler)
    SysTick_Handler                          0x08001e03   Thumb Code     4  stm32f4xx_it.o(i.SysTick_Handler)
    SystemClock_Config                       0x08001e09   Thumb Code   126  main.o(i.SystemClock_Config)
    SystemInit                               0x08001e91   Thumb Code    22  system_stm32f4xx.o(i.SystemInit)
    Temp_Update                              0x08001ead   Thumb Code    30  sensor_service.o(i.Temp_Update)
    UsageFault_Handler                       0x08001ff9   Thumb Code     2  stm32f4xx_it.o(i.UsageFault_Handler)
    __scatterload_copy                       0x0800208d   Thumb Code    14  handlers.o(i.__scatterload_copy)
    __scatterload_null                       0x0800209b   Thumb Code     2  handlers.o(i.__scatterload_null)
    __scatterload_zeroinit                   0x0800209d   Thumb Code    14  handlers.o(i.__scatterload_zeroinit)
    aci_gap_init_IDB04A1                     0x080020ab   Thumb Code   104  bluenrg_gap_aci.o(i.aci_gap_init_IDB04A1)
    aci_gap_init_IDB05A1                     0x08002113   Thumb Code   112  bluenrg_gap_aci.o(i.aci_gap_init_IDB05A1)
    aci_gap_set_auth_requirement             0x08002183   Thumb Code   116  bluenrg_gap_aci.o(i.aci_gap_set_auth_requirement)
    aci_gap_set_discoverable                 0x080021f7   Thumb Code   204  bluenrg_gap_aci.o(i.aci_gap_set_discoverable)
    aci_gatt_add_char                        0x080022c3   Thumb Code   182  bluenrg_gatt_aci.o(i.aci_gatt_add_char)
    aci_gatt_add_char_desc                   0x08002379   Thumb Code   228  bluenrg_gatt_aci.o(i.aci_gatt_add_char_desc)
    aci_gatt_add_serv                        0x0800245d   Thumb Code   124  bluenrg_gatt_aci.o(i.aci_gatt_add_serv)
    aci_gatt_allow_read                      0x080024d9   Thumb Code    70  bluenrg_gatt_aci.o(i.aci_gatt_allow_read)
    aci_gatt_init                            0x0800251f   Thumb Code    58  bluenrg_gatt_aci.o(i.aci_gatt_init)
    aci_gatt_update_char_value               0x08002559   Thumb Code   122  bluenrg_gatt_aci.o(i.aci_gatt_update_char_value)
    aci_hal_set_tx_power_level               0x080025d3   Thumb Code    72  bluenrg_hal_aci.o(i.aci_hal_set_tx_power_level)
    aci_hal_write_config_data                0x0800261b   Thumb Code    94  bluenrg_hal_aci.o(i.aci_hal_write_config_data)
    getBlueNRGVersion                        0x08002679   Thumb Code    76  bluenrg_utils_small.o(i.getBlueNRGVersion)
    hci_init                                 0x080026c5   Thumb Code    80  hci_tl.o(i.hci_init)
    hci_le_read_local_version                0x08002721   Thumb Code   124  hci_le.o(i.hci_le_read_local_version)
    hci_le_set_scan_resp_data                0x0800279d   Thumb Code    96  hci_le.o(i.hci_le_set_scan_resp_data)
    hci_notify_asynch_evt                    0x080027fd   Thumb Code    94  hci_tl.o(i.hci_notify_asynch_evt)
    hci_register_io_bus                      0x08002865   Thumb Code    24  hci_tl.o(i.hci_register_io_bus)
    hci_reset                                0x08002881   Thumb Code    54  hci_le.o(i.hci_reset)
    hci_send_req                             0x080028b9   Thumb Code   382  hci_tl.o(i.hci_send_req)
    hci_tl_lowlevel_init                     0x08002a41   Thumb Code    74  hci_tl_interface.o(i.hci_tl_lowlevel_init)
    hci_tl_lowlevel_isr                      0x08002aad   Thumb Code    28  hci_tl_interface.o(i.hci_tl_lowlevel_isr)
    hci_user_evt_proc                        0x08002acd   Thumb Code    50  hci_tl.o(i.hci_user_evt_proc)
    list_get_size                            0x08002b09   Thumb Code    28  ble_list.o(i.list_get_size)
    list_init_head                           0x08002b25   Thumb Code     6  ble_list.o(i.list_init_head)
    list_insert_head                         0x08002b2b   Thumb Code    24  ble_list.o(i.list_insert_head)
    list_insert_tail                         0x08002b43   Thumb Code    24  ble_list.o(i.list_insert_tail)
    list_is_empty                            0x08002b5b   Thumb Code    24  ble_list.o(i.list_is_empty)
    list_remove_head                         0x08002b73   Thumb Code    36  ble_list.o(i.list_remove_head)
    list_remove_node                         0x08002b97   Thumb Code    22  ble_list.o(i.list_remove_node)
    list_remove_tail                         0x08002bad   Thumb Code    36  ble_list.o(i.list_remove_tail)
    main                                     0x08002bd1   Thumb Code    22  main.o(i.main)
    setConnectable                           0x08002c0d   Thumb Code    54  sensor_service.o(i.setConnectable)
    user_notify                              0x08002c4d   Thumb Code    62  sensor_service.o(i.user_notify)
    AHBPrescTable                            0x08002ca0   Data          16  system_stm32f4xx.o(.constdata)
    APBPrescTable                            0x08002cb0   Data           8  system_stm32f4xx.o(.constdata)
    Region$$Table$$Base                      0x08002cb8   Number         0  anon$$obj.o(Region$$Table)
    Region$$Table$$Limit                     0x08002cd8   Number         0  anon$$obj.o(Region$$Table)
    hexti0                                   0x20000000   Data           8  hci_tl_interface.o(.data)
    set_connectable                          0x20000008   Data           1  sensor_service.o(.data)
    notification_enabled                     0x20000009   Data           1  sensor_service.o(.data)
    connection_handle                        0x2000000a   Data           2  sensor_service.o(.data)
    accServHandle                            0x2000000c   Data           2  sensor_service.o(.data)
    freeFallCharHandle                       0x2000000e   Data           2  sensor_service.o(.data)
    accCharHandle                            0x20000010   Data           2  sensor_service.o(.data)
    envSensServHandle                        0x20000012   Data           2  sensor_service.o(.data)
    tempCharHandle                           0x20000014   Data           2  sensor_service.o(.data)
    pressCharHandle                          0x20000016   Data           2  sensor_service.o(.data)
    humidityCharHandle                       0x20000018   Data           2  sensor_service.o(.data)
    connected                                0x2000001c   Data           4  sensor_service.o(.data)
    bnrg_expansion_board                     0x20000020   Data           1  app_bluenrg_ms.o(.data)
    COM_USART                                0x20000034   Data           4  stm32f4xx_nucleo.o(.data)
    hpb_exti                                 0x20000038   Data           8  stm32f4xx_nucleo.o(.data)
    uwTickFreq                               0x20000040   Data           1  stm32f4xx_hal.o(.data)
    uwTickPrio                               0x20000044   Data           4  stm32f4xx_hal.o(.data)
    uwTick                                   0x20000048   Data           4  stm32f4xx_hal.o(.data)
    SystemCoreClock                          0x2000004c   Data           4  system_stm32f4xx.o(.data)
    hciReadPktPool                           0x20000050   Data           8  hci_tl.o(.data)
    hciReadPktRxQueue                        0x20000058   Data           8  hci_tl.o(.data)
    axes_data                                0x20000164   Data          12  sensor_service.o(.bss)
    hspi1                                    0x20000170   Data          88  stm32f4xx_nucleo_bus.o(.bss)
    hcom_uart                                0x200001c8   Data          64  stm32f4xx_nucleo.o(.bss)
    __initial_sp                             0x200008e8   Data           0  startup_stm32f446xx.o(STACK)



==============================================================================

Memory Map of the image

  Image Entry point : 0x080001c5

  Load Region LR_IROM1 (Base: 0x08000000, Size: 0x00002d3c, Max: 0x00080000, ABSOLUTE)

    Execution Region ER_IROM1 (Exec base: 0x08000000, Load base: 0x08000000, Size: 0x00002cd8, Max: 0x00080000, ABSOLUTE)

    Exec Addr    Load Addr    Size         Type   Attr      Idx    E Section Name        Object

    0x08000000   0x08000000   0x000001c4   Data   RO            3    RESET               startup_stm32f446xx.o
    0x080001c4   0x080001c4   0x00000000   Code   RO         3889  * .ARM.Collect$$$$00000000  mc_w.l(entry.o)
    0x080001c4   0x080001c4   0x00000004   Code   RO         3905    .ARM.Collect$$$$00000001  mc_w.l(entry2.o)
    0x080001c8   0x080001c8   0x00000004   Code   RO         3908    .ARM.Collect$$$$00000004  mc_w.l(entry5.o)
    0x080001cc   0x080001cc   0x00000000   Code   RO         3910    .ARM.Collect$$$$00000008  mc_w.l(entry7b.o)
    0x080001cc   0x080001cc   0x00000000   Code   RO         3912    .ARM.Collect$$$$0000000A  mc_w.l(entry8b.o)
    0x080001cc   0x080001cc   0x00000008   Code   RO         3913    .ARM.Collect$$$$0000000B  mc_w.l(entry9a.o)
    0x080001d4   0x080001d4   0x00000000   Code   RO         3915    .ARM.Collect$$$$0000000D  mc_w.l(entry10a.o)
    0x080001d4   0x080001d4   0x00000000   Code   RO         3917    .ARM.Collect$$$$0000000F  mc_w.l(entry11a.o)
    0x080001d4   0x080001d4   0x00000004   Code   RO         3906    .ARM.Collect$$$$00002712  mc_w.l(entry2.o)
    0x080001d8   0x080001d8   0x00000024   Code   RO            4    .text               startup_stm32f446xx.o
    0x080001fc   0x080001fc   0x00000062   Code   RO         3892    .text               mc_w.l(uldiv.o)
    0x0800025e   0x0800025e   0x00000002   PAD
    0x08000260   0x08000260   0x00000024   Code   RO         3894    .text               mc_w.l(rand.o)
    0x08000284   0x08000284   0x00000024   Code   RO         3897    .text               mc_w.l(memcpya.o)
    0x080002a8   0x080002a8   0x00000024   Code   RO         3899    .text               mc_w.l(memseta.o)
    0x080002cc   0x080002cc   0x0000000e   Code   RO         3901    .text               mc_w.l(strlen.o)
    0x080002da   0x080002da   0x0000001e   Code   RO         3919    .text               mc_w.l(llshl.o)
    0x080002f8   0x080002f8   0x00000020   Code   RO         3921    .text               mc_w.l(llushr.o)
    0x08000318   0x08000318   0x00000024   Code   RO         3923    .text               mc_w.l(init.o)
    0x0800033c   0x0800033c   0x0000004c   Code   RO          280    i.Acc_Update        sensor_service.o
    0x08000388   0x08000388   0x00000184   Code   RO          281    i.Add_Acc_Service   sensor_service.o
    0x0800050c   0x0800050c   0x000002f4   Code   RO          282    i.Add_Environmental_Sensor_Service  sensor_service.o
    0x08000800   0x08000800   0x00000080   Code   RO          657    i.BSP_COM_Init      stm32f4xx_nucleo.o
    0x08000880   0x08000880   0x00000004   Code   RO          479    i.BSP_GetTick       stm32f4xx_nucleo_bus.o
    0x08000884   0x08000884   0x00000058   Code   RO          662    i.BSP_LED_Init      stm32f4xx_nucleo.o
    0x080008dc   0x080008dc   0x00000020   Code   RO          665    i.BSP_LED_Toggle    stm32f4xx_nucleo.o
    0x080008fc   0x080008fc   0x0000000c   Code   RO          427    i.BSP_PB_Callback   app_bluenrg_ms.o
    0x08000908   0x08000908   0x00000024   Code   RO          668    i.BSP_PB_GetState   stm32f4xx_nucleo.o
    0x0800092c   0x0800092c   0x000000a8   Code   RO          670    i.BSP_PB_Init       stm32f4xx_nucleo.o
    0x080009d4   0x080009d4   0x00000040   Code   RO          481    i.BSP_SPI1_Init     stm32f4xx_nucleo_bus.o
    0x08000a14   0x08000a14   0x00000024   Code   RO          484    i.BSP_SPI1_SendRecv  stm32f4xx_nucleo_bus.o
    0x08000a38   0x08000a38   0x0000000a   Code   RO          671    i.BUTTON_USER_EXTI_Callback  stm32f4xx_nucleo.o
    0x08000a42   0x08000a42   0x00000002   Code   RO          551    i.BusFault_Handler  stm32f4xx_it.o
    0x08000a44   0x08000a44   0x00000002   Code   RO          552    i.DebugMon_Handler  stm32f4xx_it.o
    0x08000a46   0x08000a46   0x00000002   PAD
    0x08000a48   0x08000a48   0x0000000c   Code   RO          553    i.EXTI0_IRQHandler  stm32f4xx_it.o
    0x08000a54   0x08000a54   0x00000014   Code   RO          284    i.GAP_ConnectionComplete_CB  sensor_service.o
    0x08000a68   0x08000a68   0x00000014   Code   RO          285    i.GAP_DisconnectionComplete_CB  sensor_service.o
    0x08000a7c   0x08000a7c   0x00000024   Code   RO         2094    i.HAL_Delay         stm32f4xx_hal.o
    0x08000aa0   0x08000aa0   0x0000000c   Code   RO         2277    i.HAL_EXTI_GetHandle  stm32f4xx_hal_exti.o
    0x08000aac   0x08000aac   0x00000024   Code   RO         2279    i.HAL_EXTI_IRQHandler  stm32f4xx_hal_exti.o
    0x08000ad0   0x08000ad0   0x0000000e   Code   RO         2280    i.HAL_EXTI_RegisterCallback  stm32f4xx_hal_exti.o
    0x08000ade   0x08000ade   0x00000002   PAD
    0x08000ae0   0x08000ae0   0x00000154   Code   RO         1547    i.HAL_GPIO_DeInit   stm32f4xx_hal_gpio.o
    0x08000c34   0x08000c34   0x000001a8   Code   RO         1550    i.HAL_GPIO_Init     stm32f4xx_hal_gpio.o
    0x08000ddc   0x08000ddc   0x0000000a   Code   RO         1552    i.HAL_GPIO_ReadPin  stm32f4xx_hal_gpio.o
    0x08000de6   0x08000de6   0x0000000e   Code   RO         1553    i.HAL_GPIO_TogglePin  stm32f4xx_hal_gpio.o
    0x08000df4   0x08000df4   0x0000000a   Code   RO         1554    i.HAL_GPIO_WritePin  stm32f4xx_hal_gpio.o
    0x08000dfe   0x08000dfe   0x00000002   PAD
    0x08000e00   0x08000e00   0x0000000c   Code   RO         2100    i.HAL_GetTick       stm32f4xx_hal.o
    0x08000e0c   0x08000e0c   0x00000010   Code   RO         2106    i.HAL_IncTick       stm32f4xx_hal.o
    0x08000e1c   0x08000e1c   0x00000034   Code   RO         2107    i.HAL_Init          stm32f4xx_hal.o
    0x08000e50   0x08000e50   0x00000040   Code   RO         2108    i.HAL_InitTick      stm32f4xx_hal.o
    0x08000e90   0x08000e90   0x00000034   Code   RO          632    i.HAL_MspInit       stm32f4xx_hal_msp.o
    0x08000ec4   0x08000ec4   0x0000001a   Code   RO         1957    i.HAL_NVIC_EnableIRQ  stm32f4xx_hal_cortex.o
    0x08000ede   0x08000ede   0x00000002   PAD
    0x08000ee0   0x08000ee0   0x00000040   Code   RO         1963    i.HAL_NVIC_SetPriority  stm32f4xx_hal_cortex.o
    0x08000f20   0x08000f20   0x00000024   Code   RO         1964    i.HAL_NVIC_SetPriorityGrouping  stm32f4xx_hal_cortex.o
    0x08000f44   0x08000f44   0x00000134   Code   RO         1112    i.HAL_RCC_ClockConfig  stm32f4xx_hal_rcc.o
    0x08001078   0x08001078   0x00000020   Code   RO         1119    i.HAL_RCC_GetPCLK1Freq  stm32f4xx_hal_rcc.o
    0x08001098   0x08001098   0x00000020   Code   RO         1120    i.HAL_RCC_GetPCLK2Freq  stm32f4xx_hal_rcc.o
    0x080010b8   0x080010b8   0x00000094   Code   RO         1223    i.HAL_RCC_GetSysClockFreq  stm32f4xx_hal_rcc_ex.o
    0x0800114c   0x0800114c   0x00000344   Code   RO         1224    i.HAL_RCC_OscConfig  stm32f4xx_hal_rcc_ex.o
    0x08001490   0x08001490   0x00000006   Code   RO          798    i.HAL_SPI_GetState  stm32f4xx_hal_spi.o
    0x08001496   0x08001496   0x00000080   Code   RO          800    i.HAL_SPI_Init      stm32f4xx_hal_spi.o
    0x08001516   0x08001516   0x00000002   Code   RO          802    i.HAL_SPI_MspInit   stm32f4xx_hal_spi.o
    0x08001518   0x08001518   0x000001e2   Code   RO          809    i.HAL_SPI_TransmitReceive  stm32f4xx_hal_spi.o
    0x080016fa   0x080016fa   0x00000028   Code   RO         1968    i.HAL_SYSTICK_Config  stm32f4xx_hal_cortex.o
    0x08001722   0x08001722   0x00000062   Code   RO         2370    i.HAL_UART_Init     stm32f4xx_hal_uart.o
    0x08001784   0x08001784   0x00000002   Code   RO         2372    i.HAL_UART_MspInit  stm32f4xx_hal_uart.o
    0x08001786   0x08001786   0x00000002   PAD
    0x08001788   0x08001788   0x00000024   Code   RO          195    i.HCI_TL_SPI_DeInit  hci_tl_interface.o
    0x080017ac   0x080017ac   0x00000064   Code   RO          196    i.HCI_TL_SPI_Init   hci_tl_interface.o
    0x08001810   0x08001810   0x00000080   Code   RO          197    i.HCI_TL_SPI_Receive  hci_tl_interface.o
    0x08001890   0x08001890   0x00000030   Code   RO          198    i.HCI_TL_SPI_Reset  hci_tl_interface.o
    0x080018c0   0x080018c0   0x00000094   Code   RO          199    i.HCI_TL_SPI_Send   hci_tl_interface.o
    0x08001954   0x08001954   0x00000002   Code   RO          554    i.HardFault_Handler  stm32f4xx_it.o
    0x08001956   0x08001956   0x00000002   PAD
    0x08001958   0x08001958   0x00000024   Code   RO          286    i.Humidity_Update   sensor_service.o
    0x0800197c   0x0800197c   0x000000fc   Code   RO          428    i.MX_BlueNRG_MS_Init  app_bluenrg_ms.o
    0x08001a78   0x08001a78   0x00000014   Code   RO          429    i.MX_BlueNRG_MS_Process  app_bluenrg_ms.o
    0x08001a8c   0x08001a8c   0x000000c0   Code   RO          171    i.MX_GPIO_Init      gpio.o
    0x08001b4c   0x08001b4c   0x0000003c   Code   RO          485    i.MX_SPI1_Init      stm32f4xx_nucleo_bus.o
    0x08001b88   0x08001b88   0x0000002c   Code   RO          672    i.MX_USART2_UART_Init  stm32f4xx_nucleo.o
    0x08001bb4   0x08001bb4   0x00000002   Code   RO          555    i.MemManage_Handler  stm32f4xx_it.o
    0x08001bb6   0x08001bb6   0x00000002   Code   RO          556    i.NMI_Handler       stm32f4xx_it.o
    0x08001bb8   0x08001bb8   0x00000002   Code   RO          557    i.PendSV_Handler    stm32f4xx_it.o
    0x08001bba   0x08001bba   0x00000002   PAD
    0x08001bbc   0x08001bbc   0x00000024   Code   RO          287    i.Press_Update      sensor_service.o
    0x08001be0   0x08001be0   0x000000b8   Code   RO          288    i.Read_Request_CB   sensor_service.o
    0x08001c98   0x08001c98   0x0000007c   Code   RO          486    i.SPI1_MspInit      stm32f4xx_nucleo_bus.o
    0x08001d14   0x08001d14   0x00000058   Code   RO          838    i.SPI_EndRxTxTransaction  stm32f4xx_hal_spi.o
    0x08001d6c   0x08001d6c   0x00000094   Code   RO          843    i.SPI_WaitFlagStateUntilTimeout  stm32f4xx_hal_spi.o
    0x08001e00   0x08001e00   0x00000002   Code   RO          558    i.SVC_Handler       stm32f4xx_it.o
    0x08001e02   0x08001e02   0x00000004   Code   RO          559    i.SysTick_Handler   stm32f4xx_it.o
    0x08001e06   0x08001e06   0x00000002   PAD
    0x08001e08   0x08001e08   0x00000088   Code   RO           14    i.SystemClock_Config  main.o
    0x08001e90   0x08001e90   0x0000001c   Code   RO         2708    i.SystemInit        system_stm32f4xx.o
    0x08001eac   0x08001eac   0x00000024   Code   RO          289    i.Temp_Update       sensor_service.o
    0x08001ed0   0x08001ed0   0x00000128   Code   RO         2396    i.UART_SetConfig    stm32f4xx_hal_uart.o
    0x08001ff8   0x08001ff8   0x00000002   Code   RO          560    i.UsageFault_Handler  stm32f4xx_it.o
    0x08001ffa   0x08001ffa   0x00000002   PAD
    0x08001ffc   0x08001ffc   0x00000070   Code   RO          430    i.User_Process      app_bluenrg_ms.o
    0x0800206c   0x0800206c   0x00000020   Code   RO         1970    i.__NVIC_SetPriority  stm32f4xx_hal_cortex.o
    0x0800208c   0x0800208c   0x0000000e   Code   RO         3927    i.__scatterload_copy  mc_w.l(handlers.o)
    0x0800209a   0x0800209a   0x00000002   Code   RO         3928    i.__scatterload_null  mc_w.l(handlers.o)
    0x0800209c   0x0800209c   0x0000000e   Code   RO         3929    i.__scatterload_zeroinit  mc_w.l(handlers.o)
    0x080020aa   0x080020aa   0x00000068   Code   RO         3015    i.aci_gap_init_IDB04A1  bluenrg_gap_aci.o
    0x08002112   0x08002112   0x00000070   Code   RO         3016    i.aci_gap_init_IDB05A1  bluenrg_gap_aci.o
    0x08002182   0x08002182   0x00000074   Code   RO         3022    i.aci_gap_set_auth_requirement  bluenrg_gap_aci.o
    0x080021f6   0x080021f6   0x000000cc   Code   RO         3027    i.aci_gap_set_discoverable  bluenrg_gap_aci.o
    0x080022c2   0x080022c2   0x000000b6   Code   RO         3282    i.aci_gatt_add_char  bluenrg_gatt_aci.o
    0x08002378   0x08002378   0x000000e4   Code   RO         3283    i.aci_gatt_add_char_desc  bluenrg_gatt_aci.o
    0x0800245c   0x0800245c   0x0000007c   Code   RO         3284    i.aci_gatt_add_serv  bluenrg_gatt_aci.o
    0x080024d8   0x080024d8   0x00000046   Code   RO         3285    i.aci_gatt_allow_read  bluenrg_gatt_aci.o
    0x0800251e   0x0800251e   0x0000003a   Code   RO         3298    i.aci_gatt_init     bluenrg_gatt_aci.o
    0x08002558   0x08002558   0x0000007a   Code   RO         3311    i.aci_gatt_update_char_value  bluenrg_gatt_aci.o
    0x080025d2   0x080025d2   0x00000048   Code   RO         3564    i.aci_hal_set_tx_power_level  bluenrg_hal_aci.o
    0x0800261a   0x0800261a   0x0000005e   Code   RO         3567    i.aci_hal_write_config_data  bluenrg_hal_aci.o
    0x08002678   0x08002678   0x0000004c   Code   RO         3762    i.getBlueNRGVersion  bluenrg_utils_small.o
    0x080026c4   0x080026c4   0x0000005c   Code   RO         2745    i.hci_init          hci_tl.o
    0x08002720   0x08002720   0x0000007c   Code   RO         2815    i.hci_le_read_local_version  hci_le.o
    0x0800279c   0x0800279c   0x00000060   Code   RO         2826    i.hci_le_set_scan_resp_data  hci_le.o
    0x080027fc   0x080027fc   0x00000068   Code   RO         2746    i.hci_notify_asynch_evt  hci_tl.o
    0x08002864   0x08002864   0x0000001c   Code   RO         2747    i.hci_register_io_bus  hci_tl.o
    0x08002880   0x08002880   0x00000036   Code   RO         2832    i.hci_reset         hci_le.o
    0x080028b6   0x080028b6   0x00000002   PAD
    0x080028b8   0x080028b8   0x00000188   Code   RO         2748    i.hci_send_req      hci_tl.o
    0x08002a40   0x08002a40   0x0000006c   Code   RO          200    i.hci_tl_lowlevel_init  hci_tl_interface.o
    0x08002aac   0x08002aac   0x00000020   Code   RO          201    i.hci_tl_lowlevel_isr  hci_tl_interface.o
    0x08002acc   0x08002acc   0x0000003c   Code   RO         2749    i.hci_user_evt_proc  hci_tl.o
    0x08002b08   0x08002b08   0x0000001c   Code   RO         3791    i.list_get_size     ble_list.o
    0x08002b24   0x08002b24   0x00000006   Code   RO         3792    i.list_init_head    ble_list.o
    0x08002b2a   0x08002b2a   0x00000018   Code   RO         3793    i.list_insert_head  ble_list.o
    0x08002b42   0x08002b42   0x00000018   Code   RO         3796    i.list_insert_tail  ble_list.o
    0x08002b5a   0x08002b5a   0x00000018   Code   RO         3797    i.list_is_empty     ble_list.o
    0x08002b72   0x08002b72   0x00000024   Code   RO         3798    i.list_remove_head  ble_list.o
    0x08002b96   0x08002b96   0x00000016   Code   RO         3799    i.list_remove_node  ble_list.o
    0x08002bac   0x08002bac   0x00000024   Code   RO         3800    i.list_remove_tail  ble_list.o
    0x08002bd0   0x08002bd0   0x00000016   Code   RO           15    i.main              main.o
    0x08002be6   0x08002be6   0x00000024   Code   RO         2750    i.move_list         hci_tl.o
    0x08002c0a   0x08002c0a   0x00000002   PAD
    0x08002c0c   0x08002c0c   0x00000040   Code   RO          290    i.setConnectable    sensor_service.o
    0x08002c4c   0x08002c4c   0x0000003e   Code   RO          291    i.user_notify       sensor_service.o
    0x08002c8a   0x08002c8a   0x00000002   PAD
    0x08002c8c   0x08002c8c   0x00000014   Data   RO          675    .constdata          stm32f4xx_nucleo.o
    0x08002ca0   0x08002ca0   0x00000010   Data   RO         2709    .constdata          system_stm32f4xx.o
    0x08002cb0   0x08002cb0   0x00000008   Data   RO         2710    .constdata          system_stm32f4xx.o
    0x08002cb8   0x08002cb8   0x00000020   Data   RO         3925    Region$$Table       anon$$obj.o


    Execution Region RW_IRAM1 (Exec base: 0x20000000, Load base: 0x08002cd8, Size: 0x000008e8, Max: 0x00020000, ABSOLUTE)

    Exec Addr    Load Addr    Size         Type   Attr      Idx    E Section Name        Object

    0x20000000   0x08002cd8   0x00000008   Data   RW          203    .data               hci_tl_interface.o
    0x20000008   0x08002ce0   0x00000018   Data   RW          293    .data               sensor_service.o
    0x20000020   0x08002cf8   0x00000003   Data   RW          431    .data               app_bluenrg_ms.o
    0x20000023   0x08002cfb   0x00000001   PAD
    0x20000024   0x08002cfc   0x00000004   Data   RW          488    .data               stm32f4xx_nucleo_bus.o
    0x20000028   0x08002d00   0x00000018   Data   RW          676    .data               stm32f4xx_nucleo.o
    0x20000040   0x08002d18   0x0000000c   Data   RW         2114    .data               stm32f4xx_hal.o
    0x2000004c   0x08002d24   0x00000004   Data   RW         2711    .data               system_stm32f4xx.o
    0x20000050   0x08002d28   0x00000010   Data   RW         2752    .data               hci_tl.o
    0x20000060   0x08002d38   0x00000004   Data   RW         3895    .data               mc_w.l(rand.o)
    0x20000064        -       0x000000ff   Zero   RW          202    .bss                hci_tl_interface.o
    0x20000163   0x08002d3c   0x00000001   PAD
    0x20000164        -       0x0000000c   Zero   RW          292    .bss                sensor_service.o
    0x20000170        -       0x00000058   Zero   RW          487    .bss                stm32f4xx_nucleo_bus.o
    0x200001c8        -       0x00000040   Zero   RW          674    .bss                stm32f4xx_nucleo.o
    0x20000208        -       0x000002dc   Zero   RW         2751    .bss                hci_tl.o
    0x200004e4   0x08002d3c   0x00000004   PAD
    0x200004e8        -       0x00000400   Zero   RW            1    STACK               startup_stm32f446xx.o


==============================================================================

Image component sizes


      Code (inc. data)   RO Data    RW Data    ZI Data      Debug   Object Name

       396         50          0          3          0       3640   app_bluenrg_ms.o
       200          0          0          0          0      11464   ble_list.o
       536          0          0          0          0       4980   bluenrg_gap_aci.o
       784          0          0          0          0       7284   bluenrg_gatt_aci.o
       166          0          0          0          0       2449   bluenrg_hal_aci.o
        76          0          0          0          0       1468   bluenrg_utils_small.o
       192         18          0          0          0        971   gpio.o
       274          0          0          0          0       3116   hci_le.o
       712         46          0         16        732       6443   hci_tl.o
       600         88          0          8        255       6958   hci_tl_interface.o
       158         10          0          0          0     690113   main.o
      1678         64          0         24         12      52920   sensor_service.o
        36          8        452          0       1024        840   startup_stm32f446xx.o
       180         28          0         12          0       9305   stm32f4xx_hal.o
       198         14          0          0          0      33975   stm32f4xx_hal_cortex.o
        62          6          0          0          0       2519   stm32f4xx_hal_exti.o
       798         76          0          0          0       4626   stm32f4xx_hal_gpio.o
        52          4          0          0          0        846   stm32f4xx_hal_msp.o
       372         44          0          0          0       2906   stm32f4xx_hal_rcc.o
       984         30          0          0          0       2726   stm32f4xx_hal_rcc_ex.o
       854          8          0          0          0       5894   stm32f4xx_hal_spi.o
       396         10          0          0          0       2603   stm32f4xx_hal_uart.o
        32          6          0          0          0       4593   stm32f4xx_it.o
       506         68         20         24         64       8548   stm32f4xx_nucleo.o
       288         38          0          4         88       3701   stm32f4xx_nucleo_bus.o
        28          6         24          4          0       1143   system_stm32f4xx.o

    ----------------------------------------------------------------------
     10582        622        528         96       2180     876031   Object Totals
         0          0         32          0          0          0   (incl. Generated)
        24          0          0          1          5          0   (incl. Padding)

    ----------------------------------------------------------------------

      Code (inc. data)   RO Data    RW Data    ZI Data      Debug   Library Member Name

         0          0          0          0          0          0   entry.o
         0          0          0          0          0          0   entry10a.o
         0          0          0          0          0          0   entry11a.o
         8          4          0          0          0          0   entry2.o
         4          0          0          0          0          0   entry5.o
         0          0          0          0          0          0   entry7b.o
         0          0          0          0          0          0   entry8b.o
         8          4          0          0          0          0   entry9a.o
        30          0          0          0          0          0   handlers.o
        36          8          0          0          0         68   init.o
        30          0          0          0          0         68   llshl.o
        32          0          0          0          0         68   llushr.o
        36          0          0          0          0         68   memcpya.o
        36          0          0          0          0        108   memseta.o
        36         10          0          4          0        136   rand.o
        14          0          0          0          0         68   strlen.o
        98          0          0          0          0         92   uldiv.o

    ----------------------------------------------------------------------
       370         26          0          4          0        676   Library Totals
         2          0          0          0          0          0   (incl. Padding)

    ----------------------------------------------------------------------

      Code (inc. data)   RO Data    RW Data    ZI Data      Debug   Library Name

       368         26          0          4          0        676   mc_w.l

    ----------------------------------------------------------------------
       370         26          0          4          0        676   Library Totals

    ----------------------------------------------------------------------

==============================================================================


      Code (inc. data)   RO Data    RW Data    ZI Data      Debug   

     10952        648        528        100       2180     866303   Grand Totals
     10952        648        528        100       2180     866303   ELF Image Totals
     10952        648        528        100          0          0   ROM Totals

==============================================================================

    Total RO  Size (Code + RO Data)                11480 (  11.21kB)
    Total RW  Size (RW Data + ZI Data)              2280 (   2.23kB)
    Total ROM Size (Code + RO Data + RW Data)      11580 (  11.31kB)

==============================================================================

