Component: ARM Compiler 5.06 update 6 (build 750) Tool: armlink [4d35ed]

==============================================================================

Section Cross References

    startup_stm32f446xx.o(RESET) refers to startup_stm32f446xx.o(STACK) for __initial_sp
    startup_stm32f446xx.o(RESET) refers to startup_stm32f446xx.o(.text) for Reset_Handler
    startup_stm32f446xx.o(RESET) refers to stm32f4xx_it.o(i.NMI_Handler) for NMI_Handler
    startup_stm32f446xx.o(RESET) refers to stm32f4xx_it.o(i.HardFault_Handler) for HardFault_Handler
    startup_stm32f446xx.o(RESET) refers to stm32f4xx_it.o(i.MemManage_Handler) for MemManage_Handler
    startup_stm32f446xx.o(RESET) refers to stm32f4xx_it.o(i.BusFault_Handler) for BusFault_Handler
    startup_stm32f446xx.o(RESET) refers to stm32f4xx_it.o(i.UsageFault_Handler) for UsageFault_Handler
    startup_stm32f446xx.o(RESET) refers to stm32f4xx_it.o(i.SVC_Handler) for SVC_Handler
    startup_stm32f446xx.o(RESET) refers to stm32f4xx_it.o(i.DebugMon_Handler) for DebugMon_Handler
    startup_stm32f446xx.o(RESET) refers to stm32f4xx_it.o(i.PendSV_Handler) for PendSV_Handler
    startup_stm32f446xx.o(RESET) refers to stm32f4xx_it.o(i.SysTick_Handler) for SysTick_Handler
    startup_stm32f446xx.o(RESET) refers to stm32f4xx_it.o(i.EXTI0_IRQHandler) for EXTI0_IRQHandler
    startup_stm32f446xx.o(RESET) refers to stm32f4xx_it.o(i.EXTI15_10_IRQHandler) for EXTI15_10_IRQHandler
    startup_stm32f446xx.o(.text) refers to system_stm32f4xx.o(i.SystemInit) for SystemInit
    startup_stm32f446xx.o(.text) refers to entry.o(.ARM.Collect$$$$00000000) for __main
    main.o(i.SystemClock_Config) refers to memseta.o(.text) for __aeabi_memclr4
    main.o(i.SystemClock_Config) refers to stm32f4xx_hal_rcc_ex.o(i.HAL_RCC_OscConfig) for HAL_RCC_OscConfig
    main.o(i.SystemClock_Config) refers to stm32f4xx_hal_rcc.o(i.HAL_RCC_ClockConfig) for HAL_RCC_ClockConfig
    main.o(i.main) refers to stm32f4xx_hal.o(i.HAL_Init) for HAL_Init
    main.o(i.main) refers to main.o(i.SystemClock_Config) for SystemClock_Config
    main.o(i.main) refers to gpio.o(i.MX_GPIO_Init) for MX_GPIO_Init
    main.o(i.main) refers to usart.o(i.MX_USART2_UART_Init) for MX_USART2_UART_Init
    main.o(i.main) refers to app_x-cube-ble1.o(i.MX_BlueNRG_MS_Init) for MX_BlueNRG_MS_Init
    main.o(i.main) refers to app_x-cube-ble1.o(i.MX_BlueNRG_MS_Process) for MX_BlueNRG_MS_Process
    gpio.o(i.MX_GPIO_Init) refers to memseta.o(.text) for __aeabi_memclr4
    gpio.o(i.MX_GPIO_Init) refers to stm32f4xx_hal_gpio.o(i.HAL_GPIO_WritePin) for HAL_GPIO_WritePin
    gpio.o(i.MX_GPIO_Init) refers to stm32f4xx_hal_gpio.o(i.HAL_GPIO_Init) for HAL_GPIO_Init
    gpio.o(i.MX_GPIO_Init) refers to stm32f4xx_hal_cortex.o(i.HAL_NVIC_SetPriority) for HAL_NVIC_SetPriority
    gpio.o(i.MX_GPIO_Init) refers to stm32f4xx_hal_cortex.o(i.HAL_NVIC_EnableIRQ) for HAL_NVIC_EnableIRQ
    hci_tl_interface.o(i.HCI_TL_SPI_DeInit) refers to stm32f4xx_hal_gpio.o(i.HAL_GPIO_DeInit) for HAL_GPIO_DeInit
    hci_tl_interface.o(i.HCI_TL_SPI_Init) refers to stm32f4xx_hal_gpio.o(i.HAL_GPIO_Init) for HAL_GPIO_Init
    hci_tl_interface.o(i.HCI_TL_SPI_Init) refers to custom_bus.o(i.BSP_SPI1_Init) for BSP_SPI1_Init
    hci_tl_interface.o(i.HCI_TL_SPI_Receive) refers to stm32f4xx_hal_gpio.o(i.HAL_GPIO_WritePin) for HAL_GPIO_WritePin
    hci_tl_interface.o(i.HCI_TL_SPI_Receive) refers to custom_bus.o(i.BSP_SPI1_SendRecv) for BSP_SPI1_SendRecv
    hci_tl_interface.o(i.HCI_TL_SPI_Reset) refers to stm32f4xx_hal_gpio.o(i.HAL_GPIO_WritePin) for HAL_GPIO_WritePin
    hci_tl_interface.o(i.HCI_TL_SPI_Reset) refers to stm32f4xx_hal.o(i.HAL_Delay) for HAL_Delay
    hci_tl_interface.o(i.HCI_TL_SPI_Send) refers to stm32f4xx_hal.o(i.HAL_GetTick) for HAL_GetTick
    hci_tl_interface.o(i.HCI_TL_SPI_Send) refers to stm32f4xx_hal_gpio.o(i.HAL_GPIO_WritePin) for HAL_GPIO_WritePin
    hci_tl_interface.o(i.HCI_TL_SPI_Send) refers to custom_bus.o(i.BSP_SPI1_SendRecv) for BSP_SPI1_SendRecv
    hci_tl_interface.o(i.HCI_TL_SPI_Send) refers to hci_tl_interface.o(.bss) for .bss
    hci_tl_interface.o(i.hci_tl_lowlevel_init) refers to hci_tl.o(i.hci_register_io_bus) for hci_register_io_bus
    hci_tl_interface.o(i.hci_tl_lowlevel_init) refers to stm32f4xx_hal_exti.o(i.HAL_EXTI_GetHandle) for HAL_EXTI_GetHandle
    hci_tl_interface.o(i.hci_tl_lowlevel_init) refers to stm32f4xx_hal_exti.o(i.HAL_EXTI_RegisterCallback) for HAL_EXTI_RegisterCallback
    hci_tl_interface.o(i.hci_tl_lowlevel_init) refers to stm32f4xx_hal_cortex.o(i.HAL_NVIC_SetPriority) for HAL_NVIC_SetPriority
    hci_tl_interface.o(i.hci_tl_lowlevel_init) refers to stm32f4xx_hal_cortex.o(i.HAL_NVIC_EnableIRQ) for HAL_NVIC_EnableIRQ
    hci_tl_interface.o(i.hci_tl_lowlevel_init) refers to hci_tl_interface.o(i.HCI_TL_SPI_Init) for HCI_TL_SPI_Init
    hci_tl_interface.o(i.hci_tl_lowlevel_init) refers to hci_tl_interface.o(i.HCI_TL_SPI_DeInit) for HCI_TL_SPI_DeInit
[...]
    Removing bluenrg_gatt_aci.o(i.aci_att_find_by_type_value_req), (112 bytes).
    Removing bluenrg_gatt_aci.o(i.aci_att_find_information_req), (78 bytes).
    Removing bluenrg_gatt_aci.o(i.aci_att_prepare_write_req), (104 bytes).
    Removing bluenrg_gatt_aci.o(i.aci_att_read_by_group_type_req), (104 bytes).
    Removing bluenrg_gatt_aci.o(i.aci_att_read_by_type_req), (104 bytes).
    Removing bluenrg_gatt_aci.o(i.aci_gatt_add_char_desc), (228 bytes).
    Removing bluenrg_gatt_aci.o(i.aci_gatt_allow_read), (70 bytes).
    Removing bluenrg_gatt_aci.o(i.aci_gatt_confirm_indication), (70 bytes).
    Removing bluenrg_gatt_aci.o(i.aci_gatt_del_char), (74 bytes).
    Removing bluenrg_gatt_aci.o(i.aci_gatt_del_include_service), (74 bytes).
    Removing bluenrg_gatt_aci.o(i.aci_gatt_del_service), (70 bytes).
    Removing bluenrg_gatt_aci.o(i.aci_gatt_disc_all_charac_descriptors), (82 bytes).
    Removing bluenrg_gatt_aci.o(i.aci_gatt_disc_all_charac_of_serv), (82 bytes).
    Removing bluenrg_gatt_aci.o(i.aci_gatt_disc_all_prim_services), (74 bytes).
    Removing bluenrg_gatt_aci.o(i.aci_gatt_disc_charac_by_uuid), (136 bytes).
    Removing bluenrg_gatt_aci.o(i.aci_gatt_disc_prim_service_by_uuid), (100 bytes).
    Removing bluenrg_gatt_aci.o(i.aci_gatt_exchange_configuration), (74 bytes).
    Removing bluenrg_gatt_aci.o(i.aci_gatt_find_included_services), (82 bytes).
    Removing bluenrg_gatt_aci.o(i.aci_gatt_include_service), (140 bytes).
    Removing bluenrg_gatt_aci.o(i.aci_gatt_read_charac_desc), (78 bytes).
    Removing bluenrg_gatt_aci.o(i.aci_gatt_read_charac_val), (78 bytes).
    Removing bluenrg_gatt_aci.o(i.aci_gatt_read_handle_value), (110 bytes).
    Removing bluenrg_gatt_aci.o(i.aci_gatt_read_handle_value_offset_IDB05A1), (114 bytes).
    Removing bluenrg_gatt_aci.o(i.aci_gatt_read_long_charac_desc), (82 bytes).
    Removing bluenrg_gatt_aci.o(i.aci_gatt_read_long_charac_val), (82 bytes).
    Removing bluenrg_gatt_aci.o(i.aci_gatt_read_multiple_charac_val), (108 bytes).
    Removing bluenrg_gatt_aci.o(i.aci_gatt_read_using_charac_uuid), (104 bytes).
    Removing bluenrg_gatt_aci.o(i.aci_gatt_set_desc_value), (144 bytes).
    Removing bluenrg_gatt_aci.o(i.aci_gatt_set_event_mask), (68 bytes).
    Removing bluenrg_gatt_aci.o(i.aci_gatt_set_security_permission), (78 bytes).
    Removing bluenrg_gatt_aci.o(i.aci_gatt_signed_write_without_resp), (98 bytes).
    Removing bluenrg_gatt_aci.o(i.aci_gatt_update_char_value_ext_IDB05A1), (116 bytes).
    Removing bluenrg_gatt_aci.o(i.aci_gatt_write_charac_descriptor), (120 bytes).
    Removing bluenrg_gatt_aci.o(i.aci_gatt_write_charac_reliable), (108 bytes).
    Removing bluenrg_gatt_aci.o(i.aci_gatt_write_charac_value), (120 bytes).
    Removing bluenrg_gatt_aci.o(i.aci_gatt_write_long_charac_desc), (108 bytes).
    Removing bluenrg_gatt_aci.o(i.aci_gatt_write_long_charac_val), (108 bytes).
    Removing bluenrg_gatt_aci.o(i.aci_gatt_write_response), (128 bytes).
    Removing bluenrg_gatt_aci.o(i.aci_gatt_write_without_response), (98 bytes).
    Removing bluenrg_hal_aci.o(.rev16_text), (4 bytes).
    Removing bluenrg_hal_aci.o(.revsh_text), (4 bytes).
    Removing bluenrg_hal_aci.o(.rrx_text), (6 bytes).
    Removing bluenrg_hal_aci.o(i.aci_hal_device_standby), (56 bytes).
    Removing bluenrg_hal_aci.o(i.aci_hal_get_anchor_period), (78 bytes).
    Removing bluenrg_hal_aci.o(i.aci_hal_get_fw_build_number), (70 bytes).
    Removing bluenrg_hal_aci.o(i.aci_hal_get_link_status), (98 bytes).
    Removing bluenrg_hal_aci.o(i.aci_hal_le_tx_test_packet_number), (70 bytes).
    Removing bluenrg_hal_aci.o(i.aci_hal_read_config_data), (102 bytes).
    Removing bluenrg_hal_aci.o(i.aci_hal_set_tx_power_level), (72 bytes).
    Removing bluenrg_hal_aci.o(i.aci_hal_tone_start), (66 bytes).
    Removing bluenrg_hal_aci.o(i.aci_hal_tone_stop), (56 bytes).
    Removing bluenrg_l2cap_aci.o(.rev16_text), (4 bytes).
    Removing bluenrg_l2cap_aci.o(.revsh_text), (4 bytes).
    Removing bluenrg_l2cap_aci.o(.rrx_text), (6 bytes).
    Removing bluenrg_l2cap_aci.o(i.aci_l2cap_connection_parameter_update_request), (92 bytes).
    Removing bluenrg_l2cap_aci.o(i.aci_l2cap_connection_parameter_update_response_IDB04A1), (102 bytes).
    Removing bluenrg_l2cap_aci.o(i.aci_l2cap_connection_parameter_update_response_IDB05A1), (110 bytes).
    Removing bluenrg_updater_aci.o(.rev16_text), (4 bytes).
    Removing bluenrg_updater_aci.o(.revsh_text), (4 bytes).
    Removing bluenrg_updater_aci.o(.rrx_text), (6 bytes).
    Removing bluenrg_updater_aci.o(i.aci_erase_blue_flag), (56 bytes).
    Removing bluenrg_updater_aci.o(i.aci_get_updater_buffer_size), (68 bytes).
    Removing bluenrg_updater_aci.o(i.aci_get_updater_version), (68 bytes).
    Removing bluenrg_updater_aci.o(i.aci_reset_blue_flag), (56 bytes).
    Removing bluenrg_updater_aci.o(i.aci_updater_calc_crc), (82 bytes).
    Removing bluenrg_updater_aci.o(i.aci_updater_erase_sector), (66 bytes).
    Removing bluenrg_updater_aci.o(i.aci_updater_hw_version), (68 bytes).
    Removing bluenrg_updater_aci.o(i.aci_updater_program_data_block), (92 bytes).
    Removing bluenrg_updater_aci.o(i.aci_updater_read_data_block), (92 bytes).
    Removing bluenrg_updater_aci.o(i.aci_updater_reboot), (54 bytes).
    Removing bluenrg_updater_aci.o(i.aci_updater_start), (54 bytes).
    Removing bluenrg_utils_small.o(.rev16_text), (4 bytes).
    Removing bluenrg_utils_small.o(.revsh_text), (4 bytes).
    Removing bluenrg_utils_small.o(.rrx_text), (6 bytes).
    Removing bluenrg_utils_small.o(i.getBlueNRGVersion), (76 bytes).
    Removing ble_list.o(.rev16_text), (4 bytes).
    Removing ble_list.o(.revsh_text), (4 bytes).
    Removing ble_list.o(.rrx_text), (6 bytes).
    Removing ble_list.o(i.list_get_next_node), (16 bytes).
    Removing ble_list.o(i.list_get_prev_node), (16 bytes).
    Removing ble_list.o(i.list_insert_node_after), (24 bytes).
    Removing ble_list.o(i.list_insert_node_before), (24 bytes).
    Removing retarget_io.o(i.__aeabi_assert), (144 bytes).
    Removing retarget_io.o(i.__backspace), (6 bytes).
    Removing retarget_io.o(i.abort), (2 bytes).
    Removing retarget_io.o(i.fgetc), (6 bytes).
    Removing retarget_io.o(i.fputc), (6 bytes).
    Removing dadd.o(.text), (334 bytes).
    Removing dmul.o(.text), (228 bytes).
    Removing ddiv.o(.text), (222 bytes).
    Removing dfixul.o(.text), (48 bytes).
    Removing cdrcmple.o(.text), (48 bytes).
    Removing depilogue.o(.text), (186 bytes).

519 unused section(s) (total 35588 bytes) removed from the image.

==============================================================================

Image Symbol Table

    Local Symbols

    Symbol Name                              Value     Ov Type        Size  Object(Section)

    ../Drivers/STM32F4xx_HAL_Driver/Src/stm32f4xx_hal.c 0x00000000   Number         0  stm32f4xx_hal.o ABSOLUTE
    ../Drivers/STM32F4xx_HAL_Driver/Src/stm32f4xx_hal_cortex.c 0x00000000   Number         0  stm32f4xx_hal_cortex.o ABSOLUTE
    ../Drivers/STM32F4xx_HAL_Driver/Src/stm32f4xx_hal_dma.c 0x00000000   Number         0  stm32f4xx_hal_dma.o ABSOLUTE
    ../Drivers/STM32F4xx_HAL_Driver/Src/stm32f4xx_hal_dma_ex.c 0x00000000   Number         0  stm32f4xx_hal_dma_ex.o ABSOLUTE
    ../Drivers/STM32F4xx_HAL_Driver/Src/stm32f4xx_hal_exti.c 0x00000000   Number         0  stm32f4xx_hal_exti.o ABSOLUTE
    ../Drivers/STM32F4xx_HAL_Driver/Src/stm32f4xx_hal_flash.c 0x00000000   Number         0  stm32f4xx_hal_flash.o ABSOLUTE
    ../Drivers/STM32F4xx_HAL_Driver/Src/stm32f4xx_hal_flash_ex.c 0x00000000   Number         0  stm32f4xx_hal_flash_ex.o ABSOLUTE
    ../Drivers/STM32F4xx_HAL_Driver/Src/stm32f4xx_hal_flash_ramfunc.c 0x00000000   Number         0  stm32f4xx_hal_flash_ramfunc.o ABSOLUTE
    ../Drivers/STM32F4xx_HAL_Driver/Src/stm32f4xx_hal_gpio.c 0x00000000   Number         0  stm32f4xx_hal_gpio.o ABSOLUTE
    ../Drivers/STM32F4xx_HAL_Driver/Src/stm32f4xx_hal_pwr.c 0x00000000   Number         0  stm32f4xx_hal_pwr.o ABSOLUTE
    ../Drivers/STM32F4xx_HAL_Driver/Src/stm32f4xx_hal_pwr_ex.c 0x00000000   Number         0  stm32f4xx_hal_pwr_ex.o ABSOLUTE
    ../Drivers/STM32F4xx_HAL_Driver/Src/stm32f4xx_hal_rcc.c 0x00000000   Number         0  stm32f4xx_hal_rcc.o ABSOLUTE
    ../Drivers/STM32F4xx_HAL_Driver/Src/stm32f4xx_hal_rcc_ex.c 0x00000000   Number         0  stm32f4xx_hal_rcc_ex.o ABSOLUTE
    ../Drivers/STM32F4xx_HAL_Driver/Src/stm32f4xx_hal_spi.c 0x00000000   Number         0  stm32f4xx_hal_spi.o ABSOLUTE
    ../Drivers/STM32F4xx_HAL_Driver/Src/stm32f4xx_hal_tim.c 0x00000000   Number         0  stm32f4xx_hal_tim.o ABSOLUTE
    ../Drivers/STM32F4xx_HAL_Driver/Src/stm32f4xx_hal_tim_ex.c 0x00000000   Number         0  stm32f4xx_hal_tim_ex.o ABSOLUTE
    ../Drivers/STM32F4xx_HAL_Driver/Src/stm32f4xx_hal_uart.c 0x00000000   Number         0  stm32f4xx_hal_uart.o ABSOLUTE
    ../Middlewares/ST/BlueNRG-MS/hci/controller/bluenrg_IFR.c 0x00000000   Number         0  bluenrg_ifr.o ABSOLUTE
    ../Middlewares/ST/BlueNRG-MS/hci/controller/bluenrg_gap_aci.c 0x00000000   Number         0  bluenrg_gap_aci.o ABSOLUTE
    ../Middlewares/ST/BlueNRG-MS/hci/controller/bluenrg_gatt_aci.c 0x00000000   Number         0  bluenrg_gatt_aci.o ABSOLUTE
    ../Middlewares/ST/BlueNRG-MS/hci/controller/bluenrg_hal_aci.c 0x00000000   Number         0  bluenrg_hal_aci.o ABSOLUTE
    ../Middlewares/ST/BlueNRG-MS/hci/controller/bluenrg_l2cap_aci.c 0x00000000   Number         0  bluenrg_l2cap_aci.o ABSOLUTE
    ../Middlewares/ST/BlueNRG-MS/hci/controller/bluenrg_updater_aci.c 0x00000000   Number         0  bluenrg_updater_aci.o ABSOLUTE
    ../Middlewares/ST/BlueNRG-MS/hci/controller/bluenrg_utils_small.c 0x00000000   Number         0  bluenrg_utils_small.o ABSOLUTE
    ../Middlewares/ST/BlueNRG-MS/hci/hci_le.c 0x00000000   Number         0  hci_le.o ABSOLUTE
    ../Middlewares/ST/BlueNRG-MS/hci/hci_tl_patterns/Basic/hci_tl.c 0x00000000   Number         0  hci_tl.o ABSOLUTE
    ../Middlewares/ST/BlueNRG-MS/utils/ble_list.c 0x00000000   Number         0  ble_list.o ABSOLUTE
    ../Src/custom_bus.c                      0x00000000   Number         0  custom_bus.o ABSOLUTE
    ../Src/gpio.c                            0x00000000   Number         0  gpio.o ABSOLUTE
    ../Src/hci_tl_interface.c                0x00000000   Number         0  hci_tl_interface.o ABSOLUTE
    ../Src/main.c                            0x00000000   Number         0  main.o ABSOLUTE
    ../Src/stm32f4xx_hal_msp.c               0x00000000   Number         0  stm32f4xx_hal_msp.o ABSOLUTE
    ../Src/stm32f4xx_it.c                    0x00000000   Number         0  stm32f4xx_it.o ABSOLUTE
    ../Src/system_stm32f4xx.c                0x00000000   Number         0  system_stm32f4xx.o ABSOLUTE
    ../Src/usart.c                           0x00000000   Number         0  usart.o ABSOLUTE
    ../clib/microlib/division.c              0x00000000   Number         0  uldiv.o ABSOLUTE
    ../clib/microlib/division.c              0x00000000   Number         0  uidiv.o ABSOLUTE
    ../clib/microlib/init/entry.s            0x00000000   Number         0  entry8a.o ABSOLUTE
    ../clib/microlib/init/entry.s            0x00000000   Number         0  entry.o ABSOLUTE
    ../clib/microlib/init/entry.s            0x00000000   Number         0  entry8b.o ABSOLUTE
    ../clib/microlib/init/entry.s            0x00000000   Number         0  entry9a.o ABSOLUTE
    ../clib/microlib/init/entry.s            0x00000000   Number         0  entry9b.o ABSOLUTE
    ../clib/microlib/init/entry.s            0x00000000   Number         0  entry10a.o ABSOLUTE
    ../clib/microlib/init/entry.s            0x00000000   Number         0  entry10b.o ABSOLUTE
    ../clib/microlib/init/entry.s            0x00000000   Number         0  entry7a.o ABSOLUTE
    ../clib/microlib/init/entry.s            0x00000000   Number         0  entry2.o ABSOLUTE
    ../clib/microlib/init/entry.s            0x00000000   Number         0  entry11b.o ABSOLUTE
    ../clib/microlib/init/entry.s            0x00000000   Number         0  entry7b.o ABSOLUTE
    ../clib/microlib/init/entry.s            0x00000000   Number         0  entry11a.o ABSOLUTE
    ../clib/microlib/init/entry.s            0x00000000   Number         0  entry5.o ABSOLUTE
    ../clib/microlib/longlong.c              0x00000000   Number         0  llushr.o ABSOLUTE
    ../clib/microlib/longlong.c              0x00000000   Number         0  llshl.o ABSOLUTE
    ../clib/microlib/longlong.c              0x00000000   Number         0  llsshr.o ABSOLUTE
    ../clib/microlib/printf/printf.c         0x00000000   Number         0  printf8.o ABSOLUTE
    ../clib/microlib/printf/printf.c         0x00000000   Number         0  printf1.o ABSOLUTE
    ../clib/microlib/printf/printf.c         0x00000000   Number         0  printf2.o ABSOLUTE
    ../clib/microlib/printf/printf.c         0x00000000   Number         0  printf3.o ABSOLUTE
    ../clib/microlib/printf/printf.c         0x00000000   Number         0  printf4.o ABSOLUTE
    ../clib/microlib/printf/printf.c         0x00000000   Number         0  printf5.o ABSOLUTE
    ../clib/microlib/printf/printf.c         0x00000000   Number         0  printf6.o ABSOLUTE
    ../clib/microlib/printf/printf.c         0x00000000   Number         0  printf7.o ABSOLUTE
    ../clib/microlib/printf/printf.c         0x00000000   Number         0  printfa.o ABSOLUTE
    ../clib/microlib/printf/printf.c         0x00000000   Number         0  printf0.o ABSOLUTE
    ../clib/microlib/printf/printf.c         0x00000000   Number         0  printfb.o ABSOLUTE
    ../clib/microlib/printf/stubs.s          0x00000000   Number         0  stubs.o ABSOLUTE
    ../clib/microlib/stdio/fputs.c           0x00000000   Number         0  fputs_e.o ABSOLUTE
    ../clib/microlib/stdio/fputs.c           0x00000000   Number         0  fputs.o ABSOLUTE
    ../clib/microlib/stdio/streams.c         0x00000000   Number         0  stdout.o ABSOLUTE
    ../clib/microlib/stdio/streams.c         0x00000000   Number         0  stderr.o ABSOLUTE
    ../clib/microlib/string/memcpy.c         0x00000000   Number         0  memcpya.o ABSOLUTE
    ../clib/microlib/string/memcpy.c         0x00000000   Number         0  memcpyb.o ABSOLUTE
    ../clib/microlib/string/memset.c         0x00000000   Number         0  memseta.o ABSOLUTE
    ../clib/microlib/string/strlen.c         0x00000000   Number         0  strlen.o ABSOLUTE
    ../clib/microlib/stubs.s                 0x00000000   Number         0  iusefp.o ABSOLUTE
    ../fplib/microlib/fpadd.c                0x00000000   Number         0  dadd.o ABSOLUTE
    ../fplib/microlib/fpdiv.c                0x00000000   Number         0  ddiv.o ABSOLUTE
    ../fplib/microlib/fpepilogue.c           0x00000000   Number         0  depilogue.o ABSOLUTE
    ../fplib/microlib/fpfix.c                0x00000000   Number         0  dfixul.o ABSOLUTE
    ../fplib/microlib/fpmul.c                0x00000000   Number         0  dmul.o ABSOLUTE
    ..\Drivers\STM32F4xx_HAL_Driver\Src\stm32f4xx_hal.c 0x00000000   Number         0  stm32f4xx_hal.o ABSOLUTE
    ..\Drivers\STM32F4xx_HAL_Driver\Src\stm32f4xx_hal_cortex.c 0x00000000   Number         0  stm32f4xx_hal_cortex.o ABSOLUTE
    ..\Drivers\STM32F4xx_HAL_Driver\Src\stm32f4xx_hal_dma.c 0x00000000   Number         0  stm32f4xx_hal_dma.o ABSOLUTE
    ..\Drivers\STM32F4xx_HAL_Driver\Src\stm32f4xx_hal_dma_ex.c 0x00000000   Number         0  stm32f4xx_hal_dma_ex.o ABSOLUTE
    ..\Drivers\STM32F4xx_HAL_Driver\Src\stm32f4xx_hal_exti.c 0x00000000   Number         0  stm32f4xx_hal_exti.o ABSOLUTE
    ..\Drivers\STM32F4xx_HAL_Driver\Src\stm32f4xx_hal_flash.c 0x00000000   Number         0  stm32f4xx_hal_flash.o ABSOLUTE
    ..\Drivers\STM32F4xx_HAL_Driver\Src\stm32f4xx_hal_flash_ex.c 0x00000000   Number         0  stm32f4xx_hal_flash_ex.o ABSOLUTE
    ..\Drivers\STM32F4xx_HAL_Driver\Src\stm32f4xx_hal_flash_ramfunc.c 0x00000000   Number         0  stm32f4xx_hal_flash_ramfunc.o ABSOLUTE
    ..\Drivers\STM32F4xx_HAL_Driver\Src\stm32f4xx_hal_gpio.c 0x00000000   Number         0  stm32f4xx_hal_gpio.o ABSOLUTE
    ..\Drivers\STM32F4xx_HAL_Driver\Src\stm32f4xx_hal_pwr.c 0x00000000   Number         0  stm32f4xx_hal_pwr.o ABSOLUTE
    ..\Drivers\STM32F4xx_HAL_Driver\Src\stm32f4xx_hal_pwr_ex.c 0x00000000   Number         0  stm32f4xx_hal_pwr_ex.o ABSOLUTE
    ..\Drivers\STM32F4xx_HAL_Driver\Src\stm32f4xx_hal_rcc.c 0x00000000   Number         0  stm32f4xx_hal_rcc.o ABSOLUTE
    ..\Drivers\STM32F4xx_HAL_Driver\Src\stm32f4xx_hal_rcc_ex.c 0x00000000   Number         0  stm32f4xx_hal_rcc_ex.o ABSOLUTE
    ..\Drivers\STM32F4xx_HAL_Driver\Src\stm32f4xx_hal_spi.c 0x00000000   Number         0  stm32f4xx_hal_spi.o ABSOLUTE
    ..\Drivers\STM32F4xx_HAL_Driver\Src\stm32f4xx_hal_tim.c 0x00000000   Number         0  stm32f4xx_hal_tim.o ABSOLUTE
    ..\Drivers\STM32F4xx_HAL_Driver\Src\stm32f4xx_hal_tim_ex.c 0x00000000   Number         0  stm32f4xx_hal_tim_ex.o ABSOLUTE
    ..\Drivers\STM32F4xx_HAL_Driver\Src\stm32f4xx_hal_uart.c 0x00000000   Number         0  stm32f4xx_hal_uart.o ABSOLUTE
    ..\Middlewares\ST\BlueNRG-MS\hci\controller\bluenrg_gap_aci.c 0x00000000   Number         0  bluenrg_gap_aci.o ABSOLUTE
    ..\Middlewares\ST\BlueNRG-MS\hci\controller\bluenrg_gatt_aci.c 0x00000000   Number         0  bluenrg_gatt_aci.o ABSOLUTE
    ..\Middlewares\ST\BlueNRG-MS\hci\controller\bluenrg_hal_aci.c 0x00000000   Number         0  bluenrg_hal_aci.o ABSOLUTE
    ..\Middlewares\ST\BlueNRG-MS\hci\controller\bluenrg_l2cap_aci.c 0x00000000   Number         0  bluenrg_l2cap_aci.o ABSOLUTE
    ..\Middlewares\ST\BlueNRG-MS\hci\controller\bluenrg_updater_aci.c 0x00000000   Number         0  bluenrg_updater_aci.o ABSOLUTE
    ..\Middlewares\ST\BlueNRG-MS\hci\controller\bluenrg_utils_small.c 0x00000000   Number         0  bluenrg_utils_small.o ABSOLUTE
    ..\Middlewares\ST\BlueNRG-MS\hci\hci_le.c 0x00000000   Number         0  hci_le.o ABSOLUTE
    ..\Middlewares\ST\BlueNRG-MS\hci\hci_tl_patterns\Basic\hci_tl.c 0x00000000   Number         0  hci_tl.o ABSOLUTE
    ..\Middlewares\ST\BlueNRG-MS\utils\ble_list.c 0x00000000   Number         0  ble_list.o ABSOLUTE
    ..\Src\custom_bus.c                      0x00000000   Number         0  custom_bus.o ABSOLUTE
    ..\Src\gpio.c                            0x00000000   Number         0  gpio.o ABSOLUTE
    ..\Src\hci_tl_interface.c                0x00000000   Number         0  hci_tl_interface.o ABSOLUTE
    ..\Src\main.c                            0x00000000   Number         0  main.o ABSOLUTE
    ..\Src\stm32f4_nucleo_f401re.c           0x00000000   Number         0  stm32f4_nucleo_f401re.o ABSOLUTE
    ..\Src\stm32f4xx_hal_msp.c               0x00000000   Number         0  stm32f4xx_hal_msp.o ABSOLUTE
    ..\Src\stm32f4xx_it.c                    0x00000000   Number         0  stm32f4xx_it.o ABSOLUTE
    ..\Src\system_stm32f4xx.c                0x00000000   Number         0  system_stm32f4xx.o ABSOLUTE
    ..\Src\usart.c                           0x00000000   Number         0  usart.o ABSOLUTE
    ..\\Src\\stm32f4_nucleo_f401re.c         0x00000000   Number         0  stm32f4_nucleo_f401re.o ABSOLUTE
    C:\Users\Shiv\AppData\Local\Arm\Packs\Keil\ARM_Compiler\1.6.1\Source\retarget_io.c 0x00000000   Number         0  retarget_io.o ABSOLUTE
    app_x-cube-ble1.c                        0x00000000   Number         0  app_x-cube-ble1.o ABSOLUTE
    app_x-cube-ble1.c                        0x00000000   Number         0  app_x-cube-ble1.o ABSOLUTE
    cdrcmple.s                               0x00000000   Number         0  cdrcmple.o ABSOLUTE
    dc.s                                     0x00000000   Number         0  dc.o ABSOLUTE
    handlers.s                               0x00000000   Number         0  handlers.o ABSOLUTE
    init.s                                   0x00000000   Number         0  init.o ABSOLUTE
    services.c                               0x00000000   Number         0  services.o ABSOLUTE
    services.c                               0x00000000   Number         0  services.o ABSOLUTE
    startup_stm32f446xx.s                    0x00000000   Number         0  startup_stm32f446xx.o ABSOLUTE
    RESET                                    0x08000000   Section      452  startup_stm32f446xx.o(RESET)
    .ARM.Collect$$$$00000000                 0x080001c4   Section        0  entry.o(.ARM.Collect$$$$00000000)
    .ARM.Collect$$$$00000001                 0x080001c4   Section        4  entry2.o(.ARM.Collect$$$$00000001)
    .ARM.Collect$$$$00000004                 0x080001c8   Section        4  entry5.o(.ARM.Collect$$$$00000004)
    .ARM.Collect$$$$00000008                 0x080001cc   Section        0  entry7b.o(.ARM.Collect$$$$00000008)
    .ARM.Collect$$$$0000000A                 0x080001cc   Section        0  entry8b.o(.ARM.Collect$$$$0000000A)
    .ARM.Collect$$$$0000000B                 0x080001cc   Section        8  entry9a.o(.ARM.Collect$$$$0000000B)
    .ARM.Collect$$$$0000000D                 0x080001d4   Section        0  entry10a.o(.ARM.Collect$$$$0000000D)
    .ARM.Collect$$$$0000000F                 0x080001d4   Section        0  entry11a.o(.ARM.Collect$$$$0000000F)
    .ARM.Collect$$$$00002712                 0x080001d4   Section        4  entry2.o(.ARM.Collect$$$$00002712)
    __lit__00000000                          0x080001d4   Data           4  entry2.o(.ARM.Collect$$$$00002712)
    .text                                    0x080001d8   Section       36  startup_stm32f446xx.o(.text)
    $v0                                      0x080001d8   Number         0  startup_stm32f446xx.o(.text)
    .text                                    0x080001fc   Section        0  uldiv.o(.text)
    .text                                    0x0800025e   Section        0  memcpya.o(.text)
    .text                                    0x08000282   Section        0  memseta.o(.text)
    .text                                    0x080002a6   Section        0  strlen.o(.text)
    .text                                    0x080002b4   Section        0  llshl.o(.text)
    .text                                    0x080002d2   Section        0  llushr.o(.text)
    .text                                    0x080002f4   Section       36  init.o(.text)
    i.Attribute_Modified_CB                  0x08000318   Section        0  services.o(i.Attribute_Modified_CB)
    i.BSP_COM_Init                           0x08000374   Section        0  stm32f4_nucleo_f401re.o(i.BSP_COM_Init)
    i.BSP_GetTick                            0x080003c4   Section        0  custom_bus.o(i.BSP_GetTick)
    i.BSP_LED_Init                           0x080003c8   Section        0  stm32f4_nucleo_f401re.o(i.BSP_LED_Init)
    i.BSP_LED_Toggle                         0x08000420   Section        0  stm32f4_nucleo_f401re.o(i.BSP_LED_Toggle)
    i.BSP_PB_Callback                        0x08000440   Section        0  stm32f4_nucleo_f401re.o(i.BSP_PB_Callback)
    i.BSP_PB_GetState                        0x08000444   Section        0  stm32f4_nucleo_f401re.o(i.BSP_PB_GetState)
    i.BSP_PB_Init                            0x0800045c   Section        0  stm32f4_nucleo_f401re.o(i.BSP_PB_Init)
    i.BSP_SPI1_Init                          0x08000508   Section        0  custom_bus.o(i.BSP_SPI1_Init)
    i.BSP_SPI1_SendRecv                      0x08000548   Section        0  custom_bus.o(i.BSP_SPI1_SendRecv)
    i.BUTTON_KEY_EXTI_Callback               0x0800056c   Section        0  stm32f4_nucleo_f401re.o(i.BUTTON_KEY_EXTI_Callback)
    BUTTON_KEY_EXTI_Callback                 0x0800056d   Thumb Code    10  stm32f4_nucleo_f401re.o(i.BUTTON_KEY_EXTI_Callback)
    i.BusFault_Handler                       0x08000576   Section        0  stm32f4xx_it.o(i.BusFault_Handler)
    i.DebugMon_Handler                       0x08000578   Section        0  stm32f4xx_it.o(i.DebugMon_Handler)
    i.EXTI0_IRQHandler                       0x0800057c   Section        0  stm32f4xx_it.o(i.EXTI0_IRQHandler)
    i.EXTI15_10_IRQHandler                   0x08000588   Section        0  stm32f4xx_it.o(i.EXTI15_10_IRQHandler)
    i.Error_Handler                          0x08000590   Section        0  main.o(i.Error_Handler)
    i.GAP_ConnectionComplete_CB              0x08000594   Section        0  services.o(i.GAP_ConnectionComplete_CB)
    i.GAP_DisconnectionComplet_CB            0x08000620   Section        0  services.o(i.GAP_DisconnectionComplet_CB)
    i.HAL_Delay                              0x08000660   Section        0  stm32f4xx_hal.o(i.HAL_Delay)
    i.HAL_EXTI_GetHandle                     0x08000684   Section        0  stm32f4xx_hal_exti.o(i.HAL_EXTI_GetHandle)
    i.HAL_EXTI_IRQHandler                    0x08000690   Section        0  stm32f4xx_hal_exti.o(i.HAL_EXTI_IRQHandler)
    i.HAL_EXTI_RegisterCallback              0x080006b4   Section        0  stm32f4xx_hal_exti.o(i.HAL_EXTI_RegisterCallback)
    i.HAL_GPIO_DeInit                        0x080006c4   Section        0  stm32f4xx_hal_gpio.o(i.HAL_GPIO_DeInit)
    i.HAL_GPIO_EXTI_Callback                 0x08000818   Section        0  stm32f4xx_hal_gpio.o(i.HAL_GPIO_EXTI_Callback)
    i.HAL_GPIO_EXTI_IRQHandler               0x0800081c   Section        0  stm32f4xx_hal_gpio.o(i.HAL_GPIO_EXTI_IRQHandler)
    i.HAL_GPIO_Init                          0x08000834   Section        0  stm32f4xx_hal_gpio.o(i.HAL_GPIO_Init)
    i.HAL_GPIO_ReadPin                       0x080009dc   Section        0  stm32f4xx_hal_gpio.o(i.HAL_GPIO_ReadPin)
    i.HAL_GPIO_TogglePin                     0x080009e6   Section        0  stm32f4xx_hal_gpio.o(i.HAL_GPIO_TogglePin)
    i.HAL_GPIO_WritePin                      0x080009f4   Section        0  stm32f4xx_hal_gpio.o(i.HAL_GPIO_WritePin)
    i.HAL_GetTick                            0x08000a00   Section        0  stm32f4xx_hal.o(i.HAL_GetTick)
    i.HAL_IncTick                            0x08000a0c   Section        0  stm32f4xx_hal.o(i.HAL_IncTick)
    i.HAL_Init                               0x08000a1c   Section        0  stm32f4xx_hal.o(i.HAL_Init)
    i.HAL_InitTick                           0x08000a50   Section        0  stm32f4xx_hal.o(i.HAL_InitTick)
    i.HAL_MspInit                            0x08000a90   Section        0  stm32f4xx_hal_msp.o(i.HAL_MspInit)
    i.HAL_NVIC_EnableIRQ                     0x08000ac0   Section        0  stm32f4xx_hal_cortex.o(i.HAL_NVIC_EnableIRQ)
    i.HAL_NVIC_SetPriority                   0x08000adc   Section        0  stm32f4xx_hal_cortex.o(i.HAL_NVIC_SetPriority)
    i.HAL_NVIC_SetPriorityGrouping           0x08000b1c   Section        0  stm32f4xx_hal_cortex.o(i.HAL_NVIC_SetPriorityGrouping)
    i.HAL_RCC_ClockConfig                    0x08000b40   Section        0  stm32f4xx_hal_rcc.o(i.HAL_RCC_ClockConfig)
    i.HAL_RCC_GetPCLK1Freq                   0x08000c74   Section        0  stm32f4xx_hal_rcc.o(i.HAL_RCC_GetPCLK1Freq)
    i.HAL_RCC_GetPCLK2Freq                   0x08000c94   Section        0  stm32f4xx_hal_rcc.o(i.HAL_RCC_GetPCLK2Freq)
    i.HAL_RCC_GetSysClockFreq                0x08000cb4   Section        0  stm32f4xx_hal_rcc_ex.o(i.HAL_RCC_GetSysClockFreq)
    i.HAL_RCC_OscConfig                      0x08000d4c   Section        0  stm32f4xx_hal_rcc_ex.o(i.HAL_RCC_OscConfig)
    i.HAL_SPI_GetState                       0x08001090   Section        0  stm32f4xx_hal_spi.o(i.HAL_SPI_GetState)
    i.HAL_SPI_Init                           0x08001096   Section        0  stm32f4xx_hal_spi.o(i.HAL_SPI_Init)
    i.HAL_SPI_MspInit                        0x08001116   Section        0  stm32f4xx_hal_spi.o(i.HAL_SPI_MspInit)
    i.HAL_SPI_TransmitReceive                0x08001118   Section        0  stm32f4xx_hal_spi.o(i.HAL_SPI_TransmitReceive)
    i.HAL_SYSTICK_Config                     0x080012fa   Section        0  stm32f4xx_hal_cortex.o(i.HAL_SYSTICK_Config)
    i.HAL_UART_Init                          0x08001322   Section        0  stm32f4xx_hal_uart.o(i.HAL_UART_Init)
    i.HAL_UART_MspInit                       0x08001384   Section        0  usart.o(i.HAL_UART_MspInit)
    i.HAL_UART_Transmit                      0x080013ec   Section        0  stm32f4xx_hal_uart.o(i.HAL_UART_Transmit)
    i.HCI_TL_SPI_DeInit                      0x080014a8   Section        0  hci_tl_interface.o(i.HCI_TL_SPI_DeInit)
    i.HCI_TL_SPI_Init                        0x080014cc   Section        0  hci_tl_interface.o(i.HCI_TL_SPI_Init)
    i.HCI_TL_SPI_Receive                     0x08001530   Section        0  hci_tl_interface.o(i.HCI_TL_SPI_Receive)
    i.HCI_TL_SPI_Reset                       0x080015b0   Section        0  hci_tl_interface.o(i.HCI_TL_SPI_Reset)
    i.HCI_TL_SPI_Send                        0x080015e0   Section        0  hci_tl_interface.o(i.HCI_TL_SPI_Send)
    i.HardFault_Handler                      0x08001674   Section        0  stm32f4xx_it.o(i.HardFault_Handler)
    i.MX_BlueNRG_MS_Init                     0x08001678   Section        0  app_x-cube-ble1.o(i.MX_BlueNRG_MS_Init)
    i.MX_BlueNRG_MS_Process                  0x08001704   Section        0  app_x-cube-ble1.o(i.MX_BlueNRG_MS_Process)
    i.MX_GPIO_Init                           0x08001714   Section        0  gpio.o(i.MX_GPIO_Init)
    i.MX_SPI1_Init                           0x080017e4   Section        0  custom_bus.o(i.MX_SPI1_Init)
    i.MX_USART2_UART_Init                    0x08001820   Section        0  usart.o(i.MX_USART2_UART_Init)
    i.Make_Connection                        0x08001858   Section        0  app_x-cube-ble1.o(i.Make_Connection)
    i.MemManage_Handler                      0x0800189c   Section        0  stm32f4xx_it.o(i.MemManage_Handler)
    i.NMI_Handler                            0x0800189e   Section        0  stm32f4xx_it.o(i.NMI_Handler)
    i.PendSV_Handler                         0x080018a0   Section        0  stm32f4xx_it.o(i.PendSV_Handler)
    i.SPI1_MspInit                           0x080018a4   Section        0  custom_bus.o(i.SPI1_MspInit)
    SPI1_MspInit                             0x080018a5   Thumb Code   110  custom_bus.o(i.SPI1_MspInit)
    i.SPI_EndRxTxTransaction                 0x08001920   Section        0  stm32f4xx_hal_spi.o(i.SPI_EndRxTxTransaction)
    SPI_EndRxTxTransaction                   0x08001921   Thumb Code    80  stm32f4xx_hal_spi.o(i.SPI_EndRxTxTransaction)
    i.SPI_WaitFlagStateUntilTimeout          0x08001978   Section        0  stm32f4xx_hal_spi.o(i.SPI_WaitFlagStateUntilTimeout)
    SPI_WaitFlagStateUntilTimeout            0x08001979   Thumb Code   148  stm32f4xx_hal_spi.o(i.SPI_WaitFlagStateUntilTimeout)
    i.SVC_Handler                            0x08001a0c   Section        0  stm32f4xx_it.o(i.SVC_Handler)
    i.SysTick_Handler                        0x08001a0e   Section        0  stm32f4xx_it.o(i.SysTick_Handler)
    i.SystemClock_Config                     0x08001a14   Section        0  main.o(i.SystemClock_Config)
    i.SystemInit                             0x08001a9c   Section        0  system_stm32f4xx.o(i.SystemInit)
    i.UART_SetConfig                         0x08001ab8   Section        0  stm32f4xx_hal_uart.o(i.UART_SetConfig)
    UART_SetConfig                           0x08001ab9   Thumb Code   286  stm32f4xx_hal_uart.o(i.UART_SetConfig)
    i.UART_WaitOnFlagUntilTimeout            0x08001be0   Section        0  stm32f4xx_hal_uart.o(i.UART_WaitOnFlagUntilTimeout)
    UART_WaitOnFlagUntilTimeout              0x08001be1   Thumb Code   100  stm32f4xx_hal_uart.o(i.UART_WaitOnFlagUntilTimeout)
    i.UsageFault_Handler                     0x08001c44   Section        0  stm32f4xx_it.o(i.UsageFault_Handler)
    i.__0snprintf$8                          0x08001c48   Section        0  printf8.o(i.__0snprintf$8)
    i.__NVIC_SetPriority                     0x08001c78   Section        0  stm32f4xx_hal_cortex.o(i.__NVIC_SetPriority)
    __NVIC_SetPriority                       0x08001c79   Thumb Code    32  stm32f4xx_hal_cortex.o(i.__NVIC_SetPriority)
    i.__scatterload_copy                     0x08001c98   Section       14  handlers.o(i.__scatterload_copy)
    i.__scatterload_null                     0x08001ca6   Section        2  handlers.o(i.__scatterload_null)
    i.__scatterload_zeroinit                 0x08001ca8   Section       14  handlers.o(i.__scatterload_zeroinit)
    i._printf_core                           0x08001cb8   Section        0  printf8.o(i._printf_core)
    _printf_core                             0x08001cb9   Thumb Code   996  printf8.o(i._printf_core)
    i._printf_post_padding                   0x080020c8   Section        0  printf8.o(i._printf_post_padding)
    _printf_post_padding                     0x080020c9   Thumb Code    36  printf8.o(i._printf_post_padding)
    i._printf_pre_padding                    0x080020ec   Section        0  printf8.o(i._printf_pre_padding)
    _printf_pre_padding                      0x080020ed   Thumb Code    46  printf8.o(i._printf_pre_padding)
    i._snputc                                0x0800211a   Section        0  printf8.o(i._snputc)
    _snputc                                  0x0800211b   Thumb Code    22  printf8.o(i._snputc)
    i.aci_gap_init_IDB05A1                   0x08002130   Section        0  bluenrg_gap_aci.o(i.aci_gap_init_IDB05A1)
    i.aci_gap_set_discoverable               0x080021a0   Section        0  bluenrg_gap_aci.o(i.aci_gap_set_discoverable)
    i.aci_gatt_add_char                      0x0800226c   Section        0  bluenrg_gatt_aci.o(i.aci_gatt_add_char)
    i.aci_gatt_add_serv                      0x08002322   Section        0  bluenrg_gatt_aci.o(i.aci_gatt_add_serv)
    i.aci_gatt_init                          0x0800239e   Section        0  bluenrg_gatt_aci.o(i.aci_gatt_init)
    i.aci_gatt_update_char_value             0x080023d8   Section        0  bluenrg_gatt_aci.o(i.aci_gatt_update_char_value)
    i.aci_hal_write_config_data              0x08002452   Section        0  bluenrg_hal_aci.o(i.aci_hal_write_config_data)
    i.addService                             0x080024b0   Section        0  services.o(i.addService)
    i.hci_init                               0x08002518   Section        0  hci_tl.o(i.hci_init)
    i.hci_le_set_scan_resp_data              0x08002574   Section        0  hci_le.o(i.hci_le_set_scan_resp_data)
    i.hci_notify_asynch_evt                  0x080025d4   Section        0  hci_tl.o(i.hci_notify_asynch_evt)
    i.hci_register_io_bus                    0x0800263c   Section        0  hci_tl.o(i.hci_register_io_bus)
    i.hci_reset                              0x08002658   Section        0  hci_le.o(i.hci_reset)
    i.hci_send_req                           0x08002690   Section        0  hci_tl.o(i.hci_send_req)
    i.hci_tl_lowlevel_init                   0x08002818   Section        0  hci_tl_interface.o(i.hci_tl_lowlevel_init)
    i.hci_tl_lowlevel_isr                    0x08002884   Section        0  hci_tl_interface.o(i.hci_tl_lowlevel_isr)
    i.hci_user_evt_proc                      0x080028a4   Section        0  hci_tl.o(i.hci_user_evt_proc)
    i.list_get_size                          0x080028e0   Section        0  ble_list.o(i.list_get_size)
    i.list_init_head                         0x080028fc   Section        0  ble_list.o(i.list_init_head)
    i.list_insert_head                       0x08002902   Section        0  ble_list.o(i.list_insert_head)
    i.list_insert_tail                       0x0800291a   Section        0  ble_list.o(i.list_insert_tail)
    i.list_is_empty                          0x08002932   Section        0  ble_list.o(i.list_is_empty)
    i.list_remove_head                       0x0800294a   Section        0  ble_list.o(i.list_remove_head)
    i.list_remove_node                       0x0800296e   Section        0  ble_list.o(i.list_remove_node)
    i.list_remove_tail                       0x08002984   Section        0  ble_list.o(i.list_remove_tail)
    i.main                                   0x080029a8   Section        0  main.o(i.main)
    i.move_list                              0x080029c2   Section        0  hci_tl.o(i.move_list)
    move_list                                0x080029c3   Thumb Code    36  hci_tl.o(i.move_list)
    i.receiveData                            0x080029e8   Section        0  services.o(i.receiveData)
    i.sendData                               0x08002a28   Section        0  services.o(i.sendData)
    i.userChat                               0x08002a40   Section        0  app_x-cube-ble1.o(i.userChat)
    userChat                                 0x08002a41   Thumb Code   120  app_x-cube-ble1.o(i.userChat)
    i.user_notify                            0x08002af4   Section        0  services.o(i.user_notify)
    .constdata                               0x08002b34   Section       48  services.o(.constdata)
    .constdata                               0x08002b64   Section       12  stm32f4_nucleo_f401re.o(.constdata)
    BUTTON_IRQn                              0x08002b64   Data           1  stm32f4_nucleo_f401re.o(.constdata)
    LED_GPIO_PIN                             0x08002b66   Data           2  stm32f4_nucleo_f401re.o(.constdata)
    BUTTON_PIN                               0x08002b68   Data           2  stm32f4_nucleo_f401re.o(.constdata)
    BUTTON_EXTI_LINE                         0x08002b6c   Data           4  stm32f4_nucleo_f401re.o(.constdata)
    .constdata                               0x08002b70   Section       16  system_stm32f4xx.o(.constdata)
    .constdata                               0x08002b80   Section        8  system_stm32f4xx.o(.constdata)
    .data                                    0x20000000   Section        8  hci_tl_interface.o(.data)
    .data                                    0x20000008   Section        1  app_x-cube-ble1.o(.data)
    .data                                    0x2000000c   Section        4  custom_bus.o(.data)
    SPI1InitCounter                          0x2000000c   Data           4  custom_bus.o(.data)
    .data                                    0x20000010   Section       20  services.o(.data)
    .data                                    0x20000024   Section       36  stm32f4_nucleo_f401re.o(.data)
    COM_ActiveLogPort                        0x20000024   Data           1  stm32f4_nucleo_f401re.o(.data)
    LED_GPIO_PORT                            0x20000028   Data           4  stm32f4_nucleo_f401re.o(.data)
    BUTTON_PORT                              0x2000002c   Data           4  stm32f4_nucleo_f401re.o(.data)
    ButtonCallback                           0x20000034   Data           4  stm32f4_nucleo_f401re.o(.data)
    BSP_BUTTON_PRIO                          0x20000038   Data           4  stm32f4_nucleo_f401re.o(.data)
    .data                                    0x20000048   Section       12  stm32f4xx_hal.o(.data)
    .data                                    0x20000054   Section        4  system_stm32f4xx.o(.data)
    .data                                    0x20000058   Section       16  hci_tl.o(.data)
    .bss                                     0x20000068   Section      255  hci_tl_interface.o(.bss)
    read_char_buf                            0x20000068   Data         255  hci_tl_interface.o(.bss)
    .bss                                     0x20000168   Section       64  usart.o(.bss)
    .bss                                     0x200001a8   Section       88  custom_bus.o(.bss)
    .bss                                     0x20000200   Section       64  stm32f4_nucleo_f401re.o(.bss)
    .bss                                     0x20000240   Section      732  hci_tl.o(.bss)
    hciReadPacketBuffer                      0x20000240   Data         700  hci_tl.o(.bss)
    hciContext                               0x200004fc   Data          32  hci_tl.o(.bss)
    STACK                                    0x20000520   Section     1024  startup_stm32f446xx.o(STACK)

    Global Symbols

    Symbol Name                              Value     Ov Type        Size  Object(Section)

    BuildAttributes$$THM_ISAv4$E$P$D$K$B$S$7EM$VFPi3$EXTD16$VFPS$VFMA$PE$A:L22UL41UL21$X:L11$S22US41US21$IEEE1$IW$USESV6$~STKCKD$USESV7$~SHL$OSPACE$ROPI$EBA8$MICROLIB$REQ8$PRES8$EABIv2 0x00000000   Number         0  anon$$obj.o ABSOLUTE
    __ARM_use_no_argv                        0x00000000   Number         0  main.o ABSOLUTE
    _printf_a                                0x00000000   Number         0  stubs.o ABSOLUTE
    _printf_c                                0x00000000   Number         0  stubs.o ABSOLUTE
    _printf_charcount                        0x00000000   Number         0  stubs.o ABSOLUTE
    _printf_d                                0x00000000   Number         0  stubs.o ABSOLUTE
    _printf_e                                0x00000000   Number         0  stubs.o ABSOLUTE
    _printf_f                                0x00000000   Number         0  stubs.o ABSOLUTE
    _printf_flags                            0x00000000   Number         0  stubs.o ABSOLUTE
    _printf_fp_dec                           0x00000000   Number         0  stubs.o ABSOLUTE
    _printf_fp_hex                           0x00000000   Number         0  stubs.o ABSOLUTE
    _printf_g                                0x00000000   Number         0  stubs.o ABSOLUTE
    _printf_i                                0x00000000   Number         0  stubs.o ABSOLUTE
    _printf_int_dec                          0x00000000   Number         0  stubs.o ABSOLUTE
    _printf_l                                0x00000000   Number         0  stubs.o ABSOLUTE
    _printf_lc                               0x00000000   Number         0  stubs.o ABSOLUTE
    _printf_ll                               0x00000000   Number         0  stubs.o ABSOLUTE
    _printf_lld                              0x00000000   Number         0  stubs.o ABSOLUTE
    _printf_lli                              0x00000000   Number         0  stubs.o ABSOLUTE
    _printf_llo                              0x00000000   Number         0  stubs.o ABSOLUTE
    _printf_llu                              0x00000000   Number         0  stubs.o ABSOLUTE
    _printf_llx                              0x00000000   Number         0  stubs.o ABSOLUTE
    _printf_longlong_dec                     0x00000000   Number         0  stubs.o ABSOLUTE
    _printf_longlong_hex                     0x00000000   Number         0  stubs.o ABSOLUTE
    _printf_longlong_oct                     0x00000000   Number         0  stubs.o ABSOLUTE
    _printf_ls                               0x00000000   Number         0  stubs.o ABSOLUTE
    _printf_mbtowc                           0x00000000   Number         0  stubs.o ABSOLUTE
    _printf_n                                0x00000000   Number         0  stubs.o ABSOLUTE
    _printf_o                                0x00000000   Number         0  stubs.o ABSOLUTE
    _printf_p                                0x00000000   Number         0  stubs.o ABSOLUTE
    _printf_percent                          0x00000000   Number         0  stubs.o ABSOLUTE
    _printf_pre_padding                      0x00000000   Number         0  stubs.o ABSOLUTE
    _printf_return_value                     0x00000000   Number         0  stubs.o ABSOLUTE
    _printf_s                                0x00000000   Number         0  stubs.o ABSOLUTE
    _printf_sizespec                         0x00000000   Number         0  stubs.o ABSOLUTE
    _printf_str                              0x00000000   Number         0  stubs.o ABSOLUTE
    _printf_truncate_signed                  0x00000000   Number         0  stubs.o ABSOLUTE
    _printf_truncate_unsigned                0x00000000   Number         0  stubs.o ABSOLUTE
    _printf_u                                0x00000000   Number         0  stubs.o ABSOLUTE
    _printf_wc                               0x00000000   Number         0  stubs.o ABSOLUTE
    _printf_wctomb                           0x00000000   Number         0  stubs.o ABSOLUTE
    _printf_widthprec                        0x00000000   Number         0  stubs.o ABSOLUTE
    _printf_x                                0x00000000   Number         0  stubs.o ABSOLUTE
    __cpp_initialize__aeabi_                  - Undefined Weak Reference
    __cxa_finalize                            - Undefined Weak Reference
    __decompress                              - Undefined Weak Reference
    _clock_init                               - Undefined Weak Reference
    _microlib_exit                            - Undefined Weak Reference
    __Vectors_Size                           0x000001c4   Number         0  startup_stm32f446xx.o ABSOLUTE
    __Vectors                                0x08000000   Data           4  startup_stm32f446xx.o(RESET)
    __Vectors_End                            0x080001c4   Data           0  startup_stm32f446xx.o(RESET)
    __main                                   0x080001c5   Thumb Code     0  entry.o(.ARM.Collect$$$$00000000)
    _main_stk                                0x080001c5   Thumb Code     0  entry2.o(.ARM.Collect$$$$00000001)
    _main_scatterload                        0x080001c9   Thumb Code     0  entry5.o(.ARM.Collect$$$$00000004)
    __main_after_scatterload                 0x080001cd   Thumb Code     0  entry5.o(.ARM.Collect$$$$00000004)
    _main_clock                              0x080001cd   Thumb Code     0  entry7b.o(.ARM.Collect$$$$00000008)
    _main_cpp_init                           0x080001cd   Thumb Code     0  entry8b.o(.ARM.Collect$$$$0000000A)
    _main_init                               0x080001cd   Thumb Code     0  entry9a.o(.ARM.Collect$$$$0000000B)
    __rt_final_cpp                           0x080001d5   Thumb Code     0  entry10a.o(.ARM.Collect$$$$0000000D)
    __rt_final_exit                          0x080001d5   Thumb Code     0  entry11a.o(.ARM.Collect$$$$0000000F)
    Reset_Handler                            0x080001d9   Thumb Code     8  startup_stm32f446xx.o(.text)
    ADC_IRQHandler                           0x080001f3   Thumb Code     0  startup_stm32f446xx.o(.text)
    CAN1_RX0_IRQHandler                      0x080001f3   Thumb Code     0  startup_stm32f446xx.o(.text)
    CAN1_RX1_IRQHandler                      0x080001f3   Thumb Code     0  startup_stm32f446xx.o(.text)
    CAN1_SCE_IRQHandler                      0x080001f3   Thumb Code     0  startup_stm32f446xx.o(.text)
    CAN1_TX_IRQHandler                       0x080001f3   Thumb Code     0  startup_stm32f446xx.o(.text)
    CAN2_RX0_IRQHandler                      0x080001f3   Thumb Code     0  startup_stm32f446xx.o(.text)
    CAN2_RX1_IRQHandler                      0x080001f3   Thumb Code     0  startup_stm32f446xx.o(.text)
    CAN2_SCE_IRQHandler                      0x080001f3   Thumb Code     0  startup_stm32f446xx.o(.text)
    CAN2_TX_IRQHandler                       0x080001f3   Thumb Code     0  startup_stm32f446xx.o(.text)
    CEC_IRQHandler                           0x080001f3   Thumb Code     0  startup_stm32f446xx.o(.text)
    DCMI_IRQHandler                          0x080001f3   Thumb Code     0  startup_stm32f446xx.o(.text)
    DMA1_Stream0_IRQHandler                  0x080001f3   Thumb Code     0  startup_stm32f446xx.o(.text)
    DMA1_Stream1_IRQHandler                  0x080001f3   Thumb Code     0  startup_stm32f446xx.o(.text)
    DMA1_Stream2_IRQHandler                  0x080001f3   Thumb Code     0  startup_stm32f446xx.o(.text)
    DMA1_Stream3_IRQHandler                  0x080001f3   Thumb Code     0  startup_stm32f446xx.o(.text)
    DMA1_Stream4_IRQHandler                  0x080001f3   Thumb Code     0  startup_stm32f446xx.o(.text)
    DMA1_Stream5_IRQHandler                  0x080001f3   Thumb Code     0  startup_stm32f446xx.o(.text)
    DMA1_Stream6_IRQHandler                  0x080001f3   Thumb Code     0  startup_stm32f446xx.o(.text)
    DMA1_Stream7_IRQHandler                  0x080001f3   Thumb Code     0  startup_stm32f446xx.o(.text)
    DMA2_Stream0_IRQHandler                  0x080001f3   Thumb Code     0  startup_stm32f446xx.o(.text)
    DMA2_Stream1_IRQHandler                  0x080001f3   Thumb Code     0  startup_stm32f446xx.o(.text)
    DMA2_Stream2_IRQHandler                  0x080001f3   Thumb Code     0  startup_stm32f446xx.o(.text)
    DMA2_Stream3_IRQHandler                  0x080001f3   Thumb Code     0  startup_stm32f446xx.o(.text)
    DMA2_Stream4_IRQHandler                  0x080001f3   Thumb Code     0  startup_stm32f446xx.o(.text)
    DMA2_Stream5_IRQHandler                  0x080001f3   Thumb Code     0  startup_stm32f446xx.o(.text)
    DMA2_Stream6_IRQHandler                  0x080001f3   Thumb Code     0  startup_stm32f446xx.o(.text)
    DMA2_Stream7_IRQHandler                  0x080001f3   Thumb Code     0  startup_stm32f446xx.o(.text)
    EXTI1_IRQHandler                         0x080001f3   Thumb Code     0  startup_stm32f446xx.o(.text)
    EXTI2_IRQHandler                         0x080001f3   Thumb Code     0  startup_stm32f446xx.o(.text)
    EXTI3_IRQHandler                         0x080001f3   Thumb Code     0  startup_stm32f446xx.o(.text)
    EXTI4_IRQHandler                         0x080001f3   Thumb Code     0  startup_stm32f446xx.o(.text)
    EXTI9_5_IRQHandler                       0x080001f3   Thumb Code     0  startup_stm32f446xx.o(.text)
    FLASH_IRQHandler                         0x080001f3   Thumb Code     0  startup_stm32f446xx.o(.text)
    FMC_IRQHandler                           0x080001f3   Thumb Code     0  startup_stm32f446xx.o(.text)
    FMPI2C1_ER_IRQHandler                    0x080001f3   Thumb Code     0  startup_stm32f446xx.o(.text)
    FMPI2C1_EV_IRQHandler                    0x080001f3   Thumb Code     0  startup_stm32f446xx.o(.text)
    FPU_IRQHandler                           0x080001f3   Thumb Code     0  startup_stm32f446xx.o(.text)
    I2C1_ER_IRQHandler                       0x080001f3   Thumb Code     0  startup_stm32f446xx.o(.text)
    I2C1_EV_IRQHandler                       0x080001f3   Thumb Code     0  startup_stm32f446xx.o(.text)
    I2C2_ER_IRQHandler                       0x080001f3   Thumb Code     0  startup_stm32f446xx.o(.text)
    I2C2_EV_IRQHandler                       0x080001f3   Thumb Code     0  startup_stm32f446xx.o(.text)
    I2C3_ER_IRQHandler                       0x080001f3   Thumb Code     0  startup_stm32f446xx.o(.text)
    I2C3_EV_IRQHandler                       0x080001f3   Thumb Code     0  startup_stm32f446xx.o(.text)
    OTG_FS_IRQHandler                        0x080001f3   Thumb Code     0  startup_stm32f446xx.o(.text)
    OTG_FS_WKUP_IRQHandler                   0x080001f3   Thumb Code     0  startup_stm32f446xx.o(.text)
    OTG_HS_EP1_IN_IRQHandler                 0x080001f3   Thumb Code     0  startup_stm32f446xx.o(.text)
    OTG_HS_EP1_OUT_IRQHandler                0x080001f3   Thumb Code     0  startup_stm32f446xx.o(.text)
    OTG_HS_IRQHandler                        0x080001f3   Thumb Code     0  startup_stm32f446xx.o(.text)
    OTG_HS_WKUP_IRQHandler                   0x080001f3   Thumb Code     0  startup_stm32f446xx.o(.text)
    PVD_IRQHandler                           0x080001f3   Thumb Code     0  startup_stm32f446xx.o(.text)
    QUADSPI_IRQHandler                       0x080001f3   Thumb Code     0  startup_stm32f446xx.o(.text)
    RCC_IRQHandler                           0x080001f3   Thumb Code     0  startup_stm32f446xx.o(.text)
    RTC_Alarm_IRQHandler                     0x080001f3   Thumb Code     0  startup_stm32f446xx.o(.text)
    RTC_WKUP_IRQHandler                      0x080001f3   Thumb Code     0  startup_stm32f446xx.o(.text)
    SAI1_IRQHandler                          0x080001f3   Thumb Code     0  startup_stm32f446xx.o(.text)
    SAI2_IRQHandler                          0x080001f3   Thumb Code     0  startup_stm32f446xx.o(.text)
    SDIO_IRQHandler                          0x080001f3   Thumb Code     0  startup_stm32f446xx.o(.text)
    SPDIF_RX_IRQHandler                      0x080001f3   Thumb Code     0  startup_stm32f446xx.o(.text)
    SPI1_IRQHandler                          0x080001f3   Thumb Code     0  startup_stm32f446xx.o(.text)
    SPI2_IRQHandler                          0x080001f3   Thumb Code     0  startup_stm32f446xx.o(.text)
    SPI3_IRQHandler                          0x080001f3   Thumb Code     0  startup_stm32f446xx.o(.text)
    SPI4_IRQHandler                          0x080001f3   Thumb Code     0  startup_stm32f446xx.o(.text)
    TAMP_STAMP_IRQHandler                    0x080001f3   Thumb Code     0  startup_stm32f446xx.o(.text)
    TIM1_BRK_TIM9_IRQHandler                 0x080001f3   Thumb Code     0  startup_stm32f446xx.o(.text)
    TIM1_CC_IRQHandler                       0x080001f3   Thumb Code     0  startup_stm32f446xx.o(.text)
    TIM1_TRG_COM_TIM11_IRQHandler            0x080001f3   Thumb Code     0  startup_stm32f446xx.o(.text)
    TIM1_UP_TIM10_IRQHandler                 0x080001f3   Thumb Code     0  startup_stm32f446xx.o(.text)
    TIM2_IRQHandler                          0x080001f3   Thumb Code     0  startup_stm32f446xx.o(.text)
    TIM3_IRQHandler                          0x080001f3   Thumb Code     0  startup_stm32f446xx.o(.text)
    TIM4_IRQHandler                          0x080001f3   Thumb Code     0  startup_stm32f446xx.o(.text)
    TIM5_IRQHandler                          0x080001f3   Thumb Code     0  startup_stm32f446xx.o(.text)
    TIM6_DAC_IRQHandler                      0x080001f3   Thumb Code     0  startup_stm32f446xx.o(.text)
    TIM7_IRQHandler                          0x080001f3   Thumb Code     0  startup_stm32f446xx.o(.text)
    TIM8_BRK_TIM12_IRQHandler                0x080001f3   Thumb Code     0  startup_stm32f446xx.o(.text)
    TIM8_CC_IRQHandler                       0x080001f3   Thumb Code     0  startup_stm32f446xx.o(.text)
    TIM8_TRG_COM_TIM14_IRQHandler            0x080001f3   Thumb Code     0  startup_stm32f446xx.o(.text)
    TIM8_UP_TIM13_IRQHandler                 0x080001f3   Thumb Code     0  startup_stm32f446xx.o(.text)
    UART4_IRQHandler                         0x080001f3   Thumb Code     0  startup_stm32f446xx.o(.text)
    UART5_IRQHandler                         0x080001f3   Thumb Code     0  startup_stm32f446xx.o(.text)
    USART1_IRQHandler                        0x080001f3   Thumb Code     0  startup_stm32f446xx.o(.text)
    USART2_IRQHandler                        0x080001f3   Thumb Code     0  startup_stm32f446xx.o(.text)
    USART3_IRQHandler                        0x080001f3   Thumb Code     0  startup_stm32f446xx.o(.text)
    USART6_IRQHandler                        0x080001f3   Thumb Code     0  startup_stm32f446xx.o(.text)
    WWDG_IRQHandler                          0x080001f3   Thumb Code     0  startup_stm32f446xx.o(.text)
    __aeabi_uldivmod                         0x080001fd   Thumb Code    98  uldiv.o(.text)
    __aeabi_memcpy                           0x0800025f   Thumb Code    36  memcpya.o(.text)
    __aeabi_memcpy4                          0x0800025f   Thumb Code     0  memcpya.o(.text)
    __aeabi_memcpy8                          0x0800025f   Thumb Code     0  memcpya.o(.text)
    __aeabi_memset                           0x08000283   Thumb Code    14  memseta.o(.text)
    __aeabi_memset4                          0x08000283   Thumb Code     0  memseta.o(.text)
    __aeabi_memset8                          0x08000283   Thumb Code     0  memseta.o(.text)
    __aeabi_memclr                           0x08000291   Thumb Code     4  memseta.o(.text)
    __aeabi_memclr4                          0x08000291   Thumb Code     0  memseta.o(.text)
    __aeabi_memclr8                          0x08000291   Thumb Code     0  memseta.o(.text)
    _memset$wrapper                          0x08000295   Thumb Code    18  memseta.o(.text)
    strlen                                   0x080002a7   Thumb Code    14  strlen.o(.text)
    __aeabi_llsl                             0x080002b5   Thumb Code    30  llshl.o(.text)
    _ll_shift_l                              0x080002b5   Thumb Code     0  llshl.o(.text)
    __aeabi_llsr                             0x080002d3   Thumb Code    32  llushr.o(.text)
    _ll_ushift_r                             0x080002d3   Thumb Code     0  llushr.o(.text)
    __scatterload                            0x080002f5   Thumb Code    28  init.o(.text)
    __scatterload_rt2                        0x080002f5   Thumb Code     0  init.o(.text)
    Attribute_Modified_CB                    0x08000319   Thumb Code    54  services.o(i.Attribute_Modified_CB)
    BSP_COM_Init                             0x08000375   Thumb Code    66  stm32f4_nucleo_f401re.o(i.BSP_COM_Init)
    BSP_GetTick                              0x080003c5   Thumb Code     4  custom_bus.o(i.BSP_GetTick)
    BSP_LED_Init                             0x080003c9   Thumb Code    74  stm32f4_nucleo_f401re.o(i.BSP_LED_Init)
    BSP_LED_Toggle                           0x08000421   Thumb Code    22  stm32f4_nucleo_f401re.o(i.BSP_LED_Toggle)
    BSP_PB_Callback                          0x08000441   Thumb Code     2  stm32f4_nucleo_f401re.o(i.BSP_PB_Callback)
    BSP_PB_GetState                          0x08000445   Thumb Code    16  stm32f4_nucleo_f401re.o(i.BSP_PB_GetState)
    BSP_PB_Init                              0x0800045d   Thumb Code   154  stm32f4_nucleo_f401re.o(i.BSP_PB_Init)
    BSP_SPI1_Init                            0x08000509   Thumb Code    52  custom_bus.o(i.BSP_SPI1_Init)
    BSP_SPI1_SendRecv                        0x08000549   Thumb Code    30  custom_bus.o(i.BSP_SPI1_SendRecv)
    BusFault_Handler                         0x08000577   Thumb Code     2  stm32f4xx_it.o(i.BusFault_Handler)
    DebugMon_Handler                         0x08000579   Thumb Code     2  stm32f4xx_it.o(i.DebugMon_Handler)
    EXTI0_IRQHandler                         0x0800057d   Thumb Code     6  stm32f4xx_it.o(i.EXTI0_IRQHandler)
    EXTI15_10_IRQHandler                     0x08000589   Thumb Code     8  stm32f4xx_it.o(i.EXTI15_10_IRQHandler)
    Error_Handler                            0x08000591   Thumb Code     2  main.o(i.Error_Handler)
    GAP_ConnectionComplete_CB                0x08000595   Thumb Code    74  services.o(i.GAP_ConnectionComplete_CB)
    GAP_DisconnectionComplet_CB              0x08000621   Thumb Code    34  services.o(i.GAP_DisconnectionComplet_CB)
    HAL_Delay                                0x08000661   Thumb Code    32  stm32f4xx_hal.o(i.HAL_Delay)
    HAL_EXTI_GetHandle                       0x08000685   Thumb Code    12  stm32f4xx_hal_exti.o(i.HAL_EXTI_GetHandle)
    HAL_EXTI_IRQHandler                      0x08000691   Thumb Code    30  stm32f4xx_hal_exti.o(i.HAL_EXTI_IRQHandler)
    HAL_EXTI_RegisterCallback                0x080006b5   Thumb Code    14  stm32f4xx_hal_exti.o(i.HAL_EXTI_RegisterCallback)
    HAL_GPIO_DeInit                          0x080006c5   Thumb Code   304  stm32f4xx_hal_gpio.o(i.HAL_GPIO_DeInit)
    HAL_GPIO_EXTI_Callback                   0x08000819   Thumb Code     2  stm32f4xx_hal_gpio.o(i.HAL_GPIO_EXTI_Callback)
    HAL_GPIO_EXTI_IRQHandler                 0x0800081d   Thumb Code    18  stm32f4xx_hal_gpio.o(i.HAL_GPIO_EXTI_IRQHandler)
    HAL_GPIO_Init                            0x08000835   Thumb Code   384  stm32f4xx_hal_gpio.o(i.HAL_GPIO_Init)
    HAL_GPIO_ReadPin                         0x080009dd   Thumb Code    10  stm32f4xx_hal_gpio.o(i.HAL_GPIO_ReadPin)
    HAL_GPIO_TogglePin                       0x080009e7   Thumb Code    14  stm32f4xx_hal_gpio.o(i.HAL_GPIO_TogglePin)
    HAL_GPIO_WritePin                        0x080009f5   Thumb Code    10  stm32f4xx_hal_gpio.o(i.HAL_GPIO_WritePin)
    HAL_GetTick                              0x08000a01   Thumb Code     6  stm32f4xx_hal.o(i.HAL_GetTick)
    HAL_IncTick                              0x08000a0d   Thumb Code    12  stm32f4xx_hal.o(i.HAL_IncTick)
    HAL_Init                                 0x08000a1d   Thumb Code    48  stm32f4xx_hal.o(i.HAL_Init)
    HAL_InitTick                             0x08000a51   Thumb Code    54  stm32f4xx_hal.o(i.HAL_InitTick)
    HAL_MspInit                              0x08000a91   Thumb Code    42  stm32f4xx_hal_msp.o(i.HAL_MspInit)
    HAL_NVIC_EnableIRQ                       0x08000ac1   Thumb Code    26  stm32f4xx_hal_cortex.o(i.HAL_NVIC_EnableIRQ)
    HAL_NVIC_SetPriority                     0x08000add   Thumb Code    60  stm32f4xx_hal_cortex.o(i.HAL_NVIC_SetPriority)
    HAL_NVIC_SetPriorityGrouping             0x08000b1d   Thumb Code    26  stm32f4xx_hal_cortex.o(i.HAL_NVIC_SetPriorityGrouping)
    HAL_RCC_ClockConfig                      0x08000b41   Thumb Code   288  stm32f4xx_hal_rcc.o(i.HAL_RCC_ClockConfig)
    HAL_RCC_GetPCLK1Freq                     0x08000c75   Thumb Code    20  stm32f4xx_hal_rcc.o(i.HAL_RCC_GetPCLK1Freq)
    HAL_RCC_GetPCLK2Freq                     0x08000c95   Thumb Code    20  stm32f4xx_hal_rcc.o(i.HAL_RCC_GetPCLK2Freq)
    HAL_RCC_GetSysClockFreq                  0x08000cb5   Thumb Code   140  stm32f4xx_hal_rcc_ex.o(i.HAL_RCC_GetSysClockFreq)
    HAL_RCC_OscConfig                        0x08000d4d   Thumb Code   814  stm32f4xx_hal_rcc_ex.o(i.HAL_RCC_OscConfig)
    HAL_SPI_GetState                         0x08001091   Thumb Code     6  stm32f4xx_hal_spi.o(i.HAL_SPI_GetState)
    HAL_SPI_Init                             0x08001097   Thumb Code   128  stm32f4xx_hal_spi.o(i.HAL_SPI_Init)
    HAL_SPI_MspInit                          0x08001117   Thumb Code     2  stm32f4xx_hal_spi.o(i.HAL_SPI_MspInit)
    HAL_SPI_TransmitReceive                  0x08001119   Thumb Code   482  stm32f4xx_hal_spi.o(i.HAL_SPI_TransmitReceive)
    HAL_SYSTICK_Config                       0x080012fb   Thumb Code    40  stm32f4xx_hal_cortex.o(i.HAL_SYSTICK_Config)
    HAL_UART_Init                            0x08001323   Thumb Code    98  stm32f4xx_hal_uart.o(i.HAL_UART_Init)
    HAL_UART_MspInit                         0x08001385   Thumb Code    92  usart.o(i.HAL_UART_MspInit)
    HAL_UART_Transmit                        0x080013ed   Thumb Code   186  stm32f4xx_hal_uart.o(i.HAL_UART_Transmit)
    HCI_TL_SPI_DeInit                        0x080014a9   Thumb Code    32  hci_tl_interface.o(i.HCI_TL_SPI_DeInit)
    HCI_TL_SPI_Init                          0x080014cd   Thumb Code    88  hci_tl_interface.o(i.HCI_TL_SPI_Init)
    HCI_TL_SPI_Receive                       0x08001531   Thumb Code   116  hci_tl_interface.o(i.HCI_TL_SPI_Receive)
    HCI_TL_SPI_Reset                         0x080015b1   Thumb Code    44  hci_tl_interface.o(i.HCI_TL_SPI_Reset)
    HCI_TL_SPI_Send                          0x080015e1   Thumb Code   130  hci_tl_interface.o(i.HCI_TL_SPI_Send)
    HardFault_Handler                        0x08001675   Thumb Code     2  stm32f4xx_it.o(i.HardFault_Handler)
    MX_BlueNRG_MS_Init                       0x08001679   Thumb Code   120  app_x-cube-ble1.o(i.MX_BlueNRG_MS_Init)
    MX_BlueNRG_MS_Process                    0x08001705   Thumb Code    14  app_x-cube-ble1.o(i.MX_BlueNRG_MS_Process)
    MX_GPIO_Init                             0x08001715   Thumb Code   190  gpio.o(i.MX_GPIO_Init)
    MX_SPI1_Init                             0x080017e5   Thumb Code    54  custom_bus.o(i.MX_SPI1_Init)
    MX_USART2_UART_Init                      0x08001821   Thumb Code    48  usart.o(i.MX_USART2_UART_Init)
    Make_Connection                          0x08001859   Thumb Code    54  app_x-cube-ble1.o(i.Make_Connection)
    MemManage_Handler                        0x0800189d   Thumb Code     2  stm32f4xx_it.o(i.MemManage_Handler)
    NMI_Handler                              0x0800189f   Thumb Code     2  stm32f4xx_it.o(i.NMI_Handler)
    PendSV_Handler                           0x080018a1   Thumb Code     2  stm32f4xx_it.o(i.PendSV_Handler)
    SVC_Handler                              0x08001a0d   Thumb Code     2  stm32f4xx_it.o(i.SVC_Handler)
    SysTick_Handler                          0x08001a0f   Thumb Code     4  stm32f4xx_it.o(i.SysTick_Handler)
    SystemClock_Config                       0x08001a15   Thumb Code   126  main.o(i.SystemClock_Config)
    SystemInit                               0x08001a9d   Thumb Code    22  system_stm32f4xx.o(i.SystemInit)
    UsageFault_Handler                       0x08001c45   Thumb Code     2  stm32f4xx_it.o(i.UsageFault_Handler)
    __0snprintf$8                            0x08001c49   Thumb Code    44  printf8.o(i.__0snprintf$8)
    __1snprintf$8                            0x08001c49   Thumb Code     0  printf8.o(i.__0snprintf$8)
    __2snprintf                              0x08001c49   Thumb Code     0  printf8.o(i.__0snprintf$8)
    __scatterload_copy                       0x08001c99   Thumb Code    14  handlers.o(i.__scatterload_copy)
    __scatterload_null                       0x08001ca7   Thumb Code     2  handlers.o(i.__scatterload_null)
    __scatterload_zeroinit                   0x08001ca9   Thumb Code    14  handlers.o(i.__scatterload_zeroinit)
    aci_gap_init_IDB05A1                     0x08002131   Thumb Code   112  bluenrg_gap_aci.o(i.aci_gap_init_IDB05A1)
    aci_gap_set_discoverable                 0x080021a1   Thumb Code   204  bluenrg_gap_aci.o(i.aci_gap_set_discoverable)
    aci_gatt_add_char                        0x0800226d   Thumb Code   182  bluenrg_gatt_aci.o(i.aci_gatt_add_char)
    aci_gatt_add_serv                        0x08002323   Thumb Code   124  bluenrg_gatt_aci.o(i.aci_gatt_add_serv)
    aci_gatt_init                            0x0800239f   Thumb Code    58  bluenrg_gatt_aci.o(i.aci_gatt_init)
    aci_gatt_update_char_value               0x080023d9   Thumb Code   122  bluenrg_gatt_aci.o(i.aci_gatt_update_char_value)
    aci_hal_write_config_data                0x08002453   Thumb Code    94  bluenrg_hal_aci.o(i.aci_hal_write_config_data)
    addService                               0x080024b1   Thumb Code    96  services.o(i.addService)
    hci_init                                 0x08002519   Thumb Code    80  hci_tl.o(i.hci_init)
    hci_le_set_scan_resp_data                0x08002575   Thumb Code    96  hci_le.o(i.hci_le_set_scan_resp_data)
    hci_notify_asynch_evt                    0x080025d5   Thumb Code    94  hci_tl.o(i.hci_notify_asynch_evt)
    hci_register_io_bus                      0x0800263d   Thumb Code    24  hci_tl.o(i.hci_register_io_bus)
    hci_reset                                0x08002659   Thumb Code    54  hci_le.o(i.hci_reset)
    hci_send_req                             0x08002691   Thumb Code   382  hci_tl.o(i.hci_send_req)
    hci_tl_lowlevel_init                     0x08002819   Thumb Code    74  hci_tl_interface.o(i.hci_tl_lowlevel_init)
    hci_tl_lowlevel_isr                      0x08002885   Thumb Code    28  hci_tl_interface.o(i.hci_tl_lowlevel_isr)
    hci_user_evt_proc                        0x080028a5   Thumb Code    50  hci_tl.o(i.hci_user_evt_proc)
    list_get_size                            0x080028e1   Thumb Code    28  ble_list.o(i.list_get_size)
    list_init_head                           0x080028fd   Thumb Code     6  ble_list.o(i.list_init_head)
    list_insert_head                         0x08002903   Thumb Code    24  ble_list.o(i.list_insert_head)
    list_insert_tail                         0x0800291b   Thumb Code    24  ble_list.o(i.list_insert_tail)
    list_is_empty                            0x08002933   Thumb Code    24  ble_list.o(i.list_is_empty)
    list_remove_head                         0x0800294b   Thumb Code    36  ble_list.o(i.list_remove_head)
    list_remove_node                         0x0800296f   Thumb Code    22  ble_list.o(i.list_remove_node)
    list_remove_tail                         0x08002985   Thumb Code    36  ble_list.o(i.list_remove_tail)
    main                                     0x080029a9   Thumb Code    26  main.o(i.main)
    receiveData                              0x080029e9   Thumb Code    40  services.o(i.receiveData)
    sendData                                 0x08002a29   Thumb Code    20  services.o(i.sendData)
    user_notify                              0x08002af5   Thumb Code    64  services.o(i.user_notify)
    service_uuid                             0x08002b34   Data          16  services.o(.constdata)
    char_uuid_tx                             0x08002b44   Data          16  services.o(.constdata)
    char_uuid_rx                             0x08002b54   Data          16  services.o(.constdata)
    AHBPrescTable                            0x08002b70   Data          16  system_stm32f4xx.o(.constdata)
    APBPrescTable                            0x08002b80   Data           8  system_stm32f4xx.o(.constdata)
    Region$$Table$$Base                      0x08002b88   Number         0  anon$$obj.o(Region$$Table)
    Region$$Table$$Limit                     0x08002ba8   Number         0  anon$$obj.o(Region$$Table)
    hexti0                                   0x20000000   Data           8  hci_tl_interface.o(.data)
    btn_init_state                           0x20000008   Data           1  app_x-cube-ble1.o(.data)
    set_connectable                          0x20000010   Data           1  services.o(.data)
    start_read_tx_char_handle                0x20000011   Data           1  services.o(.data)
    start_read_rx_char_handle                0x20000012   Data           1  services.o(.data)
    end_read_tx_char_handle                  0x20000013   Data           1  services.o(.data)
    end_read_rx_char_handle                  0x20000014   Data           1  services.o(.data)
    notification_enabled                     0x20000015   Data           1  services.o(.data)
    connection_handle                        0x20000016   Data           2  services.o(.data)
    servHandle                               0x20000018   Data           2  services.o(.data)
    charTxHandle                             0x2000001a   Data           2  services.o(.data)
    charRxHandle                             0x2000001c   Data           2  services.o(.data)
    connected                                0x20000020   Data           4  services.o(.data)
    COM_USART                                0x20000030   Data           4  stm32f4_nucleo_f401re.o(.data)
    hExtiButtonHandle                        0x2000003c   Data           4  stm32f4_nucleo_f401re.o(.data)
    hexti13                                  0x20000040   Data           8  stm32f4_nucleo_f401re.o(.data)
    uwTickFreq                               0x20000048   Data           1  stm32f4xx_hal.o(.data)
    uwTickPrio                               0x2000004c   Data           4  stm32f4xx_hal.o(.data)
    uwTick                                   0x20000050   Data           4  stm32f4xx_hal.o(.data)
    SystemCoreClock                          0x20000054   Data           4  system_stm32f4xx.o(.data)
    hciReadPktPool                           0x20000058   Data           8  hci_tl.o(.data)
    hciReadPktRxQueue                        0x20000060   Data           8  hci_tl.o(.data)
    huart2                                   0x20000168   Data          64  usart.o(.bss)
    hspi1                                    0x200001a8   Data          88  custom_bus.o(.bss)
    hComHandle                               0x20000200   Data          64  stm32f4_nucleo_f401re.o(.bss)
    __initial_sp                             0x20000920   Data           0  startup_stm32f446xx.o(STACK)



==============================================================================

Memory Map of the image

  Image Entry point : 0x080001c5

  Load Region LR_IROM1 (Base: 0x08000000, Size: 0x00002c10, Max: 0x00080000, ABSOLUTE)

    Execution Region ER_IROM1 (Exec base: 0x08000000, Load base: 0x08000000, Size: 0x00002ba8, Max: 0x00080000, ABSOLUTE)

    Exec Addr    Load Addr    Size         Type   Attr      Idx    E Section Name        Object

    0x08000000   0x08000000   0x000001c4   Data   RO            3    RESET               startup_stm32f446xx.o
    0x080001c4   0x080001c4   0x00000000   Code   RO         3952  * .ARM.Collect$$$$00000000  mc_w.l(entry.o)
    0x080001c4   0x080001c4   0x00000004   Code   RO         4231    .ARM.Collect$$$$00000001  mc_w.l(entry2.o)
    0x080001c8   0x080001c8   0x00000004   Code   RO         4234    .ARM.Collect$$$$00000004  mc_w.l(entry5.o)
    0x080001cc   0x080001cc   0x00000000   Code   RO         4236    .ARM.Collect$$$$00000008  mc_w.l(entry7b.o)
    0x080001cc   0x080001cc   0x00000000   Code   RO         4238    .ARM.Collect$$$$0000000A  mc_w.l(entry8b.o)
    0x080001cc   0x080001cc   0x00000008   Code   RO         4239    .ARM.Collect$$$$0000000B  mc_w.l(entry9a.o)
    0x080001d4   0x080001d4   0x00000000   Code   RO         4241    .ARM.Collect$$$$0000000D  mc_w.l(entry10a.o)
    0x080001d4   0x080001d4   0x00000000   Code   RO         4243    .ARM.Collect$$$$0000000F  mc_w.l(entry11a.o)
    0x080001d4   0x080001d4   0x00000004   Code   RO         4232    .ARM.Collect$$$$00002712  mc_w.l(entry2.o)
    0x080001d8   0x080001d8   0x00000024   Code   RO            4    .text               startup_stm32f446xx.o
    0x080001fc   0x080001fc   0x00000062   Code   RO         3960    .text               mc_w.l(uldiv.o)
    0x0800025e   0x0800025e   0x00000024   Code   RO         3962    .text               mc_w.l(memcpya.o)
    0x08000282   0x08000282   0x00000024   Code   RO         3964    .text               mc_w.l(memseta.o)
    0x080002a6   0x080002a6   0x0000000e   Code   RO         3966    .text               mc_w.l(strlen.o)
    0x080002b4   0x080002b4   0x0000001e   Code   RO         4248    .text               mc_w.l(llshl.o)
    0x080002d2   0x080002d2   0x00000020   Code   RO         4250    .text               mc_w.l(llushr.o)
    0x080002f2   0x080002f2   0x00000002   PAD
    0x080002f4   0x080002f4   0x00000024   Code   RO         4263    .text               mc_w.l(init.o)
    0x08000318   0x08000318   0x0000005c   Code   RO          602    i.Attribute_Modified_CB  services.o
    0x08000374   0x08000374   0x00000050   Code   RO          669    i.BSP_COM_Init      stm32f4_nucleo_f401re.o
    0x080003c4   0x080003c4   0x00000004   Code   RO          419    i.BSP_GetTick       custom_bus.o
    0x080003c8   0x080003c8   0x00000058   Code   RO          674    i.BSP_LED_Init      stm32f4_nucleo_f401re.o
    0x08000420   0x08000420   0x00000020   Code   RO          677    i.BSP_LED_Toggle    stm32f4_nucleo_f401re.o
    0x08000440   0x08000440   0x00000002   Code   RO          678    i.BSP_PB_Callback   stm32f4_nucleo_f401re.o
    0x08000442   0x08000442   0x00000002   PAD
    0x08000444   0x08000444   0x00000018   Code   RO          680    i.BSP_PB_GetState   stm32f4_nucleo_f401re.o
    0x0800045c   0x0800045c   0x000000ac   Code   RO          681    i.BSP_PB_Init       stm32f4_nucleo_f401re.o
    0x08000508   0x08000508   0x00000040   Code   RO          421    i.BSP_SPI1_Init     custom_bus.o
    0x08000548   0x08000548   0x00000024   Code   RO          424    i.BSP_SPI1_SendRecv  custom_bus.o
    0x0800056c   0x0800056c   0x0000000a   Code   RO          682    i.BUTTON_KEY_EXTI_Callback  stm32f4_nucleo_f401re.o
    0x08000576   0x08000576   0x00000002   Code   RO          491    i.BusFault_Handler  stm32f4xx_it.o
    0x08000578   0x08000578   0x00000002   Code   RO          492    i.DebugMon_Handler  stm32f4xx_it.o
    0x0800057a   0x0800057a   0x00000002   PAD
    0x0800057c   0x0800057c   0x0000000c   Code   RO          493    i.EXTI0_IRQHandler  stm32f4xx_it.o
    0x08000588   0x08000588   0x00000008   Code   RO          494    i.EXTI15_10_IRQHandler  stm32f4xx_it.o
    0x08000590   0x08000590   0x00000002   Code   RO           13    i.Error_Handler     main.o
    0x08000592   0x08000592   0x00000002   PAD
    0x08000594   0x08000594   0x0000008c   Code   RO          603    i.GAP_ConnectionComplete_CB  services.o
    0x08000620   0x08000620   0x00000040   Code   RO          604    i.GAP_DisconnectionComplet_CB  services.o
    0x08000660   0x08000660   0x00000024   Code   RO         2098    i.HAL_Delay         stm32f4xx_hal.o
    0x08000684   0x08000684   0x0000000c   Code   RO         2281    i.HAL_EXTI_GetHandle  stm32f4xx_hal_exti.o
    0x08000690   0x08000690   0x00000024   Code   RO         2283    i.HAL_EXTI_IRQHandler  stm32f4xx_hal_exti.o
    0x080006b4   0x080006b4   0x0000000e   Code   RO         2284    i.HAL_EXTI_RegisterCallback  stm32f4xx_hal_exti.o
    0x080006c2   0x080006c2   0x00000002   PAD
    0x080006c4   0x080006c4   0x00000154   Code   RO         1551    i.HAL_GPIO_DeInit   stm32f4xx_hal_gpio.o
    0x08000818   0x08000818   0x00000002   Code   RO         1552    i.HAL_GPIO_EXTI_Callback  stm32f4xx_hal_gpio.o
    0x0800081a   0x0800081a   0x00000002   PAD
    0x0800081c   0x0800081c   0x00000018   Code   RO         1553    i.HAL_GPIO_EXTI_IRQHandler  stm32f4xx_hal_gpio.o
    0x08000834   0x08000834   0x000001a8   Code   RO         1554    i.HAL_GPIO_Init     stm32f4xx_hal_gpio.o
    0x080009dc   0x080009dc   0x0000000a   Code   RO         1556    i.HAL_GPIO_ReadPin  stm32f4xx_hal_gpio.o
    0x080009e6   0x080009e6   0x0000000e   Code   RO         1557    i.HAL_GPIO_TogglePin  stm32f4xx_hal_gpio.o
    0x080009f4   0x080009f4   0x0000000a   Code   RO         1558    i.HAL_GPIO_WritePin  stm32f4xx_hal_gpio.o
    0x080009fe   0x080009fe   0x00000002   PAD
    0x08000a00   0x08000a00   0x0000000c   Code   RO         2104    i.HAL_GetTick       stm32f4xx_hal.o
    0x08000a0c   0x08000a0c   0x00000010   Code   RO         2110    i.HAL_IncTick       stm32f4xx_hal.o
    0x08000a1c   0x08000a1c   0x00000034   Code   RO         2111    i.HAL_Init          stm32f4xx_hal.o
    0x08000a50   0x08000a50   0x00000040   Code   RO         2112    i.HAL_InitTick      stm32f4xx_hal.o
    0x08000a90   0x08000a90   0x00000030   Code   RO          578    i.HAL_MspInit       stm32f4xx_hal_msp.o
    0x08000ac0   0x08000ac0   0x0000001a   Code   RO         1961    i.HAL_NVIC_EnableIRQ  stm32f4xx_hal_cortex.o
    0x08000ada   0x08000ada   0x00000002   PAD
    0x08000adc   0x08000adc   0x00000040   Code   RO         1967    i.HAL_NVIC_SetPriority  stm32f4xx_hal_cortex.o
    0x08000b1c   0x08000b1c   0x00000024   Code   RO         1968    i.HAL_NVIC_SetPriorityGrouping  stm32f4xx_hal_cortex.o
    0x08000b40   0x08000b40   0x00000134   Code   RO         1116    i.HAL_RCC_ClockConfig  stm32f4xx_hal_rcc.o
    0x08000c74   0x08000c74   0x00000020   Code   RO         1123    i.HAL_RCC_GetPCLK1Freq  stm32f4xx_hal_rcc.o
    0x08000c94   0x08000c94   0x00000020   Code   RO         1124    i.HAL_RCC_GetPCLK2Freq  stm32f4xx_hal_rcc.o
    0x08000cb4   0x08000cb4   0x00000098   Code   RO         1227    i.HAL_RCC_GetSysClockFreq  stm32f4xx_hal_rcc_ex.o
    0x08000d4c   0x08000d4c   0x00000344   Code   RO         1228    i.HAL_RCC_OscConfig  stm32f4xx_hal_rcc_ex.o
    0x08001090   0x08001090   0x00000006   Code   RO          802    i.HAL_SPI_GetState  stm32f4xx_hal_spi.o
    0x08001096   0x08001096   0x00000080   Code   RO          804    i.HAL_SPI_Init      stm32f4xx_hal_spi.o
    0x08001116   0x08001116   0x00000002   Code   RO          806    i.HAL_SPI_MspInit   stm32f4xx_hal_spi.o
    0x08001118   0x08001118   0x000001e2   Code   RO          813    i.HAL_SPI_TransmitReceive  stm32f4xx_hal_spi.o
    0x080012fa   0x080012fa   0x00000028   Code   RO         1972    i.HAL_SYSTICK_Config  stm32f4xx_hal_cortex.o
    0x08001322   0x08001322   0x00000062   Code   RO         2410    i.HAL_UART_Init     stm32f4xx_hal_uart.o
    0x08001384   0x08001384   0x00000068   Code   RO          281    i.HAL_UART_MspInit  usart.o
    0x080013ec   0x080013ec   0x000000ba   Code   RO         2418    i.HAL_UART_Transmit  stm32f4xx_hal_uart.o
    0x080014a6   0x080014a6   0x00000002   PAD
    0x080014a8   0x080014a8   0x00000024   Code   RO          195    i.HCI_TL_SPI_DeInit  hci_tl_interface.o
    0x080014cc   0x080014cc   0x00000064   Code   RO          196    i.HCI_TL_SPI_Init   hci_tl_interface.o
    0x08001530   0x08001530   0x00000080   Code   RO          197    i.HCI_TL_SPI_Receive  hci_tl_interface.o
    0x080015b0   0x080015b0   0x00000030   Code   RO          198    i.HCI_TL_SPI_Reset  hci_tl_interface.o
    0x080015e0   0x080015e0   0x00000094   Code   RO          199    i.HCI_TL_SPI_Send   hci_tl_interface.o
    0x08001674   0x08001674   0x00000002   Code   RO          495    i.HardFault_Handler  stm32f4xx_it.o
    0x08001676   0x08001676   0x00000002   PAD
    0x08001678   0x08001678   0x0000008c   Code   RO          322    i.MX_BlueNRG_MS_Init  app_x-cube-ble1.o
    0x08001704   0x08001704   0x0000000e   Code   RO          323    i.MX_BlueNRG_MS_Process  app_x-cube-ble1.o
    0x08001712   0x08001712   0x00000002   PAD
    0x08001714   0x08001714   0x000000d0   Code   RO          171    i.MX_GPIO_Init      gpio.o
    0x080017e4   0x080017e4   0x0000003c   Code   RO          425    i.MX_SPI1_Init      custom_bus.o
    0x08001820   0x08001820   0x00000038   Code   RO          282    i.MX_USART2_UART_Init  usart.o
    0x08001858   0x08001858   0x00000044   Code   RO          324    i.Make_Connection   app_x-cube-ble1.o
    0x0800189c   0x0800189c   0x00000002   Code   RO          496    i.MemManage_Handler  stm32f4xx_it.o
    0x0800189e   0x0800189e   0x00000002   Code   RO          497    i.NMI_Handler       stm32f4xx_it.o
    0x080018a0   0x080018a0   0x00000002   Code   RO          498    i.PendSV_Handler    stm32f4xx_it.o
    0x080018a2   0x080018a2   0x00000002   PAD
    0x080018a4   0x080018a4   0x0000007c   Code   RO          426    i.SPI1_MspInit      custom_bus.o
    0x08001920   0x08001920   0x00000058   Code   RO          842    i.SPI_EndRxTxTransaction  stm32f4xx_hal_spi.o
    0x08001978   0x08001978   0x00000094   Code   RO          847    i.SPI_WaitFlagStateUntilTimeout  stm32f4xx_hal_spi.o
    0x08001a0c   0x08001a0c   0x00000002   Code   RO          499    i.SVC_Handler       stm32f4xx_it.o
    0x08001a0e   0x08001a0e   0x00000004   Code   RO          500    i.SysTick_Handler   stm32f4xx_it.o
    0x08001a12   0x08001a12   0x00000002   PAD
    0x08001a14   0x08001a14   0x00000088   Code   RO           14    i.SystemClock_Config  main.o
    0x08001a9c   0x08001a9c   0x0000001c   Code   RO         2712    i.SystemInit        system_stm32f4xx.o
    0x08001ab8   0x08001ab8   0x00000128   Code   RO         2436    i.UART_SetConfig    stm32f4xx_hal_uart.o
    0x08001be0   0x08001be0   0x00000064   Code   RO         2438    i.UART_WaitOnFlagUntilTimeout  stm32f4xx_hal_uart.o
    0x08001c44   0x08001c44   0x00000002   Code   RO          501    i.UsageFault_Handler  stm32f4xx_it.o
    0x08001c46   0x08001c46   0x00000002   PAD
    0x08001c48   0x08001c48   0x00000030   Code   RO         4178    i.__0snprintf$8     mc_w.l(printf8.o)
    0x08001c78   0x08001c78   0x00000020   Code   RO         1974    i.__NVIC_SetPriority  stm32f4xx_hal_cortex.o
    0x08001c98   0x08001c98   0x0000000e   Code   RO         4271    i.__scatterload_copy  mc_w.l(handlers.o)
    0x08001ca6   0x08001ca6   0x00000002   Code   RO         4272    i.__scatterload_null  mc_w.l(handlers.o)
    0x08001ca8   0x08001ca8   0x0000000e   Code   RO         4273    i.__scatterload_zeroinit  mc_w.l(handlers.o)
    0x08001cb6   0x08001cb6   0x00000002   PAD
    0x08001cb8   0x08001cb8   0x00000410   Code   RO         4184    i._printf_core      mc_w.l(printf8.o)
    0x080020c8   0x080020c8   0x00000024   Code   RO         4185    i._printf_post_padding  mc_w.l(printf8.o)
    0x080020ec   0x080020ec   0x0000002e   Code   RO         4186    i._printf_pre_padding  mc_w.l(printf8.o)
    0x0800211a   0x0800211a   0x00000016   Code   RO         4187    i._snputc           mc_w.l(printf8.o)
    0x08002130   0x08002130   0x00000070   Code   RO         3020    i.aci_gap_init_IDB05A1  bluenrg_gap_aci.o
    0x080021a0   0x080021a0   0x000000cc   Code   RO         3031    i.aci_gap_set_discoverable  bluenrg_gap_aci.o
    0x0800226c   0x0800226c   0x000000b6   Code   RO         3286    i.aci_gatt_add_char  bluenrg_gatt_aci.o
    0x08002322   0x08002322   0x0000007c   Code   RO         3288    i.aci_gatt_add_serv  bluenrg_gatt_aci.o
    0x0800239e   0x0800239e   0x0000003a   Code   RO         3302    i.aci_gatt_init     bluenrg_gatt_aci.o
    0x080023d8   0x080023d8   0x0000007a   Code   RO         3315    i.aci_gatt_update_char_value  bluenrg_gatt_aci.o
    0x08002452   0x08002452   0x0000005e   Code   RO         3571    i.aci_hal_write_config_data  bluenrg_hal_aci.o
    0x080024b0   0x080024b0   0x00000068   Code   RO          605    i.addService        services.o
    0x08002518   0x08002518   0x0000005c   Code   RO         2749    i.hci_init          hci_tl.o
    0x08002574   0x08002574   0x00000060   Code   RO         2830    i.hci_le_set_scan_resp_data  hci_le.o
    0x080025d4   0x080025d4   0x00000068   Code   RO         2750    i.hci_notify_asynch_evt  hci_tl.o
    0x0800263c   0x0800263c   0x0000001c   Code   RO         2751    i.hci_register_io_bus  hci_tl.o
    0x08002658   0x08002658   0x00000036   Code   RO         2836    i.hci_reset         hci_le.o
    0x0800268e   0x0800268e   0x00000002   PAD
    0x08002690   0x08002690   0x00000188   Code   RO         2752    i.hci_send_req      hci_tl.o
    0x08002818   0x08002818   0x0000006c   Code   RO          200    i.hci_tl_lowlevel_init  hci_tl_interface.o
    0x08002884   0x08002884   0x00000020   Code   RO          201    i.hci_tl_lowlevel_isr  hci_tl_interface.o
    0x080028a4   0x080028a4   0x0000003c   Code   RO         2753    i.hci_user_evt_proc  hci_tl.o
    0x080028e0   0x080028e0   0x0000001c   Code   RO         3801    i.list_get_size     ble_list.o
    0x080028fc   0x080028fc   0x00000006   Code   RO         3802    i.list_init_head    ble_list.o
    0x08002902   0x08002902   0x00000018   Code   RO         3803    i.list_insert_head  ble_list.o
    0x0800291a   0x0800291a   0x00000018   Code   RO         3806    i.list_insert_tail  ble_list.o
    0x08002932   0x08002932   0x00000018   Code   RO         3807    i.list_is_empty     ble_list.o
    0x0800294a   0x0800294a   0x00000024   Code   RO         3808    i.list_remove_head  ble_list.o
    0x0800296e   0x0800296e   0x00000016   Code   RO         3809    i.list_remove_node  ble_list.o
    0x08002984   0x08002984   0x00000024   Code   RO         3810    i.list_remove_tail  ble_list.o
    0x080029a8   0x080029a8   0x0000001a   Code   RO           15    i.main              main.o
    0x080029c2   0x080029c2   0x00000024   Code   RO         2754    i.move_list         hci_tl.o
    0x080029e6   0x080029e6   0x00000002   PAD
    0x080029e8   0x080029e8   0x00000040   Code   RO          606    i.receiveData       services.o
    0x08002a28   0x08002a28   0x00000018   Code   RO          607    i.sendData          services.o
    0x08002a40   0x08002a40   0x000000b4   Code   RO          325    i.userChat          app_x-cube-ble1.o
    0x08002af4   0x08002af4   0x00000040   Code   RO          608    i.user_notify       services.o
    0x08002b34   0x08002b34   0x00000030   Data   RO          610    .constdata          services.o
    0x08002b64   0x08002b64   0x0000000c   Data   RO          686    .constdata          stm32f4_nucleo_f401re.o
    0x08002b70   0x08002b70   0x00000010   Data   RO         2713    .constdata          system_stm32f4xx.o
    0x08002b80   0x08002b80   0x00000008   Data   RO         2714    .constdata          system_stm32f4xx.o
    0x08002b88   0x08002b88   0x00000020   Data   RO         4269    Region$$Table       anon$$obj.o


    Execution Region RW_IRAM1 (Exec base: 0x20000000, Load base: 0x08002ba8, Size: 0x00000920, Max: 0x00020000, ABSOLUTE)

    Exec Addr    Load Addr    Size         Type   Attr      Idx    E Section Name        Object

    0x20000000   0x08002ba8   0x00000008   Data   RW          203    .data               hci_tl_interface.o
    0x20000008   0x08002bb0   0x00000001   Data   RW          326    .data               app_x-cube-ble1.o
    0x20000009   0x08002bb1   0x00000003   PAD
    0x2000000c   0x08002bb4   0x00000004   Data   RW          428    .data               custom_bus.o
    0x20000010   0x08002bb8   0x00000014   Data   RW          611    .data               services.o
    0x20000024   0x08002bcc   0x00000024   Data   RW          688    .data               stm32f4_nucleo_f401re.o
    0x20000048   0x08002bf0   0x0000000c   Data   RW         2118    .data               stm32f4xx_hal.o
    0x20000054   0x08002bfc   0x00000004   Data   RW         2715    .data               system_stm32f4xx.o
    0x20000058   0x08002c00   0x00000010   Data   RW         2756    .data               hci_tl.o
    0x20000068        -       0x000000ff   Zero   RW          202    .bss                hci_tl_interface.o
    0x20000167   0x08002c10   0x00000001   PAD
    0x20000168        -       0x00000040   Zero   RW          283    .bss                usart.o
    0x200001a8        -       0x00000058   Zero   RW          427    .bss                custom_bus.o
    0x20000200        -       0x00000040   Zero   RW          685    .bss                stm32f4_nucleo_f401re.o
    0x20000240        -       0x000002dc   Zero   RW         2755    .bss                hci_tl.o
    0x2000051c   0x08002c10   0x00000004   PAD
    0x20000520        -       0x00000400   Zero   RW            1    STACK               startup_stm32f446xx.o


==============================================================================

Image component sizes


      Code (inc. data)   RO Data    RW Data    ZI Data      Debug   Object Name

       402         94          0          1          0      45240   app_x-cube-ble1.o
       200          0          0          0          0      12096   ble_list.o
       316          0          0          0          0       3042   bluenrg_gap_aci.o
       486          0          0          0          0       5077   bluenrg_gatt_aci.o
        94          0          0          0          0       1636   bluenrg_hal_aci.o
       288         38          0          4         88       3737   custom_bus.o
       208         18          0          0          0       1027   gpio.o
       150          0          0          0          0       2144   hci_le.o
       712         46          0         16        732       6643   hci_tl.o
       600         88          0          8        255       7230   hci_tl_interface.o
       164         10          0          0          0     688704   main.o
       552        170         48         20          0       6031   services.o
        36          8        452          0       1024        864   startup_stm32f446xx.o
       408         64         12         36         64       6243   stm32f4_nucleo_f401re.o
       180         28          0         12          0       9497   stm32f4xx_hal.o
       198         14          0          0          0      34275   stm32f4xx_hal_cortex.o
        62          6          0          0          0       2619   stm32f4xx_hal_exti.o
       824         82          0          0          0       6022   stm32f4xx_hal_gpio.o
        48          6          0          0          0        890   stm32f4xx_hal_msp.o
       372         44          0          0          0       3014   stm32f4xx_hal_rcc.o
       988         34          0          0          0       2802   stm32f4xx_hal_rcc_ex.o
       854          8          0          0          0       6066   stm32f4xx_hal_spi.o
       680         10          0          0          0       4264   stm32f4xx_hal_uart.o
        40          6          0          0          0       5340   stm32f4xx_it.o
        28          6         24          4          0       1275   system_stm32f4xx.o
       160         20          0          0         64       1794   usart.o

    ----------------------------------------------------------------------
      9080        800        568        104       2232     867572   Object Totals
         0          0         32          0          0          0   (incl. Generated)
        30          0          0          3          5          0   (incl. Padding)

    ----------------------------------------------------------------------

      Code (inc. data)   RO Data    RW Data    ZI Data      Debug   Library Member Name

         0          0          0          0          0          0   entry.o
         0          0          0          0          0          0   entry10a.o
         0          0          0          0          0          0   entry11a.o
         8          4          0          0          0          0   entry2.o
         4          0          0          0          0          0   entry5.o
         0          0          0          0          0          0   entry7b.o
         0          0          0          0          0          0   entry8b.o
         8          4          0          0          0          0   entry9a.o
        30          0          0          0          0          0   handlers.o
        36          8          0          0          0         68   init.o
        30          0          0          0          0         68   llshl.o
        32          0          0          0          0         68   llushr.o
        36          0          0          0          0         68   memcpya.o
        36          0          0          0          0        108   memseta.o
      1192         48          0          0          0        420   printf8.o
        14          0          0          0          0         68   strlen.o
        98          0          0          0          0         92   uldiv.o

    ----------------------------------------------------------------------
      1528         64          0          0          0        960   Library Totals
         4          0          0          0          0          0   (incl. Padding)

    ----------------------------------------------------------------------

      Code (inc. data)   RO Data    RW Data    ZI Data      Debug   Library Name

      1524         64          0          0          0        960   mc_w.l

    ----------------------------------------------------------------------
      1528         64          0          0          0        960   Library Totals

    ----------------------------------------------------------------------

==============================================================================


      Code (inc. data)   RO Data    RW Data    ZI Data      Debug   

     10608        864        568        104       2232     858420   Grand Totals
     10608        864        568        104       2232     858420   ELF Image Totals
     10608        864        568        104          0          0   ROM Totals

==============================================================================

    Total RO  Size (Code + RO Data)                11176 (  10.91kB)
    Total RW  Size (RW Data + ZI Data)              2336 (   2.28kB)
    Total ROM Size (Code + RO Data + RW Data)      11280 (  11.02kB)

==============================================================================

