<html>
<body>
<pre>
<h1>µVision Build Log</h1>
<h2>Tool Versions:</h2>
IDE-Version: µVision V5.28.0.0
Copyright (C) 2019 ARM Ltd and ARM Germany GmbH. All rights reserved.
License Information: Pranit Ekt, aa, LIC=----
 
Tool Versions:
Toolchain:       MDK-Lite  Version: 5.28.0.0
Toolchain Path:  C:\Keil_v5\ARM\ARMCC\Bin
C Compiler:      Armcc.exe V5.06 update 6 (build 750)
Assembler:       Armasm.exe V5.06 update 6 (build 750)
Linker/Locator:  ArmLink.exe V5.06 update 6 (build 750)
Library Manager: ArmAr.exe V5.06 update 6 (build 750)
Hex Converter:   FromElf.exe V5.06 update 6 (build 750)
CPU DLL:         SARMCM3.DLL V5.28.0.0
Dialog DLL:      DCM.DLL V1.17.3.0
Target DLL:      STLink\ST-LINKIII-KEIL_SWO.dll V3.0.6.0
Dialog DLL:      TCM.DLL V1.36.2.0
 
<h2>Project:</h2>
L:\BLE\Bluetooth_Low_Energy\01_Advertising\MDK-ARM\01_Advertising.uvprojx
Project File Date:  11/10/2020

<h2>Output:</h2>
*** Using Compiler 'V5.06 update 6 (build 750)', folder: 'C:\Keil_v5\ARM\ARMCC\Bin'
Rebuild target '01_Advertising'
assembling startup_stm32f446xx.s...
compiling main.c...
compiling gpio.c...
compiling hci_tl_interface.c...
compiling usart.c...
compiling stm32f4xx_nucleo_bus.c...
compiling stm32f4xx_it.c...
compiling stm32f4xx_hal_msp.c...
compiling app_x-cube-ble1.c...
app_x-cube-ble1.c(45): warning:  #550-D: variable "ret"  was set but never used
    tBleStatus ret;
app_x-cube-ble1.c: 1 warning, 0 errors
compiling stm32f4xx_hal_spi.c...
compiling stm32f4xx_hal_rcc.c...
compiling stm32f4xx_hal_rcc_ex.c...
compiling stm32f4xx_hal_flash.c...
compiling stm32f4xx_hal_flash_ex.c...
compiling stm32f4xx_hal_flash_ramfunc.c...
compiling stm32f4xx_hal_gpio.c...
compiling stm32f4xx_hal_dma_ex.c...
compiling stm32f4xx_hal_dma.c...
compiling stm32f4xx_hal_pwr.c...
compiling stm32f4xx_hal_pwr_ex.c...
compiling stm32f4xx_hal_cortex.c...
compiling stm32f4xx_hal.c...
compiling stm32f4xx_hal_exti.c...
compiling stm32f4xx_hal_tim.c...
compiling stm32f4xx_hal_tim_ex.c...
compiling stm32f4xx_hal_uart.c...
compiling system_stm32f4xx.c...
compiling hci_tl.c...
compiling hci_le.c...
compiling bluenrg_gap_aci.c...
compiling bluenrg_IFR.c...
../Middlewares/ST/BlueNRG-MS/hci/controller/bluenrg_IFR.c(356): warning:  #1215-D: #warning directive: BLUENRG_CONFIG not valid
  #warning BLUENRG_CONFIG not valid
../Middlewares/ST/BlueNRG-MS/hci/controller/bluenrg_IFR.c: 1 warning, 0 errors
compiling bluenrg_gatt_aci.c...
compiling bluenrg_hal_aci.c...
compiling bluenrg_l2cap_aci.c...
compiling bluenrg_updater_aci.c...
compiling bluenrg_utils_small.c...
compiling ble_list.c...
linking...
Program Size: Code=7474 RO-data=510 RW-data=44 ZI-data=2164  
FromELF: creating hex file...
"01_Advertising\01_Advertising.axf" - 0 Error(s), 2 Warning(s).

<h2>Software Packages used:</h2>

Package Vendor: ARM
                http://www.keil.com/pack/ARM.CMSIS.5.5.1.pack
                ARM.CMSIS.5.5.1
                CMSIS (Cortex Microcontroller Software Interface Standard)
   * Component: CORE Version: 5.2.0

Package Vendor: Keil
                http://www.keil.com/pack/Keil.STM32F4xx_DFP.2.14.0.pack
                Keil.STM32F4xx_DFP.2.14.0
                STMicroelectronics STM32F4 Series Device Support, Drivers and Examples

<h2>Collection of Component include folders:</h2>
  .\RTE\_01_Advertising
  C:\Users\Shiv\AppData\Local\Arm\Packs\ARM\CMSIS\5.5.1\CMSIS\Core\Include
  C:\Users\Shiv\AppData\Local\Arm\Packs\Keil\STM32F4xx_DFP\2.14.0\Drivers\CMSIS\Device\ST\STM32F4xx\Include

<h2>Collection of Component Files used:</h2>

   * Component: ARM::CMSIS:CORE:5.2.0
Build Time Elapsed:  00:03:45
</pre>
</body>
</html>
